<?xml version="1.0"?>
<link_info>
   <banner>TMS320C55x Linker PC v4.4.1</banner>
   <copyright>Copyright (c) 1996-2012 Texas Instruments Incorporated</copyright>
   <link_time>0x62b56740</link_time>
   <output_file>P6_Bsc_guitar_test_uden_floats.out</output_file>
   <entry_point>
      <name>_c_int00</name>
      <address>0x3d934</address>
   </entry_point>
   <input_file_list>
      <input_file id="fl-2">
         <path>.\</path>
         <kind>object</kind>
         <file>main.obj</file>
         <name>main.obj</name>
      </input_file>
      <input_file id="fl-3">
         <path>.\include\</path>
         <kind>object</kind>
         <file>aic3204.obj</file>
         <name>aic3204.obj</name>
      </input_file>
      <input_file id="fl-4">
         <path>.\include\</path>
         <kind>object</kind>
         <file>aic3204_init.obj</file>
         <name>aic3204_init.obj</name>
      </input_file>
      <input_file id="fl-5">
         <path>.\include\</path>
         <kind>object</kind>
         <file>ezdsp5535.obj</file>
         <name>ezdsp5535.obj</name>
      </input_file>
      <input_file id="fl-6">
         <path>.\include\</path>
         <kind>object</kind>
         <file>ezdsp5535_gpio.obj</file>
         <name>ezdsp5535_gpio.obj</name>
      </input_file>
      <input_file id="fl-7">
         <path>.\include\</path>
         <kind>object</kind>
         <file>ezdsp5535_i2c.obj</file>
         <name>ezdsp5535_i2c.obj</name>
      </input_file>
      <input_file id="fl-8">
         <path>.\src\</path>
         <kind>object</kind>
         <file>csl_audioClass.obj</file>
         <name>csl_audioClass.obj</name>
      </input_file>
      <input_file id="fl-9">
         <path>.\src\</path>
         <kind>object</kind>
         <file>csl_cdc.obj</file>
         <name>csl_cdc.obj</name>
      </input_file>
      <input_file id="fl-a">
         <path>.\src\</path>
         <kind>object</kind>
         <file>csl_dat.obj</file>
         <name>csl_dat.obj</name>
      </input_file>
      <input_file id="fl-b">
         <path>.\src\</path>
         <kind>object</kind>
         <file>csl_dma.obj</file>
         <name>csl_dma.obj</name>
      </input_file>
      <input_file id="fl-c">
         <path>.\src\</path>
         <kind>object</kind>
         <file>csl_gpio.obj</file>
         <name>csl_gpio.obj</name>
      </input_file>
      <input_file id="fl-d">
         <path>.\src\</path>
         <kind>object</kind>
         <file>csl_gpt.obj</file>
         <name>csl_gpt.obj</name>
      </input_file>
      <input_file id="fl-e">
         <path>.\src\</path>
         <kind>object</kind>
         <file>csl_i2c.obj</file>
         <name>csl_i2c.obj</name>
      </input_file>
      <input_file id="fl-f">
         <path>.\src\</path>
         <kind>object</kind>
         <file>csl_i2s.obj</file>
         <name>csl_i2s.obj</name>
      </input_file>
      <input_file id="fl-10">
         <path>.\src\</path>
         <kind>object</kind>
         <file>csl_intc.obj</file>
         <name>csl_intc.obj</name>
      </input_file>
      <input_file id="fl-11">
         <path>.\src\</path>
         <kind>object</kind>
         <file>csl_irqplug.obj</file>
         <name>csl_irqplug.obj</name>
      </input_file>
      <input_file id="fl-12">
         <path>.\src\</path>
         <kind>object</kind>
         <file>csl_lcdc.obj</file>
         <name>csl_lcdc.obj</name>
      </input_file>
      <input_file id="fl-13">
         <path>.\src\</path>
         <kind>object</kind>
         <file>csl_mem.obj</file>
         <name>csl_mem.obj</name>
      </input_file>
      <input_file id="fl-14">
         <path>.\src\</path>
         <kind>object</kind>
         <file>csl_mmcsd.obj</file>
         <name>csl_mmcsd.obj</name>
      </input_file>
      <input_file id="fl-15">
         <path>.\src\</path>
         <kind>object</kind>
         <file>csl_mmcsd_ataIf.obj</file>
         <name>csl_mmcsd_ataIf.obj</name>
      </input_file>
      <input_file id="fl-16">
         <path>.\src\</path>
         <kind>object</kind>
         <file>csl_msc.obj</file>
         <name>csl_msc.obj</name>
      </input_file>
      <input_file id="fl-17">
         <path>.\src\</path>
         <kind>object</kind>
         <file>csl_nand.obj</file>
         <name>csl_nand.obj</name>
      </input_file>
      <input_file id="fl-18">
         <path>.\src\</path>
         <kind>object</kind>
         <file>csl_pll.obj</file>
         <name>csl_pll.obj</name>
      </input_file>
      <input_file id="fl-19">
         <path>.\src\</path>
         <kind>object</kind>
         <file>csl_rtc.obj</file>
         <name>csl_rtc.obj</name>
      </input_file>
      <input_file id="fl-1a">
         <path>.\src\</path>
         <kind>object</kind>
         <file>csl_sar.obj</file>
         <name>csl_sar.obj</name>
      </input_file>
      <input_file id="fl-1b">
         <path>.\src\</path>
         <kind>object</kind>
         <file>csl_sdio.obj</file>
         <name>csl_sdio.obj</name>
      </input_file>
      <input_file id="fl-1c">
         <path>.\src\</path>
         <kind>object</kind>
         <file>csl_spi.obj</file>
         <name>csl_spi.obj</name>
      </input_file>
      <input_file id="fl-1d">
         <path>.\src\</path>
         <kind>object</kind>
         <file>csl_uart.obj</file>
         <name>csl_uart.obj</name>
      </input_file>
      <input_file id="fl-1e">
         <path>.\src\</path>
         <kind>object</kind>
         <file>csl_usb.obj</file>
         <name>csl_usb.obj</name>
      </input_file>
      <input_file id="fl-1f">
         <path>.\src\</path>
         <kind>object</kind>
         <file>csl_wdt.obj</file>
         <name>csl_wdt.obj</name>
      </input_file>
      <input_file id="fl-20">
         <path>.\src\</path>
         <kind>object</kind>
         <file>vectors.obj</file>
         <name>vectors.obj</name>
      </input_file>
      <input_file id="fl-25">
         <path>C:\ti\ccs1110\ccs\tools\compiler\c5500_4.4.1\lib\</path>
         <kind>archive</kind>
         <file>rts55x.lib</file>
         <name>addd.obj</name>
      </input_file>
      <input_file id="fl-26">
         <path>C:\ti\ccs1110\ccs\tools\compiler\c5500_4.4.1\lib\</path>
         <kind>archive</kind>
         <file>rts55x.lib</file>
         <name>boot.obj</name>
      </input_file>
      <input_file id="fl-27">
         <path>C:\ti\ccs1110\ccs\tools\compiler\c5500_4.4.1\lib\</path>
         <kind>archive</kind>
         <file>rts55x.lib</file>
         <name>divd.obj</name>
      </input_file>
      <input_file id="fl-28">
         <path>C:\ti\ccs1110\ccs\tools\compiler\c5500_4.4.1\lib\</path>
         <kind>archive</kind>
         <file>rts55x.lib</file>
         <name>divul.obj</name>
      </input_file>
      <input_file id="fl-29">
         <path>C:\ti\ccs1110\ccs\tools\compiler\c5500_4.4.1\lib\</path>
         <kind>archive</kind>
         <file>rts55x.lib</file>
         <name>exit.obj</name>
      </input_file>
      <input_file id="fl-2a">
         <path>C:\ti\ccs1110\ccs\tools\compiler\c5500_4.4.1\lib\</path>
         <kind>archive</kind>
         <file>rts55x.lib</file>
         <name>fixdi.obj</name>
      </input_file>
      <input_file id="fl-2b">
         <path>C:\ti\ccs1110\ccs\tools\compiler\c5500_4.4.1\lib\</path>
         <kind>archive</kind>
         <file>rts55x.lib</file>
         <name>fixdli.obj</name>
      </input_file>
      <input_file id="fl-2c">
         <path>C:\ti\ccs1110\ccs\tools\compiler\c5500_4.4.1\lib\</path>
         <kind>archive</kind>
         <file>rts55x.lib</file>
         <name>fltud.obj</name>
      </input_file>
      <input_file id="fl-2d">
         <path>C:\ti\ccs1110\ccs\tools\compiler\c5500_4.4.1\lib\</path>
         <kind>archive</kind>
         <file>rts55x.lib</file>
         <name>fltuld.obj</name>
      </input_file>
      <input_file id="fl-2e">
         <path>C:\ti\ccs1110\ccs\tools\compiler\c5500_4.4.1\lib\</path>
         <kind>archive</kind>
         <file>rts55x.lib</file>
         <name>frcmpyd_div.obj</name>
      </input_file>
      <input_file id="fl-2f">
         <path>C:\ti\ccs1110\ccs\tools\compiler\c5500_4.4.1\lib\</path>
         <kind>archive</kind>
         <file>rts55x.lib</file>
         <name>lmpy.obj</name>
      </input_file>
      <input_file id="fl-30">
         <path>C:\ti\ccs1110\ccs\tools\compiler\c5500_4.4.1\lib\</path>
         <kind>archive</kind>
         <file>rts55x.lib</file>
         <name>memset.obj</name>
      </input_file>
      <input_file id="fl-31">
         <path>C:\ti\ccs1110\ccs\tools\compiler\c5500_4.4.1\lib\</path>
         <kind>archive</kind>
         <file>rts55x.lib</file>
         <name>mpyd.obj</name>
      </input_file>
      <input_file id="fl-32">
         <path>C:\ti\ccs1110\ccs\tools\compiler\c5500_4.4.1\lib\</path>
         <kind>archive</kind>
         <file>rts55x.lib</file>
         <name>pow.obj</name>
      </input_file>
      <input_file id="fl-33">
         <path>C:\ti\ccs1110\ccs\tools\compiler\c5500_4.4.1\lib\</path>
         <kind>archive</kind>
         <file>rts55x.lib</file>
         <name>printf.obj</name>
      </input_file>
      <input_file id="fl-34">
         <path>C:\ti\ccs1110\ccs\tools\compiler\c5500_4.4.1\lib\</path>
         <kind>archive</kind>
         <file>rts55x.lib</file>
         <name>remul.obj</name>
      </input_file>
      <input_file id="fl-35">
         <path>C:\ti\ccs1110\ccs\tools\compiler\c5500_4.4.1\lib\</path>
         <kind>archive</kind>
         <file>rts55x.lib</file>
         <name>round.obj</name>
      </input_file>
      <input_file id="fl-36">
         <path>C:\ti\ccs1110\ccs\tools\compiler\c5500_4.4.1\lib\</path>
         <kind>archive</kind>
         <file>rts55x.lib</file>
         <name>strlen.obj</name>
      </input_file>
      <input_file id="fl-37">
         <path>C:\ti\ccs1110\ccs\tools\compiler\c5500_4.4.1\lib\</path>
         <kind>archive</kind>
         <file>rts55x.lib</file>
         <name>subd.obj</name>
      </input_file>
      <input_file id="fl-38">
         <path>C:\ti\ccs1110\ccs\tools\compiler\c5500_4.4.1\lib\</path>
         <kind>archive</kind>
         <file>rts55x.lib</file>
         <name>trunc.obj</name>
      </input_file>
      <input_file id="fl-39">
         <path>C:\ti\ccs1110\ccs\tools\compiler\c5500_4.4.1\lib\</path>
         <kind>archive</kind>
         <file>rts55x.lib</file>
         <name>udiv.obj</name>
      </input_file>
      <input_file id="fl-3a">
         <path>C:\ti\ccs1110\ccs\tools\compiler\c5500_4.4.1\lib\</path>
         <kind>archive</kind>
         <file>rts55x.lib</file>
         <name>vectors.obj</name>
      </input_file>
      <input_file id="fl-3b">
         <path>C:\ti\ccs1110\ccs\tools\compiler\c5500_4.4.1\lib\</path>
         <kind>archive</kind>
         <file>rts55x.lib</file>
         <name>_lock.obj</name>
      </input_file>
      <input_file id="fl-3c">
         <path>C:\ti\ccs1110\ccs\tools\compiler\c5500_4.4.1\lib\</path>
         <kind>archive</kind>
         <file>rts55x.lib</file>
         <name>_printfi.obj</name>
      </input_file>
      <input_file id="fl-3d">
         <path>C:\ti\ccs1110\ccs\tools\compiler\c5500_4.4.1\lib\</path>
         <kind>archive</kind>
         <file>rts55x.lib</file>
         <name>args_main.obj</name>
      </input_file>
      <input_file id="fl-3e">
         <path>C:\ti\ccs1110\ccs\tools\compiler\c5500_4.4.1\lib\</path>
         <kind>archive</kind>
         <file>rts55x.lib</file>
         <name>atoi.obj</name>
      </input_file>
      <input_file id="fl-3f">
         <path>C:\ti\ccs1110\ccs\tools\compiler\c5500_4.4.1\lib\</path>
         <kind>archive</kind>
         <file>rts55x.lib</file>
         <name>autoinit.obj</name>
      </input_file>
      <input_file id="fl-40">
         <path>C:\ti\ccs1110\ccs\tools\compiler\c5500_4.4.1\lib\</path>
         <kind>archive</kind>
         <file>rts55x.lib</file>
         <name>cmpd.obj</name>
      </input_file>
      <input_file id="fl-41">
         <path>C:\ti\ccs1110\ccs\tools\compiler\c5500_4.4.1\lib\</path>
         <kind>archive</kind>
         <file>rts55x.lib</file>
         <name>ctype.obj</name>
      </input_file>
      <input_file id="fl-42">
         <path>C:\ti\ccs1110\ccs\tools\compiler\c5500_4.4.1\lib\</path>
         <kind>archive</kind>
         <file>rts55x.lib</file>
         <name>defs.obj</name>
      </input_file>
      <input_file id="fl-43">
         <path>C:\ti\ccs1110\ccs\tools\compiler\c5500_4.4.1\lib\</path>
         <kind>archive</kind>
         <file>rts55x.lib</file>
         <name>errno.obj</name>
      </input_file>
      <input_file id="fl-44">
         <path>C:\ti\ccs1110\ccs\tools\compiler\c5500_4.4.1\lib\</path>
         <kind>archive</kind>
         <file>rts55x.lib</file>
         <name>fltid.obj</name>
      </input_file>
      <input_file id="fl-45">
         <path>C:\ti\ccs1110\ccs\tools\compiler\c5500_4.4.1\lib\</path>
         <kind>archive</kind>
         <file>rts55x.lib</file>
         <name>fltlid.obj</name>
      </input_file>
      <input_file id="fl-46">
         <path>C:\ti\ccs1110\ccs\tools\compiler\c5500_4.4.1\lib\</path>
         <kind>archive</kind>
         <file>rts55x.lib</file>
         <name>fputc.obj</name>
      </input_file>
      <input_file id="fl-47">
         <path>C:\ti\ccs1110\ccs\tools\compiler\c5500_4.4.1\lib\</path>
         <kind>archive</kind>
         <file>rts55x.lib</file>
         <name>fputs.obj</name>
      </input_file>
      <input_file id="fl-48">
         <path>C:\ti\ccs1110\ccs\tools\compiler\c5500_4.4.1\lib\</path>
         <kind>archive</kind>
         <file>rts55x.lib</file>
         <name>frcmpyd.obj</name>
      </input_file>
      <input_file id="fl-49">
         <path>C:\ti\ccs1110\ccs\tools\compiler\c5500_4.4.1\lib\</path>
         <kind>archive</kind>
         <file>rts55x.lib</file>
         <name>frexp.obj</name>
      </input_file>
      <input_file id="fl-4a">
         <path>C:\ti\ccs1110\ccs\tools\compiler\c5500_4.4.1\lib\</path>
         <kind>archive</kind>
         <file>rts55x.lib</file>
         <name>isinf.obj</name>
      </input_file>
      <input_file id="fl-4b">
         <path>C:\ti\ccs1110\ccs\tools\compiler\c5500_4.4.1\lib\</path>
         <kind>archive</kind>
         <file>rts55x.lib</file>
         <name>ldexp.obj</name>
      </input_file>
      <input_file id="fl-4c">
         <path>C:\ti\ccs1110\ccs\tools\compiler\c5500_4.4.1\lib\</path>
         <kind>archive</kind>
         <file>rts55x.lib</file>
         <name>llmpy.obj</name>
      </input_file>
      <input_file id="fl-4d">
         <path>C:\ti\ccs1110\ccs\tools\compiler\c5500_4.4.1\lib\</path>
         <kind>archive</kind>
         <file>rts55x.lib</file>
         <name>lowlev.obj</name>
      </input_file>
      <input_file id="fl-4e">
         <path>C:\ti\ccs1110\ccs\tools\compiler\c5500_4.4.1\lib\</path>
         <kind>archive</kind>
         <file>rts55x.lib</file>
         <name>ltoa.obj</name>
      </input_file>
      <input_file id="fl-4f">
         <path>C:\ti\ccs1110\ccs\tools\compiler\c5500_4.4.1\lib\</path>
         <kind>archive</kind>
         <file>rts55x.lib</file>
         <name>memccpy.obj</name>
      </input_file>
      <input_file id="fl-50">
         <path>C:\ti\ccs1110\ccs\tools\compiler\c5500_4.4.1\lib\</path>
         <kind>archive</kind>
         <file>rts55x.lib</file>
         <name>memcpy.obj</name>
      </input_file>
      <input_file id="fl-51">
         <path>C:\ti\ccs1110\ccs\tools\compiler\c5500_4.4.1\lib\</path>
         <kind>archive</kind>
         <file>rts55x.lib</file>
         <name>modf.obj</name>
      </input_file>
      <input_file id="fl-52">
         <path>C:\ti\ccs1110\ccs\tools\compiler\c5500_4.4.1\lib\</path>
         <kind>archive</kind>
         <file>rts55x.lib</file>
         <name>negd.obj</name>
      </input_file>
      <input_file id="fl-53">
         <path>C:\ti\ccs1110\ccs\tools\compiler\c5500_4.4.1\lib\</path>
         <kind>archive</kind>
         <file>rts55x.lib</file>
         <name>remli.obj</name>
      </input_file>
      <input_file id="fl-54">
         <path>C:\ti\ccs1110\ccs\tools\compiler\c5500_4.4.1\lib\</path>
         <kind>archive</kind>
         <file>rts55x.lib</file>
         <name>trgdrv.obj</name>
      </input_file>
      <input_file id="fl-55">
         <path>C:\ti\ccs1110\ccs\tools\compiler\c5500_4.4.1\lib\</path>
         <kind>archive</kind>
         <file>rts55x.lib</file>
         <name>trgmsg.obj</name>
      </input_file>
      <input_file id="fl-56">
         <path>C:\ti\ccs1110\ccs\tools\compiler\c5500_4.4.1\lib\</path>
         <kind>archive</kind>
         <file>rts55x.lib</file>
         <name>_io_perm.obj</name>
      </input_file>
      <input_file id="fl-57">
         <path>C:\ti\ccs1110\ccs\tools\compiler\c5500_4.4.1\lib\</path>
         <kind>archive</kind>
         <file>rts55x.lib</file>
         <name>divli.obj</name>
      </input_file>
      <input_file id="fl-58">
         <path>C:\ti\ccs1110\ccs\tools\compiler\c5500_4.4.1\lib\</path>
         <kind>archive</kind>
         <file>rts55x.lib</file>
         <name>fflush.obj</name>
      </input_file>
      <input_file id="fl-59">
         <path>C:\ti\ccs1110\ccs\tools\compiler\c5500_4.4.1\lib\</path>
         <kind>archive</kind>
         <file>rts55x.lib</file>
         <name>fseek.obj</name>
      </input_file>
      <input_file id="fl-5a">
         <path>C:\ti\ccs1110\ccs\tools\compiler\c5500_4.4.1\lib\</path>
         <kind>archive</kind>
         <file>rts55x.lib</file>
         <name>setvbuf.obj</name>
      </input_file>
      <input_file id="fl-5b">
         <path>C:\ti\ccs1110\ccs\tools\compiler\c5500_4.4.1\lib\</path>
         <kind>archive</kind>
         <file>rts55x.lib</file>
         <name>fopen.obj</name>
      </input_file>
      <input_file id="fl-5c">
         <path>C:\ti\ccs1110\ccs\tools\compiler\c5500_4.4.1\lib\</path>
         <kind>archive</kind>
         <file>rts55x.lib</file>
         <name>memory.obj</name>
      </input_file>
      <input_file id="fl-5d">
         <path>C:\ti\ccs1110\ccs\tools\compiler\c5500_4.4.1\lib\</path>
         <kind>archive</kind>
         <file>rts55x.lib</file>
         <name>fclose.obj</name>
      </input_file>
      <input_file id="fl-5e">
         <path>C:\ti\ccs1110\ccs\tools\compiler\c5500_4.4.1\lib\</path>
         <kind>archive</kind>
         <file>rts55x.lib</file>
         <name>remove.obj</name>
      </input_file>
   </input_file_list>
   <object_component_list>
      <object_component id="oc-78">
         <name>.text</name>
         <load_address>0x20000</load_address>
         <run_address>0x20000</run_address>
         <size>0x4408</size>
         <input_file_ref idref="fl-14"/>
      </object_component>
      <object_component id="oc-84">
         <name>.text</name>
         <load_address>0x24408</load_address>
         <run_address>0x24408</run_address>
         <size>0x2b24</size>
         <input_file_ref idref="fl-16"/>
      </object_component>
      <object_component id="oc-9d">
         <name>.text</name>
         <load_address>0x26f2c</load_address>
         <run_address>0x26f2c</run_address>
         <size>0x29ff</size>
         <input_file_ref idref="fl-1b"/>
      </object_component>
      <object_component id="oc-ad">
         <name>.text</name>
         <load_address>0x2992b</load_address>
         <run_address>0x2992b</run_address>
         <size>0x2198</size>
         <input_file_ref idref="fl-1e"/>
      </object_component>
      <object_component id="oc-48">
         <name>.text</name>
         <load_address>0x2bac3</load_address>
         <run_address>0x2bac3</run_address>
         <size>0x18a0</size>
         <input_file_ref idref="fl-b"/>
      </object_component>
      <object_component id="oc-124">
         <name>.text</name>
         <load_address>0x2d363</load_address>
         <run_address>0x2d363</run_address>
         <size>0x15a4</size>
         <input_file_ref idref="fl-3c"/>
      </object_component>
      <object_component id="oc-89">
         <name>.text</name>
         <load_address>0x2e907</load_address>
         <run_address>0x2e907</run_address>
         <size>0x11ce</size>
         <input_file_ref idref="fl-17"/>
      </object_component>
      <object_component id="oc-a8">
         <name>.text</name>
         <load_address>0x2fad5</load_address>
         <run_address>0x2fad5</run_address>
         <size>0x10e1</size>
         <input_file_ref idref="fl-1d"/>
      </object_component>
      <object_component id="oc-43">
         <name>.text</name>
         <load_address>0x30bb6</load_address>
         <run_address>0x30bb6</run_address>
         <size>0xdbe</size>
         <input_file_ref idref="fl-a"/>
      </object_component>
      <object_component id="oc-38">
         <name>.text</name>
         <load_address>0x31974</load_address>
         <run_address>0x31974</run_address>
         <size>0xd62</size>
         <input_file_ref idref="fl-8"/>
      </object_component>
      <object_component id="oc-3d">
         <name>.text</name>
         <load_address>0x326d6</load_address>
         <run_address>0x326d6</run_address>
         <size>0xc59</size>
         <input_file_ref idref="fl-9"/>
      </object_component>
      <object_component id="oc-57">
         <name>.text</name>
         <load_address>0x3332f</load_address>
         <run_address>0x3332f</run_address>
         <size>0xc3c</size>
         <input_file_ref idref="fl-e"/>
      </object_component>
      <object_component id="oc-7d">
         <name>.text</name>
         <load_address>0x33f6b</load_address>
         <run_address>0x33f6b</run_address>
         <size>0xb26</size>
         <input_file_ref idref="fl-15"/>
      </object_component>
      <object_component id="oc-98">
         <name>.text</name>
         <load_address>0x34a91</load_address>
         <run_address>0x34a91</run_address>
         <size>0xb18</size>
         <input_file_ref idref="fl-1a"/>
      </object_component>
      <object_component id="oc-12">
         <name>.text</name>
         <load_address>0x355a9</load_address>
         <run_address>0x355a9</run_address>
         <size>0xa00</size>
         <input_file_ref idref="fl-2"/>
      </object_component>
      <object_component id="oc-5d">
         <name>.text</name>
         <load_address>0x35fa9</load_address>
         <run_address>0x35fa9</run_address>
         <size>0x9db</size>
         <input_file_ref idref="fl-f"/>
      </object_component>
      <object_component id="oc-93">
         <name>.text</name>
         <load_address>0x36984</load_address>
         <run_address>0x36984</run_address>
         <size>0x895</size>
         <input_file_ref idref="fl-19"/>
      </object_component>
      <object_component id="oc-6e">
         <name>.text</name>
         <load_address>0x37219</load_address>
         <run_address>0x37219</run_address>
         <size>0x831</size>
         <input_file_ref idref="fl-12"/>
      </object_component>
      <object_component id="oc-4d">
         <name>.text</name>
         <load_address>0x37a4a</load_address>
         <run_address>0x37a4a</run_address>
         <size>0x68d</size>
         <input_file_ref idref="fl-c"/>
      </object_component>
      <object_component id="oc-a2">
         <name>.text</name>
         <load_address>0x380d7</load_address>
         <run_address>0x380d7</run_address>
         <size>0x5b4</size>
         <input_file_ref idref="fl-1c"/>
      </object_component>
      <object_component id="oc-f5">
         <name>.text</name>
         <load_address>0x3868b</load_address>
         <run_address>0x3868b</run_address>
         <size>0x5a6</size>
         <input_file_ref idref="fl-32"/>
      </object_component>
      <object_component id="oc-16c">
         <name>.text</name>
         <load_address>0x38c31</load_address>
         <run_address>0x38c31</run_address>
         <size>0x543</size>
         <input_file_ref idref="fl-4d"/>
      </object_component>
      <object_component id="oc-21">
         <name>.text</name>
         <load_address>0x39174</load_address>
         <run_address>0x39174</run_address>
         <size>0x540</size>
         <input_file_ref idref="fl-4"/>
      </object_component>
      <object_component id="oc-18b">
         <name>.text</name>
         <load_address>0x396b4</load_address>
         <run_address>0x396b4</run_address>
         <size>0x528</size>
         <input_file_ref idref="fl-54"/>
      </object_component>
      <object_component id="oc-64">
         <name>.text</name>
         <load_address>0x39bdc</load_address>
         <run_address>0x39bdc</run_address>
         <size>0x51f</size>
         <input_file_ref idref="fl-10"/>
      </object_component>
      <object_component id="oc-1b0">
         <name>.text</name>
         <load_address>0x3a0fb</load_address>
         <run_address>0x3a0fb</run_address>
         <size>0x4b5</size>
         <input_file_ref idref="fl-5c"/>
      </object_component>
      <object_component id="oc-16">
         <name>.text:retain</name>
         <load_address>0x3a5b0</load_address>
         <run_address>0x3a5b0</run_address>
         <size>0x46e</size>
         <input_file_ref idref="fl-2"/>
      </object_component>
      <object_component id="oc-c5">
         <name>.text</name>
         <load_address>0x3aa1e</load_address>
         <run_address>0x3aa1e</run_address>
         <size>0x3cc</size>
         <input_file_ref idref="fl-27"/>
      </object_component>
      <object_component id="oc-73">
         <name>.text</name>
         <load_address>0x3adea</load_address>
         <run_address>0x3adea</run_address>
         <size>0x33e</size>
         <input_file_ref idref="fl-13"/>
      </object_component>
      <object_component id="oc-52">
         <name>.text</name>
         <load_address>0x3b128</load_address>
         <run_address>0x3b128</run_address>
         <size>0x2eb</size>
         <input_file_ref idref="fl-d"/>
      </object_component>
      <object_component id="oc-8e">
         <name>.text</name>
         <load_address>0x3b413</load_address>
         <run_address>0x3b413</run_address>
         <size>0x2a8</size>
         <input_file_ref idref="fl-18"/>
      </object_component>
      <object_component id="oc-1aa">
         <name>.text</name>
         <load_address>0x3b6bb</load_address>
         <run_address>0x3b6bb</run_address>
         <size>0x27f</size>
         <input_file_ref idref="fl-5b"/>
      </object_component>
      <object_component id="oc-168">
         <name>.text</name>
         <load_address>0x3b93a</load_address>
         <run_address>0x3b93a</run_address>
         <size>0x25e</size>
         <input_file_ref idref="fl-4c"/>
      </object_component>
      <object_component id="oc-b3">
         <name>.text</name>
         <load_address>0x3bb98</load_address>
         <run_address>0x3bb98</run_address>
         <size>0x25c</size>
         <input_file_ref idref="fl-1f"/>
      </object_component>
      <object_component id="oc-bd">
         <name>.text</name>
         <load_address>0x3bdf4</load_address>
         <run_address>0x3bdf4</run_address>
         <size>0x25a</size>
         <input_file_ref idref="fl-25"/>
      </object_component>
      <object_component id="oc-136">
         <name>.text</name>
         <load_address>0x3c04e</load_address>
         <run_address>0x3c04e</run_address>
         <size>0x1ea</size>
         <input_file_ref idref="fl-40"/>
      </object_component>
      <object_component id="oc-31">
         <name>.text</name>
         <load_address>0x3c238</load_address>
         <run_address>0x3c238</run_address>
         <size>0x1c9</size>
         <input_file_ref idref="fl-7"/>
      </object_component>
      <object_component id="oc-1b">
         <name>.text</name>
         <load_address>0x3c401</load_address>
         <run_address>0x3c401</run_address>
         <size>0x187</size>
         <input_file_ref idref="fl-3"/>
      </object_component>
      <object_component id="oc-151">
         <name>.text</name>
         <load_address>0x3c588</load_address>
         <run_address>0x3c588</run_address>
         <size>0x163</size>
         <input_file_ref idref="fl-47"/>
      </object_component>
      <object_component id="oc-2c">
         <name>.text</name>
         <load_address>0x3c6eb</load_address>
         <run_address>0x3c6eb</run_address>
         <size>0x15d</size>
         <input_file_ref idref="fl-6"/>
      </object_component>
      <object_component id="oc-f1">
         <name>.text</name>
         <load_address>0x3c848</load_address>
         <run_address>0x3c848</run_address>
         <size>0x14c</size>
         <input_file_ref idref="fl-31"/>
      </object_component>
      <object_component id="oc-163">
         <name>.text</name>
         <load_address>0x3c994</load_address>
         <run_address>0x3c994</run_address>
         <size>0xf2</size>
         <input_file_ref idref="fl-4b"/>
      </object_component>
      <object_component id="oc-1a6">
         <name>.text</name>
         <load_address>0x3ca86</load_address>
         <run_address>0x3ca86</run_address>
         <size>0xe6</size>
         <input_file_ref idref="fl-5a"/>
      </object_component>
      <object_component id="oc-196">
         <name>.text</name>
         <load_address>0x3cb6c</load_address>
         <run_address>0x3cb6c</run_address>
         <size>0xdd</size>
         <input_file_ref idref="fl-56"/>
      </object_component>
      <object_component id="oc-15a">
         <name>.text</name>
         <load_address>0x3cc49</load_address>
         <run_address>0x3cc49</run_address>
         <size>0xcc</size>
         <input_file_ref idref="fl-49"/>
      </object_component>
      <object_component id="oc-19e">
         <name>.text</name>
         <load_address>0x3cd15</load_address>
         <run_address>0x3cd15</run_address>
         <size>0xc2</size>
         <input_file_ref idref="fl-58"/>
      </object_component>
      <object_component id="oc-17e">
         <name>.text</name>
         <load_address>0x3cdd7</load_address>
         <run_address>0x3cdd7</run_address>
         <size>0xbf</size>
         <input_file_ref idref="fl-51"/>
      </object_component>
      <object_component id="oc-193">
         <name>.text:CIO_breakpoint</name>
         <load_address>0x3ce96</load_address>
         <run_address>0x3ce96</run_address>
         <size>0xba</size>
         <input_file_ref idref="fl-55"/>
      </object_component>
      <object_component id="oc-14d">
         <name>.text</name>
         <load_address>0x3cf50</load_address>
         <run_address>0x3cf50</run_address>
         <size>0xa6</size>
         <input_file_ref idref="fl-46"/>
      </object_component>
      <object_component id="oc-c9">
         <name>.text</name>
         <load_address>0x3cff6</load_address>
         <run_address>0x3cff6</run_address>
         <size>0xa1</size>
         <input_file_ref idref="fl-28"/>
      </object_component>
      <object_component id="oc-6a">
         <name>.text</name>
         <load_address>0x3d097</load_address>
         <run_address>0x3d097</run_address>
         <size>0x8c</size>
         <input_file_ref idref="fl-11"/>
      </object_component>
      <object_component id="oc-172">
         <name>.text</name>
         <load_address>0x3d123</load_address>
         <run_address>0x3d123</run_address>
         <size>0x7d</size>
         <input_file_ref idref="fl-4e"/>
      </object_component>
      <object_component id="oc-1b7">
         <name>.text</name>
         <load_address>0x3d1a0</load_address>
         <run_address>0x3d1a0</run_address>
         <size>0x7b</size>
         <input_file_ref idref="fl-5d"/>
      </object_component>
      <object_component id="oc-156">
         <name>.text</name>
         <load_address>0x3d21b</load_address>
         <run_address>0x3d21b</run_address>
         <size>0x76</size>
         <input_file_ref idref="fl-48"/>
      </object_component>
      <object_component id="oc-e5">
         <name>.text</name>
         <load_address>0x3d291</load_address>
         <run_address>0x3d291</run_address>
         <size>0x73</size>
         <input_file_ref idref="fl-2e"/>
      </object_component>
      <object_component id="oc-100">
         <name>.text</name>
         <load_address>0x3d304</load_address>
         <run_address>0x3d304</run_address>
         <size>0x72</size>
         <input_file_ref idref="fl-34"/>
      </object_component>
      <object_component id="oc-d8">
         <name>.text</name>
         <load_address>0x3d376</load_address>
         <run_address>0x3d376</run_address>
         <size>0x6f</size>
         <input_file_ref idref="fl-2b"/>
      </object_component>
      <object_component id="oc-190">
         <name>.text</name>
         <load_address>0x3d3e5</load_address>
         <run_address>0x3d3e5</run_address>
         <size>0x6d</size>
         <input_file_ref idref="fl-55"/>
      </object_component>
      <object_component id="oc-b8">
         <name>.text</name>
         <load_address>0x3d452</load_address>
         <run_address>0x3d452</run_address>
         <size>0x6d</size>
         <input_file_ref idref="fl-20"/>
      </object_component>
      <object_component id="oc-1a2">
         <name>.text</name>
         <load_address>0x3d4bf</load_address>
         <run_address>0x3d4bf</run_address>
         <size>0x6b</size>
         <input_file_ref idref="fl-59"/>
      </object_component>
      <object_component id="oc-148">
         <name>.text</name>
         <load_address>0x3d52a</load_address>
         <run_address>0x3d52a</run_address>
         <size>0x67</size>
         <input_file_ref idref="fl-45"/>
      </object_component>
      <object_component id="oc-104">
         <name>.text</name>
         <load_address>0x3d591</load_address>
         <run_address>0x3d591</run_address>
         <size>0x5f</size>
         <input_file_ref idref="fl-35"/>
      </object_component>
      <object_component id="oc-12e">
         <name>.text</name>
         <load_address>0x3d5f0</load_address>
         <run_address>0x3d5f0</run_address>
         <size>0x5c</size>
         <input_file_ref idref="fl-3e"/>
      </object_component>
      <object_component id="oc-e0">
         <name>.text</name>
         <load_address>0x3d64c</load_address>
         <run_address>0x3d64c</run_address>
         <size>0x5b</size>
         <input_file_ref idref="fl-2d"/>
      </object_component>
      <object_component id="oc-27">
         <name>.text</name>
         <load_address>0x3d6a7</load_address>
         <run_address>0x3d6a7</run_address>
         <size>0x54</size>
         <input_file_ref idref="fl-5"/>
      </object_component>
      <object_component id="oc-fc">
         <name>.text</name>
         <load_address>0x3d6fb</load_address>
         <run_address>0x3d6fb</run_address>
         <size>0x50</size>
         <input_file_ref idref="fl-33"/>
      </object_component>
      <object_component id="oc-132">
         <name>.text</name>
         <load_address>0x3d74b</load_address>
         <run_address>0x3d74b</run_address>
         <size>0x4d</size>
         <input_file_ref idref="fl-3f"/>
      </object_component>
      <object_component id="oc-12a">
         <name>.text</name>
         <load_address>0x3d798</load_address>
         <run_address>0x3d798</run_address>
         <size>0x4b</size>
         <input_file_ref idref="fl-3d"/>
      </object_component>
      <object_component id="oc-187">
         <name>.text</name>
         <load_address>0x3d7e3</load_address>
         <run_address>0x3d7e3</run_address>
         <size>0x4b</size>
         <input_file_ref idref="fl-53"/>
      </object_component>
      <object_component id="oc-19a">
         <name>.text</name>
         <load_address>0x3d82e</load_address>
         <run_address>0x3d82e</run_address>
         <size>0x48</size>
         <input_file_ref idref="fl-57"/>
      </object_component>
      <object_component id="oc-111">
         <name>.text</name>
         <load_address>0x3d876</load_address>
         <run_address>0x3d876</run_address>
         <size>0x41</size>
         <input_file_ref idref="fl-38"/>
      </object_component>
      <object_component id="oc-17a">
         <name>.text</name>
         <load_address>0x3d8b7</load_address>
         <run_address>0x3d8b7</run_address>
         <size>0x3f</size>
         <input_file_ref idref="fl-50"/>
      </object_component>
      <object_component id="oc-cd">
         <name>.text</name>
         <load_address>0x3d8f6</load_address>
         <run_address>0x3d8f6</run_address>
         <size>0x3e</size>
         <input_file_ref idref="fl-29"/>
      </object_component>
      <object_component id="oc-10">
         <name>.text</name>
         <load_address>0x3d934</load_address>
         <run_address>0x3d934</run_address>
         <size>0x34</size>
         <input_file_ref idref="fl-26"/>
      </object_component>
      <object_component id="oc-d4">
         <name>.text</name>
         <load_address>0x3d968</load_address>
         <run_address>0x3d968</run_address>
         <size>0x2a</size>
         <input_file_ref idref="fl-2a"/>
      </object_component>
      <object_component id="oc-116">
         <name>.text</name>
         <load_address>0x3d992</load_address>
         <run_address>0x3d992</run_address>
         <size>0x2a</size>
         <input_file_ref idref="fl-39"/>
      </object_component>
      <object_component id="oc-176">
         <name>.text</name>
         <load_address>0x3d9bc</load_address>
         <run_address>0x3d9bc</run_address>
         <size>0x23</size>
         <input_file_ref idref="fl-4f"/>
      </object_component>
      <object_component id="oc-15f">
         <name>.text</name>
         <load_address>0x3d9df</load_address>
         <run_address>0x3d9df</run_address>
         <size>0x1a</size>
         <input_file_ref idref="fl-4a"/>
      </object_component>
      <object_component id="oc-10d">
         <name>.text</name>
         <load_address>0x3d9f9</load_address>
         <run_address>0x3d9f9</run_address>
         <size>0x14</size>
         <input_file_ref idref="fl-37"/>
      </object_component>
      <object_component id="oc-e9">
         <name>.text</name>
         <load_address>0x3da0d</load_address>
         <run_address>0x3da0d</run_address>
         <size>0x13</size>
         <input_file_ref idref="fl-2f"/>
      </object_component>
      <object_component id="oc-11e">
         <name>.text</name>
         <load_address>0x3da20</load_address>
         <run_address>0x3da20</run_address>
         <size>0x12</size>
         <input_file_ref idref="fl-3b"/>
      </object_component>
      <object_component id="oc-ed">
         <name>.text</name>
         <load_address>0x3da32</load_address>
         <run_address>0x3da32</run_address>
         <size>0x11</size>
         <input_file_ref idref="fl-30"/>
      </object_component>
      <object_component id="oc-109">
         <name>.text</name>
         <load_address>0x3da43</load_address>
         <run_address>0x3da43</run_address>
         <size>0x11</size>
         <input_file_ref idref="fl-36"/>
      </object_component>
      <object_component id="oc-183">
         <name>.text</name>
         <load_address>0x3da54</load_address>
         <run_address>0x3da54</run_address>
         <size>0x10</size>
         <input_file_ref idref="fl-52"/>
      </object_component>
      <object_component id="oc-dc">
         <name>.text</name>
         <load_address>0x3da64</load_address>
         <run_address>0x3da64</run_address>
         <size>0xe</size>
         <input_file_ref idref="fl-2c"/>
      </object_component>
      <object_component id="oc-144">
         <name>.text</name>
         <load_address>0x3da72</load_address>
         <run_address>0x3da72</run_address>
         <size>0xc</size>
         <input_file_ref idref="fl-44"/>
      </object_component>
      <object_component id="oc-1bb">
         <name>.text</name>
         <load_address>0x3da7e</load_address>
         <run_address>0x3da7e</run_address>
         <size>0xa</size>
         <input_file_ref idref="fl-5e"/>
      </object_component>
      <object_component id="oc-d1">
         <name>.text:CIO_breakpoint</name>
         <load_address>0x3da88</load_address>
         <run_address>0x3da88</run_address>
         <size>0x7</size>
         <input_file_ref idref="fl-29"/>
      </object_component>
      <object_component id="oc-11a">
         <name>.text</name>
         <load_address>0x3da8f</load_address>
         <run_address>0x3da8f</run_address>
         <size>0x2</size>
         <input_file_ref idref="fl-3a"/>
      </object_component>
      <object_component id="oc-c1">
         <name>.stack</name>
         <uninitialized>true</uninitialized>
         <run_address>0xc0</run_address>
         <size>0x0</size>
         <input_file_ref idref="fl-26"/>
      </object_component>
      <object_component id="oc-1e0">
         <name>.stack</name>
         <uninitialized>true</uninitialized>
         <run_address>0xc0</run_address>
         <size>0x0</size>
      </object_component>
      <object_component id="oc-1bf">
         <name>.sysstack</name>
         <uninitialized>true</uninitialized>
         <run_address>0x20c0</run_address>
         <size>0x0</size>
         <input_file_ref idref="fl-26"/>
      </object_component>
      <object_component id="oc-1e2">
         <name>.sysstack</name>
         <uninitialized>true</uninitialized>
         <run_address>0x20c0</run_address>
         <size>0x0</size>
      </object_component>
      <object_component id="oc-13">
         <name>.bss</name>
         <uninitialized>true</uninitialized>
         <run_address>0x30c0</run_address>
         <size>0x7fde</size>
         <input_file_ref idref="fl-2"/>
      </object_component>
      <object_component id="oc-140">
         <name>.bss</name>
         <uninitialized>true</uninitialized>
         <run_address>0xb09e</run_address>
         <size>0x2</size>
         <input_file_ref idref="fl-43"/>
      </object_component>
      <object_component id="oc-7e">
         <name>.bss</name>
         <uninitialized>true</uninitialized>
         <run_address>0xb0a0</run_address>
         <size>0xa1a</size>
         <input_file_ref idref="fl-15"/>
      </object_component>
      <object_component id="oc-1ab">
         <name>.bss</name>
         <uninitialized>true</uninitialized>
         <run_address>0xbaba</run_address>
         <size>0x2</size>
         <input_file_ref idref="fl-5b"/>
      </object_component>
      <object_component id="oc-ae">
         <name>.bss</name>
         <uninitialized>true</uninitialized>
         <run_address>0xbabc</run_address>
         <size>0x37c</size>
         <input_file_ref idref="fl-1e"/>
      </object_component>
      <object_component id="oc-13c">
         <name>.bss</name>
         <uninitialized>true</uninitialized>
         <run_address>0xbe38</run_address>
         <size>0x232</size>
         <input_file_ref idref="fl-42"/>
      </object_component>
      <object_component id="oc-18c">
         <name>.bss</name>
         <uninitialized>true</uninitialized>
         <run_address>0xc06a</run_address>
         <size>0x1a0</size>
         <input_file_ref idref="fl-54"/>
      </object_component>
      <object_component id="oc-65">
         <name>.bss</name>
         <uninitialized>true</uninitialized>
         <run_address>0xc20c</run_address>
         <size>0x108</size>
         <input_file_ref idref="fl-10"/>
      </object_component>
      <object_component id="oc-16d">
         <name>.bss</name>
         <uninitialized>true</uninitialized>
         <run_address>0xc314</run_address>
         <size>0xe2</size>
         <input_file_ref idref="fl-4d"/>
      </object_component>
      <object_component id="oc-f6">
         <name>.bss</name>
         <uninitialized>true</uninitialized>
         <run_address>0xc3f8</run_address>
         <size>0x74</size>
         <input_file_ref idref="fl-32"/>
      </object_component>
      <object_component id="oc-5e">
         <name>.bss</name>
         <uninitialized>true</uninitialized>
         <run_address>0xc46c</run_address>
         <size>0x54</size>
         <input_file_ref idref="fl-f"/>
      </object_component>
      <object_component id="oc-58">
         <name>.bss</name>
         <uninitialized>true</uninitialized>
         <run_address>0xc4c0</run_address>
         <size>0x24</size>
         <input_file_ref idref="fl-e"/>
      </object_component>
      <object_component id="oc-1b1">
         <name>.bss</name>
         <uninitialized>true</uninitialized>
         <run_address>0xc4e4</run_address>
         <size>0xc</size>
         <input_file_ref idref="fl-5c"/>
      </object_component>
      <object_component id="oc-11f">
         <name>.bss</name>
         <uninitialized>true</uninitialized>
         <run_address>0xc4f0</run_address>
         <size>0x8</size>
         <input_file_ref idref="fl-3b"/>
      </object_component>
      <object_component id="oc-ce">
         <name>.bss</name>
         <uninitialized>true</uninitialized>
         <run_address>0xc4f8</run_address>
         <size>0x8</size>
         <input_file_ref idref="fl-29"/>
      </object_component>
      <object_component id="oc-1c">
         <name>.bss</name>
         <uninitialized>true</uninitialized>
         <run_address>0xc500</run_address>
         <size>0x6</size>
         <input_file_ref idref="fl-3"/>
      </object_component>
      <object_component id="oc-a3">
         <name>.bss</name>
         <uninitialized>true</uninitialized>
         <run_address>0xc506</run_address>
         <size>0x6</size>
         <input_file_ref idref="fl-1c"/>
      </object_component>
      <object_component id="oc-32">
         <name>.bss</name>
         <uninitialized>true</uninitialized>
         <run_address>0xc50c</run_address>
         <size>0x4</size>
         <input_file_ref idref="fl-7"/>
      </object_component>
      <object_component id="oc-23">
         <name>.const:.string</name>
         <load_address>0xe510</load_address>
         <run_address>0xe510</run_address>
         <size>0x2e8</size>
         <input_file_ref idref="fl-4"/>
      </object_component>
      <object_component id="oc-1c8">
         <name>.const:__ctypes_</name>
         <load_address>0xe7f8</load_address>
         <run_address>0xe7f8</run_address>
         <size>0x202</size>
         <input_file_ref idref="fl-41"/>
      </object_component>
      <object_component id="oc-3f">
         <name>.const:.string</name>
         <load_address>0xe9fc</load_address>
         <run_address>0xe9fc</run_address>
         <size>0x102</size>
         <input_file_ref idref="fl-9"/>
      </object_component>
      <object_component id="oc-17">
         <name>.const</name>
         <load_address>0xeb00</load_address>
         <run_address>0xeb00</run_address>
         <size>0x4c</size>
         <input_file_ref idref="fl-2"/>
      </object_component>
      <object_component id="oc-127">
         <name>.const:.string</name>
         <load_address>0xeb4c</load_address>
         <run_address>0xeb4c</run_address>
         <size>0x48</size>
         <input_file_ref idref="fl-3c"/>
      </object_component>
      <object_component id="oc-f9">
         <name>.const</name>
         <load_address>0xeb94</load_address>
         <run_address>0xeb94</run_address>
         <size>0x38</size>
         <input_file_ref idref="fl-32"/>
      </object_component>
      <object_component id="oc-126">
         <name>.const</name>
         <load_address>0xebcc</load_address>
         <run_address>0xebcc</run_address>
         <size>0x18</size>
         <input_file_ref idref="fl-3c"/>
      </object_component>
      <object_component id="oc-165">
         <name>.const</name>
         <load_address>0xebe4</load_address>
         <run_address>0xebe4</run_address>
         <size>0x14</size>
         <input_file_ref idref="fl-4b"/>
      </object_component>
      <object_component id="oc-1c7">
         <name>.const:_initial_approx$1</name>
         <load_address>0xebf8</load_address>
         <run_address>0xebf8</run_address>
         <size>0x10</size>
         <input_file_ref idref="fl-27"/>
      </object_component>
      <object_component id="oc-15c">
         <name>.const</name>
         <load_address>0xec08</load_address>
         <run_address>0xec08</run_address>
         <size>0x10</size>
         <input_file_ref idref="fl-49"/>
      </object_component>
      <object_component id="oc-106">
         <name>.const</name>
         <load_address>0xec18</load_address>
         <run_address>0xec18</run_address>
         <size>0x10</size>
         <input_file_ref idref="fl-35"/>
      </object_component>
      <object_component id="oc-180">
         <name>.const</name>
         <load_address>0xec28</load_address>
         <run_address>0xec28</run_address>
         <size>0xc</size>
         <input_file_ref idref="fl-51"/>
      </object_component>
      <object_component id="oc-113">
         <name>.const</name>
         <load_address>0xec34</load_address>
         <run_address>0xec34</run_address>
         <size>0x8</size>
         <input_file_ref idref="fl-38"/>
      </object_component>
      <object_component id="oc-153">
         <name>.const:.string</name>
         <load_address>0xec3c</load_address>
         <run_address>0xec3c</run_address>
         <size>0x4</size>
         <input_file_ref idref="fl-47"/>
      </object_component>
      <object_component id="oc-14a">
         <name>.const</name>
         <load_address>0xec40</load_address>
         <run_address>0xec40</run_address>
         <size>0x4</size>
         <input_file_ref idref="fl-45"/>
      </object_component>
      <object_component id="oc-e2">
         <name>.const</name>
         <load_address>0xec44</load_address>
         <run_address>0xec44</run_address>
         <size>0x4</size>
         <input_file_ref idref="fl-2d"/>
      </object_component>
      <object_component id="oc-1b4">
         <name>.sysmem</name>
         <uninitialized>true</uninitialized>
         <run_address>0xc510</run_address>
         <size>0x0</size>
         <input_file_ref idref="fl-5c"/>
      </object_component>
      <object_component id="oc-1e1">
         <name>.sysmem</name>
         <uninitialized>true</uninitialized>
         <run_address>0xc510</run_address>
         <size>0x0</size>
      </object_component>
      <object_component id="oc-1c5">
         <name>.switch:_SDIO_eventDisable</name>
         <load_address>0x40518</load_address>
         <run_address>0x40518</run_address>
         <size>0x44</size>
         <input_file_ref idref="fl-1b"/>
      </object_component>
      <object_component id="oc-1c4">
         <name>.switch:_SDIO_eventEnable</name>
         <load_address>0x4055c</load_address>
         <run_address>0x4055c</run_address>
         <size>0x44</size>
         <input_file_ref idref="fl-1b"/>
      </object_component>
      <object_component id="oc-1c0">
         <name>.switch:_DMA_config</name>
         <load_address>0x405a0</load_address>
         <run_address>0x405a0</run_address>
         <size>0x40</size>
         <input_file_ref idref="fl-b"/>
      </object_component>
      <object_component id="oc-1c1">
         <name>.switch:_DMA_getConfig</name>
         <load_address>0x405e0</load_address>
         <run_address>0x405e0</run_address>
         <size>0x40</size>
         <input_file_ref idref="fl-b"/>
      </object_component>
      <object_component id="oc-1c2">
         <name>.switch:_DMA_reset</name>
         <load_address>0x40620</load_address>
         <run_address>0x40620</run_address>
         <size>0x40</size>
         <input_file_ref idref="fl-b"/>
      </object_component>
      <object_component id="oc-1c6">
         <name>.switch:_USB_coreEventProcessEp0</name>
         <load_address>0x40660</load_address>
         <run_address>0x40660</run_address>
         <size>0x30</size>
         <input_file_ref idref="fl-1e"/>
      </object_component>
      <object_component id="oc-1c3">
         <name>.switch:_MSC_Bulk</name>
         <load_address>0x40690</load_address>
         <run_address>0x40690</run_address>
         <size>0x20</size>
         <input_file_ref idref="fl-16"/>
      </object_component>
      <object_component id="oc-15">
         <name>.cinit</name>
         <load_address>0x40000</load_address>
         <run_address>0x40000</run_address>
         <size>0x118</size>
         <input_file_ref idref="fl-2"/>
      </object_component>
      <object_component id="oc-f8">
         <name>.cinit</name>
         <load_address>0x40118</load_address>
         <run_address>0x40118</run_address>
         <size>0x8c</size>
         <input_file_ref idref="fl-32"/>
      </object_component>
      <object_component id="oc-16f">
         <name>.cinit</name>
         <load_address>0x401a4</load_address>
         <run_address>0x401a4</run_address>
         <size>0x5a</size>
         <input_file_ref idref="fl-4d"/>
      </object_component>
      <object_component id="oc-13e">
         <name>.cinit</name>
         <load_address>0x401fe</load_address>
         <run_address>0x401fe</run_address>
         <size>0x54</size>
         <input_file_ref idref="fl-42"/>
      </object_component>
      <object_component id="oc-80">
         <name>.cinit</name>
         <load_address>0x40252</load_address>
         <run_address>0x40252</run_address>
         <size>0x2a</size>
         <input_file_ref idref="fl-15"/>
      </object_component>
      <object_component id="oc-121">
         <name>.cinit</name>
         <load_address>0x4027c</load_address>
         <run_address>0x4027c</run_address>
         <size>0x14</size>
         <input_file_ref idref="fl-3b"/>
      </object_component>
      <object_component id="oc-d0">
         <name>.cinit</name>
         <load_address>0x40290</load_address>
         <run_address>0x40290</run_address>
         <size>0x14</size>
         <input_file_ref idref="fl-29"/>
      </object_component>
      <object_component id="oc-60">
         <name>.cinit</name>
         <load_address>0x402a4</load_address>
         <run_address>0x402a4</run_address>
         <size>0x10</size>
         <input_file_ref idref="fl-f"/>
      </object_component>
      <object_component id="oc-34">
         <name>.cinit</name>
         <load_address>0x402b4</load_address>
         <run_address>0x402b4</run_address>
         <size>0xa</size>
         <input_file_ref idref="fl-7"/>
      </object_component>
      <object_component id="oc-142">
         <name>.cinit</name>
         <load_address>0x402be</load_address>
         <run_address>0x402be</run_address>
         <size>0x8</size>
         <input_file_ref idref="fl-43"/>
      </object_component>
      <object_component id="oc-1ad">
         <name>.cinit</name>
         <load_address>0x402c6</load_address>
         <run_address>0x402c6</run_address>
         <size>0x8</size>
         <input_file_ref idref="fl-5b"/>
      </object_component>
      <object_component id="oc-1b3">
         <name>.cinit</name>
         <load_address>0x402ce</load_address>
         <run_address>0x402ce</run_address>
         <size>0x8</size>
         <input_file_ref idref="fl-5c"/>
      </object_component>
      <object_component id="oc-192">
         <name>.cio</name>
         <uninitialized>true</uninitialized>
         <run_address>0x402d8</run_address>
         <size>0x240</size>
         <input_file_ref idref="fl-55"/>
      </object_component>
      <object_component id="oc-11">
         <name>vectors</name>
         <load_address>0x4fe00</load_address>
         <run_address>0x4fe00</run_address>
         <size>0x100</size>
         <input_file_ref idref="fl-3a"/>
      </object_component>
      <object_component id="oc-b9">
         <name>vectors</name>
         <load_address>0x4ff00</load_address>
         <run_address>0x4ff00</run_address>
         <size>0x100</size>
         <input_file_ref idref="fl-20"/>
      </object_component>
      <object_component id="oc-14">
         <name>.debug_info</name>
         <load_address>0x0</load_address>
         <run_address>0x0</run_address>
         <size>0x3078</size>
         <input_file_ref idref="fl-2"/>
      </object_component>
      <object_component id="oc-1d">
         <name>.debug_info</name>
         <load_address>0x3078</load_address>
         <run_address>0x3078</run_address>
         <size>0xec5</size>
         <input_file_ref idref="fl-3"/>
      </object_component>
      <object_component id="oc-22">
         <name>.debug_info</name>
         <load_address>0x3f3d</load_address>
         <run_address>0x3f3d</run_address>
         <size>0xec4</size>
         <input_file_ref idref="fl-4"/>
      </object_component>
      <object_component id="oc-28">
         <name>.debug_info</name>
         <load_address>0x4e01</load_address>
         <run_address>0x4e01</run_address>
         <size>0x6b8</size>
         <input_file_ref idref="fl-5"/>
      </object_component>
      <object_component id="oc-2d">
         <name>.debug_info</name>
         <load_address>0x54b9</load_address>
         <run_address>0x54b9</run_address>
         <size>0x84f</size>
         <input_file_ref idref="fl-6"/>
      </object_component>
      <object_component id="oc-33">
         <name>.debug_info</name>
         <load_address>0x5d08</load_address>
         <run_address>0x5d08</run_address>
         <size>0xdbe</size>
         <input_file_ref idref="fl-7"/>
      </object_component>
      <object_component id="oc-39">
         <name>.debug_info</name>
         <load_address>0x6ac6</load_address>
         <run_address>0x6ac6</run_address>
         <size>0x3fbe</size>
         <input_file_ref idref="fl-8"/>
      </object_component>
      <object_component id="oc-3e">
         <name>.debug_info</name>
         <load_address>0xaa84</load_address>
         <run_address>0xaa84</run_address>
         <size>0x5063</size>
         <input_file_ref idref="fl-9"/>
      </object_component>
      <object_component id="oc-44">
         <name>.debug_info</name>
         <load_address>0xfae7</load_address>
         <run_address>0xfae7</run_address>
         <size>0x1467</size>
         <input_file_ref idref="fl-a"/>
      </object_component>
      <object_component id="oc-49">
         <name>.debug_info</name>
         <load_address>0x10f4e</load_address>
         <run_address>0x10f4e</run_address>
         <size>0x22a4</size>
         <input_file_ref idref="fl-b"/>
      </object_component>
      <object_component id="oc-4e">
         <name>.debug_info</name>
         <load_address>0x131f2</load_address>
         <run_address>0x131f2</run_address>
         <size>0x1484</size>
         <input_file_ref idref="fl-c"/>
      </object_component>
      <object_component id="oc-53">
         <name>.debug_info</name>
         <load_address>0x14676</load_address>
         <run_address>0x14676</run_address>
         <size>0x1395</size>
         <input_file_ref idref="fl-d"/>
      </object_component>
      <object_component id="oc-59">
         <name>.debug_info</name>
         <load_address>0x15a0b</load_address>
         <run_address>0x15a0b</run_address>
         <size>0x21dd</size>
         <input_file_ref idref="fl-e"/>
      </object_component>
      <object_component id="oc-5f">
         <name>.debug_info</name>
         <load_address>0x17be8</load_address>
         <run_address>0x17be8</run_address>
         <size>0x1ee0</size>
         <input_file_ref idref="fl-f"/>
      </object_component>
      <object_component id="oc-66">
         <name>.debug_info</name>
         <load_address>0x19ac8</load_address>
         <run_address>0x19ac8</run_address>
         <size>0x1584</size>
         <input_file_ref idref="fl-10"/>
      </object_component>
      <object_component id="oc-6b">
         <name>.debug_info</name>
         <load_address>0x1b04c</load_address>
         <run_address>0x1b04c</run_address>
         <size>0x127</size>
         <input_file_ref idref="fl-11"/>
      </object_component>
      <object_component id="oc-6f">
         <name>.debug_info</name>
         <load_address>0x1b173</load_address>
         <run_address>0x1b173</run_address>
         <size>0x1a53</size>
         <input_file_ref idref="fl-12"/>
      </object_component>
      <object_component id="oc-74">
         <name>.debug_info</name>
         <load_address>0x1cbc6</load_address>
         <run_address>0x1cbc6</run_address>
         <size>0x1315</size>
         <input_file_ref idref="fl-13"/>
      </object_component>
      <object_component id="oc-79">
         <name>.debug_info</name>
         <load_address>0x1dedb</load_address>
         <run_address>0x1dedb</run_address>
         <size>0x87f6</size>
         <input_file_ref idref="fl-14"/>
      </object_component>
      <object_component id="oc-7f">
         <name>.debug_info</name>
         <load_address>0x266d1</load_address>
         <run_address>0x266d1</run_address>
         <size>0x4fa8</size>
         <input_file_ref idref="fl-15"/>
      </object_component>
      <object_component id="oc-85">
         <name>.debug_info</name>
         <load_address>0x2b679</load_address>
         <run_address>0x2b679</run_address>
         <size>0x69e7</size>
         <input_file_ref idref="fl-16"/>
      </object_component>
      <object_component id="oc-8a">
         <name>.debug_info</name>
         <load_address>0x32060</load_address>
         <run_address>0x32060</run_address>
         <size>0x385d</size>
         <input_file_ref idref="fl-17"/>
      </object_component>
      <object_component id="oc-8f">
         <name>.debug_info</name>
         <load_address>0x358bd</load_address>
         <run_address>0x358bd</run_address>
         <size>0x1197</size>
         <input_file_ref idref="fl-18"/>
      </object_component>
      <object_component id="oc-94">
         <name>.debug_info</name>
         <load_address>0x36a54</load_address>
         <run_address>0x36a54</run_address>
         <size>0x2785</size>
         <input_file_ref idref="fl-19"/>
      </object_component>
      <object_component id="oc-99">
         <name>.debug_info</name>
         <load_address>0x391d9</load_address>
         <run_address>0x391d9</run_address>
         <size>0x1b42</size>
         <input_file_ref idref="fl-1a"/>
      </object_component>
      <object_component id="oc-9e">
         <name>.debug_info</name>
         <load_address>0x3ad1b</load_address>
         <run_address>0x3ad1b</run_address>
         <size>0x4ff8</size>
         <input_file_ref idref="fl-1b"/>
      </object_component>
      <object_component id="oc-a4">
         <name>.debug_info</name>
         <load_address>0x3fd13</load_address>
         <run_address>0x3fd13</run_address>
         <size>0x1e79</size>
         <input_file_ref idref="fl-1c"/>
      </object_component>
      <object_component id="oc-a9">
         <name>.debug_info</name>
         <load_address>0x41b8c</load_address>
         <run_address>0x41b8c</run_address>
         <size>0x2f60</size>
         <input_file_ref idref="fl-1d"/>
      </object_component>
      <object_component id="oc-af">
         <name>.debug_info</name>
         <load_address>0x44aec</load_address>
         <run_address>0x44aec</run_address>
         <size>0x67d7</size>
         <input_file_ref idref="fl-1e"/>
      </object_component>
      <object_component id="oc-b4">
         <name>.debug_info</name>
         <load_address>0x4b2c3</load_address>
         <run_address>0x4b2c3</run_address>
         <size>0x12cf</size>
         <input_file_ref idref="fl-1f"/>
      </object_component>
      <object_component id="oc-ba">
         <name>.debug_info</name>
         <load_address>0x4c592</load_address>
         <run_address>0x4c592</run_address>
         <size>0x111</size>
         <input_file_ref idref="fl-20"/>
      </object_component>
      <object_component id="oc-be">
         <name>.debug_info</name>
         <load_address>0x4c6a3</load_address>
         <run_address>0x4c6a3</run_address>
         <size>0x5ab</size>
         <input_file_ref idref="fl-25"/>
      </object_component>
      <object_component id="oc-c2">
         <name>.debug_info</name>
         <load_address>0x4cc4e</load_address>
         <run_address>0x4cc4e</run_address>
         <size>0xe8</size>
         <input_file_ref idref="fl-26"/>
      </object_component>
      <object_component id="oc-c6">
         <name>.debug_info</name>
         <load_address>0x4cd36</load_address>
         <run_address>0x4cd36</run_address>
         <size>0x7e8</size>
         <input_file_ref idref="fl-27"/>
      </object_component>
      <object_component id="oc-ca">
         <name>.debug_info</name>
         <load_address>0x4d51e</load_address>
         <run_address>0x4d51e</run_address>
         <size>0x534</size>
         <input_file_ref idref="fl-28"/>
      </object_component>
      <object_component id="oc-cf">
         <name>.debug_info</name>
         <load_address>0x4da52</load_address>
         <run_address>0x4da52</run_address>
         <size>0x5fb</size>
         <input_file_ref idref="fl-29"/>
      </object_component>
      <object_component id="oc-d5">
         <name>.debug_info</name>
         <load_address>0x4e04d</load_address>
         <run_address>0x4e04d</run_address>
         <size>0x4cf</size>
         <input_file_ref idref="fl-2a"/>
      </object_component>
      <object_component id="oc-d9">
         <name>.debug_info</name>
         <load_address>0x4e51c</load_address>
         <run_address>0x4e51c</run_address>
         <size>0x534</size>
         <input_file_ref idref="fl-2b"/>
      </object_component>
      <object_component id="oc-dd">
         <name>.debug_info</name>
         <load_address>0x4ea50</load_address>
         <run_address>0x4ea50</run_address>
         <size>0x4cf</size>
         <input_file_ref idref="fl-2c"/>
      </object_component>
      <object_component id="oc-e1">
         <name>.debug_info</name>
         <load_address>0x4ef1f</load_address>
         <run_address>0x4ef1f</run_address>
         <size>0x549</size>
         <input_file_ref idref="fl-2d"/>
      </object_component>
      <object_component id="oc-e6">
         <name>.debug_info</name>
         <load_address>0x4f468</load_address>
         <run_address>0x4f468</run_address>
         <size>0x53e</size>
         <input_file_ref idref="fl-2e"/>
      </object_component>
      <object_component id="oc-ea">
         <name>.debug_info</name>
         <load_address>0x4f9a6</load_address>
         <run_address>0x4f9a6</run_address>
         <size>0xbd</size>
         <input_file_ref idref="fl-2f"/>
      </object_component>
      <object_component id="oc-ee">
         <name>.debug_info</name>
         <load_address>0x4fa63</load_address>
         <run_address>0x4fa63</run_address>
         <size>0x59d</size>
         <input_file_ref idref="fl-30"/>
      </object_component>
      <object_component id="oc-f2">
         <name>.debug_info</name>
         <load_address>0x50000</load_address>
         <run_address>0x50000</run_address>
         <size>0x55b</size>
         <input_file_ref idref="fl-31"/>
      </object_component>
      <object_component id="oc-f7">
         <name>.debug_info</name>
         <load_address>0x5055b</load_address>
         <run_address>0x5055b</run_address>
         <size>0xaed</size>
         <input_file_ref idref="fl-32"/>
      </object_component>
      <object_component id="oc-fd">
         <name>.debug_info</name>
         <load_address>0x51048</load_address>
         <run_address>0x51048</run_address>
         <size>0x76c</size>
         <input_file_ref idref="fl-33"/>
      </object_component>
      <object_component id="oc-101">
         <name>.debug_info</name>
         <load_address>0x517b4</load_address>
         <run_address>0x517b4</run_address>
         <size>0x534</size>
         <input_file_ref idref="fl-34"/>
      </object_component>
      <object_component id="oc-105">
         <name>.debug_info</name>
         <load_address>0x51ce8</load_address>
         <run_address>0x51ce8</run_address>
         <size>0x52e</size>
         <input_file_ref idref="fl-35"/>
      </object_component>
      <object_component id="oc-10a">
         <name>.debug_info</name>
         <load_address>0x52216</load_address>
         <run_address>0x52216</run_address>
         <size>0x589</size>
         <input_file_ref idref="fl-36"/>
      </object_component>
      <object_component id="oc-10e">
         <name>.debug_info</name>
         <load_address>0x5279f</load_address>
         <run_address>0x5279f</run_address>
         <size>0x4de</size>
         <input_file_ref idref="fl-37"/>
      </object_component>
      <object_component id="oc-112">
         <name>.debug_info</name>
         <load_address>0x52c7d</load_address>
         <run_address>0x52c7d</run_address>
         <size>0x521</size>
         <input_file_ref idref="fl-38"/>
      </object_component>
      <object_component id="oc-117">
         <name>.debug_info</name>
         <load_address>0x5319e</load_address>
         <run_address>0x5319e</run_address>
         <size>0xef</size>
         <input_file_ref idref="fl-39"/>
      </object_component>
      <object_component id="oc-11b">
         <name>.debug_info</name>
         <load_address>0x5328d</load_address>
         <run_address>0x5328d</run_address>
         <size>0xbc</size>
         <input_file_ref idref="fl-3a"/>
      </object_component>
      <object_component id="oc-120">
         <name>.debug_info</name>
         <load_address>0x53349</load_address>
         <run_address>0x53349</run_address>
         <size>0x5bc</size>
         <input_file_ref idref="fl-3b"/>
      </object_component>
      <object_component id="oc-125">
         <name>.debug_info</name>
         <load_address>0x53905</load_address>
         <run_address>0x53905</run_address>
         <size>0x27bd</size>
         <input_file_ref idref="fl-3c"/>
      </object_component>
      <object_component id="oc-12b">
         <name>.debug_info</name>
         <load_address>0x560c2</load_address>
         <run_address>0x560c2</run_address>
         <size>0x586</size>
         <input_file_ref idref="fl-3d"/>
      </object_component>
      <object_component id="oc-12f">
         <name>.debug_info</name>
         <load_address>0x56648</load_address>
         <run_address>0x56648</run_address>
         <size>0x5a4</size>
         <input_file_ref idref="fl-3e"/>
      </object_component>
      <object_component id="oc-133">
         <name>.debug_info</name>
         <load_address>0x56bec</load_address>
         <run_address>0x56bec</run_address>
         <size>0xcd</size>
         <input_file_ref idref="fl-3f"/>
      </object_component>
      <object_component id="oc-137">
         <name>.debug_info</name>
         <load_address>0x56cb9</load_address>
         <run_address>0x56cb9</run_address>
         <size>0x81f</size>
         <input_file_ref idref="fl-40"/>
      </object_component>
      <object_component id="oc-13a">
         <name>.debug_info</name>
         <load_address>0x574d8</load_address>
         <run_address>0x574d8</run_address>
         <size>0x498</size>
         <input_file_ref idref="fl-41"/>
      </object_component>
      <object_component id="oc-13d">
         <name>.debug_info</name>
         <load_address>0x57970</load_address>
         <run_address>0x57970</run_address>
         <size>0x57e</size>
         <input_file_ref idref="fl-42"/>
      </object_component>
      <object_component id="oc-141">
         <name>.debug_info</name>
         <load_address>0x57eee</load_address>
         <run_address>0x57eee</run_address>
         <size>0x47b</size>
         <input_file_ref idref="fl-43"/>
      </object_component>
      <object_component id="oc-145">
         <name>.debug_info</name>
         <load_address>0x58369</load_address>
         <run_address>0x58369</run_address>
         <size>0x4cf</size>
         <input_file_ref idref="fl-44"/>
      </object_component>
      <object_component id="oc-149">
         <name>.debug_info</name>
         <load_address>0x58838</load_address>
         <run_address>0x58838</run_address>
         <size>0x549</size>
         <input_file_ref idref="fl-45"/>
      </object_component>
      <object_component id="oc-14e">
         <name>.debug_info</name>
         <load_address>0x58d81</load_address>
         <run_address>0x58d81</run_address>
         <size>0x6aa</size>
         <input_file_ref idref="fl-46"/>
      </object_component>
      <object_component id="oc-152">
         <name>.debug_info</name>
         <load_address>0x5942b</load_address>
         <run_address>0x5942b</run_address>
         <size>0x942</size>
         <input_file_ref idref="fl-47"/>
      </object_component>
      <object_component id="oc-157">
         <name>.debug_info</name>
         <load_address>0x59d6d</load_address>
         <run_address>0x59d6d</run_address>
         <size>0x4d2</size>
         <input_file_ref idref="fl-48"/>
      </object_component>
      <object_component id="oc-15b">
         <name>.debug_info</name>
         <load_address>0x5a23f</load_address>
         <run_address>0x5a23f</run_address>
         <size>0x518</size>
         <input_file_ref idref="fl-49"/>
      </object_component>
      <object_component id="oc-160">
         <name>.debug_info</name>
         <load_address>0x5a757</load_address>
         <run_address>0x5a757</run_address>
         <size>0x680</size>
         <input_file_ref idref="fl-4a"/>
      </object_component>
      <object_component id="oc-164">
         <name>.debug_info</name>
         <load_address>0x5add7</load_address>
         <run_address>0x5add7</run_address>
         <size>0x50e</size>
         <input_file_ref idref="fl-4b"/>
      </object_component>
      <object_component id="oc-169">
         <name>.debug_info</name>
         <load_address>0x5b2e5</load_address>
         <run_address>0x5b2e5</run_address>
         <size>0x7d4</size>
         <input_file_ref idref="fl-4c"/>
      </object_component>
      <object_component id="oc-16e">
         <name>.debug_info</name>
         <load_address>0x5bab9</load_address>
         <run_address>0x5bab9</run_address>
         <size>0x144b</size>
         <input_file_ref idref="fl-4d"/>
      </object_component>
      <object_component id="oc-173">
         <name>.debug_info</name>
         <load_address>0x5cf04</load_address>
         <run_address>0x5cf04</run_address>
         <size>0x5ad</size>
         <input_file_ref idref="fl-4e"/>
      </object_component>
      <object_component id="oc-177">
         <name>.debug_info</name>
         <load_address>0x5d4b1</load_address>
         <run_address>0x5d4b1</run_address>
         <size>0x574</size>
         <input_file_ref idref="fl-4f"/>
      </object_component>
      <object_component id="oc-17b">
         <name>.debug_info</name>
         <load_address>0x5da25</load_address>
         <run_address>0x5da25</run_address>
         <size>0xd1</size>
         <input_file_ref idref="fl-50"/>
      </object_component>
      <object_component id="oc-17f">
         <name>.debug_info</name>
         <load_address>0x5daf6</load_address>
         <run_address>0x5daf6</run_address>
         <size>0x50c</size>
         <input_file_ref idref="fl-51"/>
      </object_component>
      <object_component id="oc-184">
         <name>.debug_info</name>
         <load_address>0x5e002</load_address>
         <run_address>0x5e002</run_address>
         <size>0x4b7</size>
         <input_file_ref idref="fl-52"/>
      </object_component>
      <object_component id="oc-188">
         <name>.debug_info</name>
         <load_address>0x5e4b9</load_address>
         <run_address>0x5e4b9</run_address>
         <size>0x4f2</size>
         <input_file_ref idref="fl-53"/>
      </object_component>
      <object_component id="oc-18d">
         <name>.debug_info</name>
         <load_address>0x5e9ab</load_address>
         <run_address>0x5e9ab</run_address>
         <size>0xed4</size>
         <input_file_ref idref="fl-54"/>
      </object_component>
      <object_component id="oc-191">
         <name>.debug_info</name>
         <load_address>0x5f87f</load_address>
         <run_address>0x5f87f</run_address>
         <size>0x744</size>
         <input_file_ref idref="fl-55"/>
      </object_component>
      <object_component id="oc-197">
         <name>.debug_info</name>
         <load_address>0x5ffc3</load_address>
         <run_address>0x5ffc3</run_address>
         <size>0x662</size>
         <input_file_ref idref="fl-56"/>
      </object_component>
      <object_component id="oc-19b">
         <name>.debug_info</name>
         <load_address>0x60625</load_address>
         <run_address>0x60625</run_address>
         <size>0x4f2</size>
         <input_file_ref idref="fl-57"/>
      </object_component>
      <object_component id="oc-19f">
         <name>.debug_info</name>
         <load_address>0x60b17</load_address>
         <run_address>0x60b17</run_address>
         <size>0x706</size>
         <input_file_ref idref="fl-58"/>
      </object_component>
      <object_component id="oc-1a3">
         <name>.debug_info</name>
         <load_address>0x6121d</load_address>
         <run_address>0x6121d</run_address>
         <size>0x5f7</size>
         <input_file_ref idref="fl-59"/>
      </object_component>
      <object_component id="oc-1a7">
         <name>.debug_info</name>
         <load_address>0x61814</load_address>
         <run_address>0x61814</run_address>
         <size>0x64a</size>
[...]
         <object_component_ref idref="oc-b3"/>
      </symbol>
      <symbol id="sm-1334">
         <name>_WDTIM_close</name>
         <value>0x3bcc9</value>
         <object_component_ref idref="oc-b3"/>
      </symbol>
      <symbol id="sm-1335">
         <name>_WDTIM_stop</name>
         <value>0x3bc56</value>
         <object_component_ref idref="oc-b3"/>
      </symbol>
      <symbol id="sm-137f">
         <name>_VECSTART</name>
         <value>0x4ff00</value>
         <object_component_ref idref="oc-b9"/>
      </symbol>
      <symbol id="sm-1380">
         <name>RST</name>
         <value>0x4ff00</value>
         <object_component_ref idref="oc-b9"/>
      </symbol>
      <symbol id="sm-138a">
         <name>__addd</name>
         <value>0x3bdf4</value>
         <object_component_ref idref="oc-bd"/>
      </symbol>
      <symbol id="sm-1396">
         <name>__sysstack</name>
         <value>0x20c0</value>
         <object_component_ref idref="oc-1bf"/>
      </symbol>
      <symbol id="sm-1397">
         <name>_c_int00</name>
         <value>0x3d934</value>
         <object_component_ref idref="oc-10"/>
      </symbol>
      <symbol id="sm-1398">
         <name>__stack</name>
         <value>0xc0</value>
         <object_component_ref idref="oc-c1"/>
      </symbol>
      <symbol id="sm-13a4">
         <name>__divd</name>
         <value>0x3aa1e</value>
         <object_component_ref idref="oc-c5"/>
      </symbol>
      <symbol id="sm-13af">
         <name>__divul</name>
         <value>0x3cff6</value>
         <object_component_ref idref="oc-c9"/>
      </symbol>
      <symbol id="sm-13bf">
         <name>C$$EXIT</name>
         <value>0x3da89</value>
         <object_component_ref idref="oc-d1"/>
      </symbol>
      <symbol id="sm-13c0">
         <name>_exit</name>
         <value>0x3d8f6</value>
         <object_component_ref idref="oc-cd"/>
      </symbol>
      <symbol id="sm-13c1">
         <name>_abort</name>
         <value>0x3da88</value>
         <object_component_ref idref="oc-d1"/>
      </symbol>
      <symbol id="sm-13c2">
         <name>__cleanup_ptr</name>
         <value>0xc4f8</value>
         <object_component_ref idref="oc-ce"/>
      </symbol>
      <symbol id="sm-13c3">
         <name>__dtors_ptr</name>
         <value>0xc4fc</value>
         <object_component_ref idref="oc-ce"/>
      </symbol>
      <symbol id="sm-13cd">
         <name>__fixdi</name>
         <value>0x3d968</value>
         <object_component_ref idref="oc-d4"/>
      </symbol>
      <symbol id="sm-13d7">
         <name>__fixdli</name>
         <value>0x3d376</value>
         <object_component_ref idref="oc-d8"/>
      </symbol>
      <symbol id="sm-13e1">
         <name>__fltud</name>
         <value>0x3da64</value>
         <object_component_ref idref="oc-dc"/>
      </symbol>
      <symbol id="sm-13ed">
         <name>__fltuld</name>
         <value>0x3d64c</value>
         <object_component_ref idref="oc-e0"/>
      </symbol>
      <symbol id="sm-13f7">
         <name>__frcmpyd_div</name>
         <value>0x3d291</value>
         <object_component_ref idref="oc-e5"/>
      </symbol>
      <symbol id="sm-13ff">
         <name>__mpyli</name>
         <value>0x3da0d</value>
         <object_component_ref idref="oc-e9"/>
      </symbol>
      <symbol id="sm-1400">
         <name>I$$LMPY</name>
         <value>0x3da0d</value>
         <object_component_ref idref="oc-e9"/>
      </symbol>
      <symbol id="sm-140a">
         <name>_memset</name>
         <value>0x3da32</value>
         <object_component_ref idref="oc-ed"/>
      </symbol>
      <symbol id="sm-1414">
         <name>__mpyd</name>
         <value>0x3c848</value>
         <object_component_ref idref="oc-f1"/>
      </symbol>
      <symbol id="sm-1425">
         <name>_pow</name>
         <value>0x3868b</value>
         <object_component_ref idref="oc-f5"/>
      </symbol>
      <symbol id="sm-142f">
         <name>_printf</name>
         <value>0x3d6fb</value>
         <object_component_ref idref="oc-fc"/>
      </symbol>
      <symbol id="sm-143a">
         <name>__remul</name>
         <value>0x3d304</value>
         <object_component_ref idref="oc-100"/>
      </symbol>
      <symbol id="sm-1446">
         <name>__nround</name>
         <value>0x3d591</value>
         <object_component_ref idref="oc-104"/>
      </symbol>
      <symbol id="sm-1450">
         <name>_strlen</name>
         <value>0x3da43</value>
         <object_component_ref idref="oc-109"/>
      </symbol>
      <symbol id="sm-145a">
         <name>__subd</name>
         <value>0x3d9f9</value>
         <object_component_ref idref="oc-10d"/>
      </symbol>
      <symbol id="sm-1466">
         <name>__trunc</name>
         <value>0x3d876</value>
         <object_component_ref idref="oc-111"/>
      </symbol>
      <symbol id="sm-146e">
         <name>__remu</name>
         <value>0x3d9a7</value>
         <object_component_ref idref="oc-116"/>
      </symbol>
      <symbol id="sm-146f">
         <name>__divu</name>
         <value>0x3d992</value>
         <object_component_ref idref="oc-116"/>
      </symbol>
      <symbol id="sm-1470">
         <name>I$$UMOD</name>
         <value>0x3d9a7</value>
         <object_component_ref idref="oc-116"/>
      </symbol>
      <symbol id="sm-1471">
         <name>I$$UDIV</name>
         <value>0x3d992</value>
         <object_component_ref idref="oc-116"/>
      </symbol>
      <symbol id="sm-147b">
         <name>_Reset</name>
         <value>0x4fe00</value>
         <object_component_ref idref="oc-11"/>
      </symbol>
      <symbol id="sm-1489">
         <name>__unlock</name>
         <value>0xc4f4</value>
         <object_component_ref idref="oc-11f"/>
      </symbol>
      <symbol id="sm-148a">
         <name>__lock</name>
         <value>0xc4f0</value>
         <object_component_ref idref="oc-11f"/>
      </symbol>
      <symbol id="sm-148b">
         <name>__register_lock</name>
         <value>0x3da28</value>
         <object_component_ref idref="oc-11e"/>
      </symbol>
      <symbol id="sm-148c">
         <name>__nop</name>
         <value>0x3da30</value>
         <object_component_ref idref="oc-11e"/>
      </symbol>
      <symbol id="sm-148d">
         <name>__register_unlock</name>
         <value>0x3da20</value>
         <object_component_ref idref="oc-11e"/>
      </symbol>
      <symbol id="sm-149f">
         <name>__printfi</name>
         <value>0x2e6c5</value>
         <object_component_ref idref="oc-124"/>
      </symbol>
      <symbol id="sm-14a9">
         <name>__args_main</name>
         <value>0x3d798</value>
         <object_component_ref idref="oc-12a"/>
      </symbol>
      <symbol id="sm-14aa">
         <name>__TI_args_main</name>
         <value>0x1</value>
      </symbol>
      <symbol id="sm-14b4">
         <name>_atoi</name>
         <value>0x3d5f0</value>
         <object_component_ref idref="oc-12e"/>
      </symbol>
      <symbol id="sm-14bc">
         <name>_auto_init</name>
         <value>0x3d74b</value>
         <object_component_ref idref="oc-132"/>
      </symbol>
      <symbol id="sm-14c6">
         <name>__eqld</name>
         <value>0x3c1ac</value>
         <object_component_ref idref="oc-136"/>
      </symbol>
      <symbol id="sm-14c7">
         <name>__cmpd</name>
         <value>0x3c1e0</value>
         <object_component_ref idref="oc-136"/>
      </symbol>
      <symbol id="sm-14c8">
         <name>__neqd</name>
         <value>0x3c04e</value>
         <object_component_ref idref="oc-136"/>
      </symbol>
      <symbol id="sm-14c9">
         <name>__gtrd</name>
         <value>0x3c117</value>
         <object_component_ref idref="oc-136"/>
      </symbol>
      <symbol id="sm-14ca">
         <name>__geqd</name>
         <value>0x3c162</value>
         <object_component_ref idref="oc-136"/>
      </symbol>
      <symbol id="sm-14cb">
         <name>__leqd</name>
         <value>0x3c0ca</value>
         <object_component_ref idref="oc-136"/>
      </symbol>
      <symbol id="sm-14cc">
         <name>__lssd</name>
         <value>0x3c082</value>
         <object_component_ref idref="oc-136"/>
      </symbol>
      <symbol id="sm-14d4">
         <name>__ctypes_</name>
         <value>0xe7f8</value>
         <object_component_ref idref="oc-1c8"/>
      </symbol>
      <symbol id="sm-14de">
         <name>__tmpnams</name>
         <value>0xbf28</value>
         <object_component_ref idref="oc-13c"/>
      </symbol>
      <symbol id="sm-14df">
         <name>__ft_end</name>
         <value>0xc068</value>
         <object_component_ref idref="oc-13c"/>
      </symbol>
      <symbol id="sm-14e0">
         <name>__ftable</name>
         <value>0xbe38</value>
         <object_component_ref idref="oc-13c"/>
      </symbol>
      <symbol id="sm-14ea">
         <name>_errno</name>
         <value>0xb09e</value>
         <object_component_ref idref="oc-140"/>
      </symbol>
      <symbol id="sm-14f4">
         <name>__fltid</name>
         <value>0x3da72</value>
         <object_component_ref idref="oc-144"/>
      </symbol>
      <symbol id="sm-1500">
         <name>__fltlid</name>
         <value>0x3d52a</value>
         <object_component_ref idref="oc-148"/>
      </symbol>
      <symbol id="sm-150a">
         <name>_putchar</name>
         <value>0x3cfe7</value>
         <object_component_ref idref="oc-14d"/>
      </symbol>
      <symbol id="sm-150b">
         <name>_putc</name>
         <value>0x3cf50</value>
         <object_component_ref idref="oc-14d"/>
      </symbol>
      <symbol id="sm-150c">
         <name>_fputc</name>
         <value>0x3cf50</value>
         <object_component_ref idref="oc-14d"/>
      </symbol>
      <symbol id="sm-151a">
         <name>_puts</name>
         <value>0x3c6bd</value>
         <object_component_ref idref="oc-151"/>
      </symbol>
      <symbol id="sm-151b">
         <name>_fputs</name>
         <value>0x3c588</value>
         <object_component_ref idref="oc-151"/>
      </symbol>
      <symbol id="sm-1525">
         <name>__frcmpyd</name>
         <value>0x3d21b</value>
         <object_component_ref idref="oc-156"/>
      </symbol>
      <symbol id="sm-1531">
         <name>_frexp</name>
         <value>0x3cc49</value>
         <object_component_ref idref="oc-15a"/>
      </symbol>
      <symbol id="sm-153b">
         <name>___isinf</name>
         <value>0x3d9df</value>
         <object_component_ref idref="oc-15f"/>
      </symbol>
      <symbol id="sm-1547">
         <name>_ldexp</name>
         <value>0x3c994</value>
         <object_component_ref idref="oc-163"/>
      </symbol>
      <symbol id="sm-1551">
         <name>__divull</name>
         <value>0x3ba6f</value>
         <object_component_ref idref="oc-168"/>
      </symbol>
      <symbol id="sm-1552">
         <name>__mpylli</name>
         <value>0x3b9b7</value>
         <object_component_ref idref="oc-168"/>
      </symbol>
      <symbol id="sm-1553">
         <name>__remlli</name>
         <value>0x3b988</value>
         <object_component_ref idref="oc-168"/>
      </symbol>
      <symbol id="sm-1554">
         <name>__divlli</name>
         <value>0x3bb63</value>
         <object_component_ref idref="oc-168"/>
      </symbol>
      <symbol id="sm-1555">
         <name>__remull</name>
         <value>0x3b93a</value>
         <object_component_ref idref="oc-168"/>
      </symbol>
      <symbol id="sm-1567">
         <name>_add_device</name>
         <value>0x39084</value>
         <object_component_ref idref="oc-16c"/>
      </symbol>
      <symbol id="sm-1568">
         <name>_rename</name>
         <value>0x38da6</value>
         <object_component_ref idref="oc-16c"/>
      </symbol>
      <symbol id="sm-1569">
         <name>_read</name>
         <value>0x38e35</value>
         <object_component_ref idref="oc-16c"/>
      </symbol>
      <symbol id="sm-156a">
         <name>_unlink</name>
         <value>0x38d73</value>
         <object_component_ref idref="oc-16c"/>
      </symbol>
      <symbol id="sm-156b">
         <name>_remove_device</name>
         <value>0x38dff</value>
         <object_component_ref idref="oc-16c"/>
      </symbol>
      <symbol id="sm-156c">
         <name>_open</name>
         <value>0x38ee3</value>
         <object_component_ref idref="oc-16c"/>
      </symbol>
      <symbol id="sm-156d">
         <name>_find_registered_device</name>
         <value>0x39008</value>
         <object_component_ref idref="oc-16c"/>
      </symbol>
      <symbol id="sm-156e">
         <name>_lseek</name>
         <value>0x38fa2</value>
         <object_component_ref idref="oc-16c"/>
      </symbol>
      <symbol id="sm-156f">
         <name>_close</name>
         <value>0x39011</value>
         <object_component_ref idref="oc-16c"/>
      </symbol>
      <symbol id="sm-1570">
         <name>_write</name>
         <value>0x38c31</value>
         <object_component_ref idref="oc-16c"/>
      </symbol>
      <symbol id="sm-157a">
         <name>_ltoa</name>
         <value>0x3d123</value>
         <object_component_ref idref="oc-172"/>
      </symbol>
      <symbol id="sm-1585">
         <name>_memccpy</name>
         <value>0x3d9bc</value>
         <object_component_ref idref="oc-176"/>
      </symbol>
      <symbol id="sm-158d">
         <name>_memcpy</name>
         <value>0x3d8b7</value>
         <object_component_ref idref="oc-17a"/>
      </symbol>
      <symbol id="sm-1599">
         <name>_modf</name>
         <value>0x3cdd7</value>
         <object_component_ref idref="oc-17e"/>
      </symbol>
      <symbol id="sm-15a3">
         <name>__negd</name>
         <value>0x3da54</value>
         <object_component_ref idref="oc-183"/>
      </symbol>
      <symbol id="sm-15ad">
         <name>__remli</name>
         <value>0x3d7e3</value>
         <object_component_ref idref="oc-187"/>
      </symbol>
      <symbol id="sm-15b9">
         <name>_HOSTopen</name>
         <value>0x399bf</value>
         <object_component_ref idref="oc-18b"/>
      </symbol>
      <symbol id="sm-15ba">
         <name>_HOSTread</name>
         <value>0x39932</value>
         <object_component_ref idref="oc-18b"/>
      </symbol>
      <symbol id="sm-15bb">
         <name>_HOSTtime</name>
         <value>0x39826</value>
         <object_component_ref idref="oc-18b"/>
      </symbol>
      <symbol id="sm-15bc">
         <name>_getenv</name>
         <value>0x396b4</value>
         <object_component_ref idref="oc-18b"/>
      </symbol>
      <symbol id="sm-15bd">
         <name>_HOSTrename</name>
         <value>0x39884</value>
         <object_component_ref idref="oc-18b"/>
      </symbol>
      <symbol id="sm-15be">
         <name>_HOSTclock</name>
         <value>0x39b7e</value>
         <object_component_ref idref="oc-18b"/>
      </symbol>
      <symbol id="sm-15bf">
         <name>_HOSTwrite</name>
         <value>0x3972f</value>
         <object_component_ref idref="oc-18b"/>
      </symbol>
      <symbol id="sm-15c0">
         <name>_HOSTlseek</name>
         <value>0x39a5e</value>
         <object_component_ref idref="oc-18b"/>
      </symbol>
      <symbol id="sm-15c1">
         <name>_HOSTunlink</name>
         <value>0x397bc</value>
         <object_component_ref idref="oc-18b"/>
      </symbol>
      <symbol id="sm-15c2">
         <name>_HOSTclose</name>
         <value>0x39b13</value>
         <object_component_ref idref="oc-18b"/>
      </symbol>
      <symbol id="sm-15d4">
         <name>C$$IO$$</name>
         <value>0x3cf4b</value>
         <object_component_ref idref="oc-193"/>
      </symbol>
      <symbol id="sm-15d5">
         <name>__CIOBUF_</name>
         <value>0x402d8</value>
         <object_component_ref idref="oc-192"/>
      </symbol>
      <symbol id="sm-15d6">
         <name>_readmsg</name>
         <value>0x3d3e5</value>
         <object_component_ref idref="oc-190"/>
      </symbol>
      <symbol id="sm-15d7">
         <name>_writemsg</name>
         <value>0x3ce96</value>
         <object_component_ref idref="oc-193"/>
      </symbol>
      <symbol id="sm-15e1">
         <name>__rd_ok</name>
         <value>0x3cbec</value>
         <object_component_ref idref="oc-196"/>
      </symbol>
      <symbol id="sm-15e2">
         <name>__wrt_ok</name>
         <value>0x3cb6c</value>
         <object_component_ref idref="oc-196"/>
      </symbol>
      <symbol id="sm-15ec">
         <name>__divli</name>
         <value>0x3d82e</value>
         <object_component_ref idref="oc-19a"/>
      </symbol>
      <symbol id="sm-15f6">
         <name>__doflush</name>
         <value>0x3cd15</value>
         <object_component_ref idref="oc-19e"/>
      </symbol>
      <symbol id="sm-15f7">
         <name>_fflush</name>
         <value>0x3cd7e</value>
         <object_component_ref idref="oc-19e"/>
      </symbol>
      <symbol id="sm-1601">
         <name>_fseek</name>
         <value>0x3d4bf</value>
         <object_component_ref idref="oc-1a2"/>
      </symbol>
      <symbol id="sm-160b">
         <name>_setvbuf</name>
         <value>0x3ca86</value>
         <object_component_ref idref="oc-1a6"/>
      </symbol>
      <symbol id="sm-161a">
         <name>__cleanup</name>
         <value>0x3b7dc</value>
         <object_component_ref idref="oc-1aa"/>
      </symbol>
      <symbol id="sm-161b">
         <name>_fopen</name>
         <value>0x3b8ff</value>
         <object_component_ref idref="oc-1aa"/>
      </symbol>
      <symbol id="sm-161c">
         <name>_freopen</name>
         <value>0x3b836</value>
         <object_component_ref idref="oc-1aa"/>
      </symbol>
      <symbol id="sm-162c">
         <name>__sys_memory</name>
         <value>0xc510</value>
         <object_component_ref idref="oc-1b4"/>
      </symbol>
      <symbol id="sm-162d">
         <name>_chkheap</name>
         <value>0x3a582</value>
         <object_component_ref idref="oc-1b0"/>
      </symbol>
      <symbol id="sm-162e">
         <name>_realloc</name>
         <value>0x3a321</value>
         <object_component_ref idref="oc-1b0"/>
      </symbol>
      <symbol id="sm-162f">
         <name>_free_memory</name>
         <value>0x3a52c</value>
         <object_component_ref idref="oc-1b0"/>
      </symbol>
      <symbol id="sm-1630">
         <name>_max_free</name>
         <value>0x3a4d2</value>
         <object_component_ref idref="oc-1b0"/>
      </symbol>
      <symbol id="sm-1631">
         <name>_free</name>
         <value>0x3a0fb</value>
         <object_component_ref idref="oc-1b0"/>
      </symbol>
      <symbol id="sm-1632">
         <name>_calloc</name>
         <value>0x3a58a</value>
         <object_component_ref idref="oc-1b0"/>
      </symbol>
      <symbol id="sm-1633">
         <name>_malloc</name>
         <value>0x3a22c</value>
         <object_component_ref idref="oc-1b0"/>
      </symbol>
      <symbol id="sm-1634">
         <name>_minit</name>
         <value>0x3a1c7</value>
         <object_component_ref idref="oc-1b0"/>
      </symbol>
      <symbol id="sm-163e">
         <name>_fclose</name>
         <value>0x3d1a0</value>
         <object_component_ref idref="oc-1b7"/>
      </symbol>
      <symbol id="sm-1648">
         <name>_remove</name>
         <value>0x3da7e</value>
         <object_component_ref idref="oc-1bb"/>
      </symbol>
   </symbol_table>
</link_info>
