<?xml version="1.0"?>
<link_info>
   <banner>TMS320C55x Linker PC v4.4.1</banner>
   <copyright>Copyright (c) 1996-2012 Texas Instruments Incorporated</copyright>
   <link_time>0x6270dbe1</link_time>
   <output_file>P6_Bsc_guitar_aic3204_included.out</output_file>
   <entry_point>
      <name>_c_int00</name>
      <address>0x3c982</address>
   </entry_point>
   <input_file_list>
      <input_file id="fl-2">
         <path>.\</path>
         <kind>object</kind>
         <file>main.obj</file>
         <name>main.obj</name>
      </input_file>
      <input_file id="fl-3">
         <path>.\include\</path>
         <kind>object</kind>
         <file>aic3204.obj</file>
         <name>aic3204.obj</name>
      </input_file>
      <input_file id="fl-4">
         <path>.\include\</path>
         <kind>object</kind>
         <file>aic3204_init.obj</file>
         <name>aic3204_init.obj</name>
      </input_file>
      <input_file id="fl-5">
         <path>.\include\</path>
         <kind>object</kind>
         <file>ezdsp5535.obj</file>
         <name>ezdsp5535.obj</name>
      </input_file>
      <input_file id="fl-6">
         <path>.\include\</path>
         <kind>object</kind>
         <file>ezdsp5535_gpio.obj</file>
         <name>ezdsp5535_gpio.obj</name>
      </input_file>
      <input_file id="fl-7">
         <path>.\include\</path>
         <kind>object</kind>
         <file>ezdsp5535_i2c.obj</file>
         <name>ezdsp5535_i2c.obj</name>
      </input_file>
      <input_file id="fl-8">
         <path>.\src\</path>
         <kind>object</kind>
         <file>csl_audioClass.obj</file>
         <name>csl_audioClass.obj</name>
      </input_file>
      <input_file id="fl-9">
         <path>.\src\</path>
         <kind>object</kind>
         <file>csl_cdc.obj</file>
         <name>csl_cdc.obj</name>
      </input_file>
      <input_file id="fl-a">
         <path>.\src\</path>
         <kind>object</kind>
         <file>csl_dat.obj</file>
         <name>csl_dat.obj</name>
      </input_file>
      <input_file id="fl-b">
         <path>.\src\</path>
         <kind>object</kind>
         <file>csl_dma.obj</file>
         <name>csl_dma.obj</name>
      </input_file>
      <input_file id="fl-c">
         <path>.\src\</path>
         <kind>object</kind>
         <file>csl_gpio.obj</file>
         <name>csl_gpio.obj</name>
      </input_file>
      <input_file id="fl-d">
         <path>.\src\</path>
         <kind>object</kind>
         <file>csl_gpt.obj</file>
         <name>csl_gpt.obj</name>
      </input_file>
      <input_file id="fl-e">
         <path>.\src\</path>
         <kind>object</kind>
         <file>csl_i2c.obj</file>
         <name>csl_i2c.obj</name>
      </input_file>
      <input_file id="fl-f">
         <path>.\src\</path>
         <kind>object</kind>
         <file>csl_i2s.obj</file>
         <name>csl_i2s.obj</name>
      </input_file>
      <input_file id="fl-10">
         <path>.\src\</path>
         <kind>object</kind>
         <file>csl_intc.obj</file>
         <name>csl_intc.obj</name>
      </input_file>
      <input_file id="fl-11">
         <path>.\src\</path>
         <kind>object</kind>
         <file>csl_irqplug.obj</file>
         <name>csl_irqplug.obj</name>
      </input_file>
      <input_file id="fl-12">
         <path>.\src\</path>
         <kind>object</kind>
         <file>csl_lcdc.obj</file>
         <name>csl_lcdc.obj</name>
      </input_file>
      <input_file id="fl-13">
         <path>.\src\</path>
         <kind>object</kind>
         <file>csl_mem.obj</file>
         <name>csl_mem.obj</name>
      </input_file>
      <input_file id="fl-14">
         <path>.\src\</path>
         <kind>object</kind>
         <file>csl_mmcsd.obj</file>
         <name>csl_mmcsd.obj</name>
      </input_file>
      <input_file id="fl-15">
         <path>.\src\</path>
         <kind>object</kind>
         <file>csl_mmcsd_ataIf.obj</file>
         <name>csl_mmcsd_ataIf.obj</name>
      </input_file>
      <input_file id="fl-16">
         <path>.\src\</path>
         <kind>object</kind>
         <file>csl_msc.obj</file>
         <name>csl_msc.obj</name>
      </input_file>
      <input_file id="fl-17">
         <path>.\src\</path>
         <kind>object</kind>
         <file>csl_nand.obj</file>
         <name>csl_nand.obj</name>
      </input_file>
      <input_file id="fl-18">
         <path>.\src\</path>
         <kind>object</kind>
         <file>csl_pll.obj</file>
         <name>csl_pll.obj</name>
      </input_file>
      <input_file id="fl-19">
         <path>.\src\</path>
         <kind>object</kind>
         <file>csl_rtc.obj</file>
         <name>csl_rtc.obj</name>
      </input_file>
      <input_file id="fl-1a">
         <path>.\src\</path>
         <kind>object</kind>
         <file>csl_sar.obj</file>
         <name>csl_sar.obj</name>
      </input_file>
      <input_file id="fl-1b">
         <path>.\src\</path>
         <kind>object</kind>
         <file>csl_sdio.obj</file>
         <name>csl_sdio.obj</name>
      </input_file>
      <input_file id="fl-1c">
         <path>.\src\</path>
         <kind>object</kind>
         <file>csl_spi.obj</file>
         <name>csl_spi.obj</name>
      </input_file>
      <input_file id="fl-1d">
         <path>.\src\</path>
         <kind>object</kind>
         <file>csl_uart.obj</file>
         <name>csl_uart.obj</name>
      </input_file>
      <input_file id="fl-1e">
         <path>.\src\</path>
         <kind>object</kind>
         <file>csl_usb.obj</file>
         <name>csl_usb.obj</name>
      </input_file>
      <input_file id="fl-1f">
         <path>.\src\</path>
         <kind>object</kind>
         <file>csl_wdt.obj</file>
         <name>csl_wdt.obj</name>
      </input_file>
      <input_file id="fl-20">
         <path>.\src\</path>
         <kind>object</kind>
         <file>vectors.obj</file>
         <name>vectors.obj</name>
      </input_file>
      <input_file id="fl-25">
         <path>C:\ti\ccs1110\ccs\tools\compiler\c5500_4.4.1\lib\</path>
         <kind>archive</kind>
         <file>rts55x.lib</file>
         <name>boot.obj</name>
      </input_file>
      <input_file id="fl-26">
         <path>C:\ti\ccs1110\ccs\tools\compiler\c5500_4.4.1\lib\</path>
         <kind>archive</kind>
         <file>rts55x.lib</file>
         <name>divul.obj</name>
      </input_file>
      <input_file id="fl-27">
         <path>C:\ti\ccs1110\ccs\tools\compiler\c5500_4.4.1\lib\</path>
         <kind>archive</kind>
         <file>rts55x.lib</file>
         <name>exit.obj</name>
      </input_file>
      <input_file id="fl-28">
         <path>C:\ti\ccs1110\ccs\tools\compiler\c5500_4.4.1\lib\</path>
         <kind>archive</kind>
         <file>rts55x.lib</file>
         <name>fixdi.obj</name>
      </input_file>
      <input_file id="fl-29">
         <path>C:\ti\ccs1110\ccs\tools\compiler\c5500_4.4.1\lib\</path>
         <kind>archive</kind>
         <file>rts55x.lib</file>
         <name>fixdli.obj</name>
      </input_file>
      <input_file id="fl-2a">
         <path>C:\ti\ccs1110\ccs\tools\compiler\c5500_4.4.1\lib\</path>
         <kind>archive</kind>
         <file>rts55x.lib</file>
         <name>fltid.obj</name>
      </input_file>
      <input_file id="fl-2b">
         <path>C:\ti\ccs1110\ccs\tools\compiler\c5500_4.4.1\lib\</path>
         <kind>archive</kind>
         <file>rts55x.lib</file>
         <name>fltlid.obj</name>
      </input_file>
      <input_file id="fl-2c">
         <path>C:\ti\ccs1110\ccs\tools\compiler\c5500_4.4.1\lib\</path>
         <kind>archive</kind>
         <file>rts55x.lib</file>
         <name>lmpy.obj</name>
      </input_file>
      <input_file id="fl-2d">
         <path>C:\ti\ccs1110\ccs\tools\compiler\c5500_4.4.1\lib\</path>
         <kind>archive</kind>
         <file>rts55x.lib</file>
         <name>memset.obj</name>
      </input_file>
      <input_file id="fl-2e">
         <path>C:\ti\ccs1110\ccs\tools\compiler\c5500_4.4.1\lib\</path>
         <kind>archive</kind>
         <file>rts55x.lib</file>
         <name>mpyd.obj</name>
      </input_file>
      <input_file id="fl-2f">
         <path>C:\ti\ccs1110\ccs\tools\compiler\c5500_4.4.1\lib\</path>
         <kind>archive</kind>
         <file>rts55x.lib</file>
         <name>printf.obj</name>
      </input_file>
      <input_file id="fl-30">
         <path>C:\ti\ccs1110\ccs\tools\compiler\c5500_4.4.1\lib\</path>
         <kind>archive</kind>
         <file>rts55x.lib</file>
         <name>remul.obj</name>
      </input_file>
      <input_file id="fl-31">
         <path>C:\ti\ccs1110\ccs\tools\compiler\c5500_4.4.1\lib\</path>
         <kind>archive</kind>
         <file>rts55x.lib</file>
         <name>strlen.obj</name>
      </input_file>
      <input_file id="fl-32">
         <path>C:\ti\ccs1110\ccs\tools\compiler\c5500_4.4.1\lib\</path>
         <kind>archive</kind>
         <file>rts55x.lib</file>
         <name>udiv.obj</name>
      </input_file>
      <input_file id="fl-33">
         <path>C:\ti\ccs1110\ccs\tools\compiler\c5500_4.4.1\lib\</path>
         <kind>archive</kind>
         <file>rts55x.lib</file>
         <name>vectors.obj</name>
      </input_file>
      <input_file id="fl-34">
         <path>C:\ti\ccs1110\ccs\tools\compiler\c5500_4.4.1\lib\</path>
         <kind>archive</kind>
         <file>rts55x.lib</file>
         <name>_lock.obj</name>
      </input_file>
      <input_file id="fl-35">
         <path>C:\ti\ccs1110\ccs\tools\compiler\c5500_4.4.1\lib\</path>
         <kind>archive</kind>
         <file>rts55x.lib</file>
         <name>_printfi.obj</name>
      </input_file>
      <input_file id="fl-36">
         <path>C:\ti\ccs1110\ccs\tools\compiler\c5500_4.4.1\lib\</path>
         <kind>archive</kind>
         <file>rts55x.lib</file>
         <name>args_main.obj</name>
      </input_file>
      <input_file id="fl-37">
         <path>C:\ti\ccs1110\ccs\tools\compiler\c5500_4.4.1\lib\</path>
         <kind>archive</kind>
         <file>rts55x.lib</file>
         <name>atoi.obj</name>
      </input_file>
      <input_file id="fl-38">
         <path>C:\ti\ccs1110\ccs\tools\compiler\c5500_4.4.1\lib\</path>
         <kind>archive</kind>
         <file>rts55x.lib</file>
         <name>autoinit.obj</name>
      </input_file>
      <input_file id="fl-39">
         <path>C:\ti\ccs1110\ccs\tools\compiler\c5500_4.4.1\lib\</path>
         <kind>archive</kind>
         <file>rts55x.lib</file>
         <name>cmpd.obj</name>
      </input_file>
      <input_file id="fl-3a">
         <path>C:\ti\ccs1110\ccs\tools\compiler\c5500_4.4.1\lib\</path>
         <kind>archive</kind>
         <file>rts55x.lib</file>
         <name>ctype.obj</name>
      </input_file>
      <input_file id="fl-3b">
         <path>C:\ti\ccs1110\ccs\tools\compiler\c5500_4.4.1\lib\</path>
         <kind>archive</kind>
         <file>rts55x.lib</file>
         <name>defs.obj</name>
      </input_file>
      <input_file id="fl-3c">
         <path>C:\ti\ccs1110\ccs\tools\compiler\c5500_4.4.1\lib\</path>
         <kind>archive</kind>
         <file>rts55x.lib</file>
         <name>divd.obj</name>
      </input_file>
      <input_file id="fl-3d">
         <path>C:\ti\ccs1110\ccs\tools\compiler\c5500_4.4.1\lib\</path>
         <kind>archive</kind>
         <file>rts55x.lib</file>
         <name>fputc.obj</name>
      </input_file>
      <input_file id="fl-3e">
         <path>C:\ti\ccs1110\ccs\tools\compiler\c5500_4.4.1\lib\</path>
         <kind>archive</kind>
         <file>rts55x.lib</file>
         <name>fputs.obj</name>
      </input_file>
      <input_file id="fl-3f">
         <path>C:\ti\ccs1110\ccs\tools\compiler\c5500_4.4.1\lib\</path>
         <kind>archive</kind>
         <file>rts55x.lib</file>
         <name>frcmpyd.obj</name>
      </input_file>
      <input_file id="fl-40">
         <path>C:\ti\ccs1110\ccs\tools\compiler\c5500_4.4.1\lib\</path>
         <kind>archive</kind>
         <file>rts55x.lib</file>
         <name>frcmpyd_div.obj</name>
      </input_file>
      <input_file id="fl-41">
         <path>C:\ti\ccs1110\ccs\tools\compiler\c5500_4.4.1\lib\</path>
         <kind>archive</kind>
         <file>rts55x.lib</file>
         <name>isinf.obj</name>
      </input_file>
      <input_file id="fl-42">
         <path>C:\ti\ccs1110\ccs\tools\compiler\c5500_4.4.1\lib\</path>
         <kind>archive</kind>
         <file>rts55x.lib</file>
         <name>llmpy.obj</name>
      </input_file>
      <input_file id="fl-43">
         <path>C:\ti\ccs1110\ccs\tools\compiler\c5500_4.4.1\lib\</path>
         <kind>archive</kind>
         <file>rts55x.lib</file>
         <name>lowlev.obj</name>
      </input_file>
      <input_file id="fl-44">
         <path>C:\ti\ccs1110\ccs\tools\compiler\c5500_4.4.1\lib\</path>
         <kind>archive</kind>
         <file>rts55x.lib</file>
         <name>ltoa.obj</name>
      </input_file>
      <input_file id="fl-45">
         <path>C:\ti\ccs1110\ccs\tools\compiler\c5500_4.4.1\lib\</path>
         <kind>archive</kind>
         <file>rts55x.lib</file>
         <name>memccpy.obj</name>
      </input_file>
      <input_file id="fl-46">
         <path>C:\ti\ccs1110\ccs\tools\compiler\c5500_4.4.1\lib\</path>
         <kind>archive</kind>
         <file>rts55x.lib</file>
         <name>memcpy.obj</name>
      </input_file>
      <input_file id="fl-47">
         <path>C:\ti\ccs1110\ccs\tools\compiler\c5500_4.4.1\lib\</path>
         <kind>archive</kind>
         <file>rts55x.lib</file>
         <name>negd.obj</name>
      </input_file>
      <input_file id="fl-48">
         <path>C:\ti\ccs1110\ccs\tools\compiler\c5500_4.4.1\lib\</path>
         <kind>archive</kind>
         <file>rts55x.lib</file>
         <name>remli.obj</name>
      </input_file>
      <input_file id="fl-49">
         <path>C:\ti\ccs1110\ccs\tools\compiler\c5500_4.4.1\lib\</path>
         <kind>archive</kind>
         <file>rts55x.lib</file>
         <name>subd.obj</name>
      </input_file>
      <input_file id="fl-4a">
         <path>C:\ti\ccs1110\ccs\tools\compiler\c5500_4.4.1\lib\</path>
         <kind>archive</kind>
         <file>rts55x.lib</file>
         <name>trgdrv.obj</name>
      </input_file>
      <input_file id="fl-4b">
         <path>C:\ti\ccs1110\ccs\tools\compiler\c5500_4.4.1\lib\</path>
         <kind>archive</kind>
         <file>rts55x.lib</file>
         <name>trgmsg.obj</name>
      </input_file>
      <input_file id="fl-4c">
         <path>C:\ti\ccs1110\ccs\tools\compiler\c5500_4.4.1\lib\</path>
         <kind>archive</kind>
         <file>rts55x.lib</file>
         <name>_io_perm.obj</name>
      </input_file>
      <input_file id="fl-4d">
         <path>C:\ti\ccs1110\ccs\tools\compiler\c5500_4.4.1\lib\</path>
         <kind>archive</kind>
         <file>rts55x.lib</file>
         <name>addd.obj</name>
      </input_file>
      <input_file id="fl-4e">
         <path>C:\ti\ccs1110\ccs\tools\compiler\c5500_4.4.1\lib\</path>
         <kind>archive</kind>
         <file>rts55x.lib</file>
         <name>divli.obj</name>
      </input_file>
      <input_file id="fl-4f">
         <path>C:\ti\ccs1110\ccs\tools\compiler\c5500_4.4.1\lib\</path>
         <kind>archive</kind>
         <file>rts55x.lib</file>
         <name>fflush.obj</name>
      </input_file>
      <input_file id="fl-50">
         <path>C:\ti\ccs1110\ccs\tools\compiler\c5500_4.4.1\lib\</path>
         <kind>archive</kind>
         <file>rts55x.lib</file>
         <name>fseek.obj</name>
      </input_file>
      <input_file id="fl-51">
         <path>C:\ti\ccs1110\ccs\tools\compiler\c5500_4.4.1\lib\</path>
         <kind>archive</kind>
         <file>rts55x.lib</file>
         <name>setvbuf.obj</name>
      </input_file>
      <input_file id="fl-52">
         <path>C:\ti\ccs1110\ccs\tools\compiler\c5500_4.4.1\lib\</path>
         <kind>archive</kind>
         <file>rts55x.lib</file>
         <name>fopen.obj</name>
      </input_file>
      <input_file id="fl-53">
         <path>C:\ti\ccs1110\ccs\tools\compiler\c5500_4.4.1\lib\</path>
         <kind>archive</kind>
         <file>rts55x.lib</file>
         <name>memory.obj</name>
      </input_file>
      <input_file id="fl-54">
         <path>C:\ti\ccs1110\ccs\tools\compiler\c5500_4.4.1\lib\</path>
         <kind>archive</kind>
         <file>rts55x.lib</file>
         <name>fclose.obj</name>
      </input_file>
      <input_file id="fl-55">
         <path>C:\ti\ccs1110\ccs\tools\compiler\c5500_4.4.1\lib\</path>
         <kind>archive</kind>
         <file>rts55x.lib</file>
         <name>remove.obj</name>
      </input_file>
   </input_file_list>
   <object_component_list>
      <object_component id="oc-77">
         <name>.text</name>
         <load_address>0x20000</load_address>
         <run_address>0x20000</run_address>
         <size>0x4408</size>
         <input_file_ref idref="fl-14"/>
      </object_component>
      <object_component id="oc-83">
         <name>.text</name>
         <load_address>0x24408</load_address>
         <run_address>0x24408</run_address>
         <size>0x2b24</size>
         <input_file_ref idref="fl-16"/>
      </object_component>
      <object_component id="oc-9c">
         <name>.text</name>
         <load_address>0x26f2c</load_address>
         <run_address>0x26f2c</run_address>
         <size>0x29ff</size>
         <input_file_ref idref="fl-1b"/>
      </object_component>
      <object_component id="oc-ac">
         <name>.text</name>
         <load_address>0x2992b</load_address>
         <run_address>0x2992b</run_address>
         <size>0x2198</size>
         <input_file_ref idref="fl-1e"/>
      </object_component>
      <object_component id="oc-47">
         <name>.text</name>
         <load_address>0x2bac3</load_address>
         <run_address>0x2bac3</run_address>
         <size>0x18a0</size>
         <input_file_ref idref="fl-b"/>
      </object_component>
      <object_component id="oc-102">
         <name>.text</name>
         <load_address>0x2d363</load_address>
         <run_address>0x2d363</run_address>
         <size>0x15a4</size>
         <input_file_ref idref="fl-35"/>
      </object_component>
      <object_component id="oc-88">
         <name>.text</name>
         <load_address>0x2e907</load_address>
         <run_address>0x2e907</run_address>
         <size>0x11ce</size>
         <input_file_ref idref="fl-17"/>
      </object_component>
      <object_component id="oc-a7">
         <name>.text</name>
         <load_address>0x2fad5</load_address>
         <run_address>0x2fad5</run_address>
         <size>0x10e1</size>
         <input_file_ref idref="fl-1d"/>
      </object_component>
      <object_component id="oc-42">
         <name>.text</name>
         <load_address>0x30bb6</load_address>
         <run_address>0x30bb6</run_address>
         <size>0xdbe</size>
         <input_file_ref idref="fl-a"/>
      </object_component>
      <object_component id="oc-37">
         <name>.text</name>
         <load_address>0x31974</load_address>
         <run_address>0x31974</run_address>
         <size>0xd62</size>
         <input_file_ref idref="fl-8"/>
      </object_component>
      <object_component id="oc-3c">
         <name>.text</name>
         <load_address>0x326d6</load_address>
         <run_address>0x326d6</run_address>
         <size>0xc59</size>
         <input_file_ref idref="fl-9"/>
      </object_component>
      <object_component id="oc-56">
         <name>.text</name>
         <load_address>0x3332f</load_address>
         <run_address>0x3332f</run_address>
         <size>0xc3c</size>
         <input_file_ref idref="fl-e"/>
      </object_component>
      <object_component id="oc-7c">
         <name>.text</name>
         <load_address>0x33f6b</load_address>
         <run_address>0x33f6b</run_address>
         <size>0xb26</size>
         <input_file_ref idref="fl-15"/>
      </object_component>
      <object_component id="oc-97">
         <name>.text</name>
         <load_address>0x34a91</load_address>
         <run_address>0x34a91</run_address>
         <size>0xb18</size>
         <input_file_ref idref="fl-1a"/>
      </object_component>
      <object_component id="oc-5c">
         <name>.text</name>
         <load_address>0x355a9</load_address>
         <run_address>0x355a9</run_address>
         <size>0x9db</size>
         <input_file_ref idref="fl-f"/>
      </object_component>
      <object_component id="oc-92">
         <name>.text</name>
         <load_address>0x35f84</load_address>
         <run_address>0x35f84</run_address>
         <size>0x895</size>
         <input_file_ref idref="fl-19"/>
      </object_component>
      <object_component id="oc-6d">
         <name>.text</name>
         <load_address>0x36819</load_address>
         <run_address>0x36819</run_address>
         <size>0x831</size>
         <input_file_ref idref="fl-12"/>
      </object_component>
      <object_component id="oc-12">
         <name>.text</name>
         <load_address>0x3704a</load_address>
         <run_address>0x3704a</run_address>
         <size>0x7da</size>
         <input_file_ref idref="fl-2"/>
      </object_component>
      <object_component id="oc-4c">
         <name>.text</name>
         <load_address>0x37824</load_address>
         <run_address>0x37824</run_address>
         <size>0x68d</size>
         <input_file_ref idref="fl-c"/>
      </object_component>
      <object_component id="oc-a1">
         <name>.text</name>
         <load_address>0x37eb1</load_address>
         <run_address>0x37eb1</run_address>
         <size>0x5b4</size>
         <input_file_ref idref="fl-1c"/>
      </object_component>
      <object_component id="oc-13b">
         <name>.text</name>
         <load_address>0x38465</load_address>
         <run_address>0x38465</run_address>
         <size>0x543</size>
         <input_file_ref idref="fl-43"/>
      </object_component>
      <object_component id="oc-20">
         <name>.text</name>
         <load_address>0x389a8</load_address>
         <run_address>0x389a8</run_address>
         <size>0x540</size>
         <input_file_ref idref="fl-4"/>
      </object_component>
      <object_component id="oc-159">
         <name>.text</name>
         <load_address>0x38ee8</load_address>
         <run_address>0x38ee8</run_address>
         <size>0x528</size>
         <input_file_ref idref="fl-4a"/>
      </object_component>
      <object_component id="oc-63">
         <name>.text</name>
         <load_address>0x39410</load_address>
         <run_address>0x39410</run_address>
         <size>0x51f</size>
         <input_file_ref idref="fl-10"/>
      </object_component>
      <object_component id="oc-182">
         <name>.text</name>
         <load_address>0x3992f</load_address>
         <run_address>0x3992f</run_address>
         <size>0x4b5</size>
         <input_file_ref idref="fl-53"/>
      </object_component>
      <object_component id="oc-11e">
         <name>.text</name>
         <load_address>0x39de4</load_address>
         <run_address>0x39de4</run_address>
         <size>0x3cc</size>
         <input_file_ref idref="fl-3c"/>
      </object_component>
      <object_component id="oc-72">
         <name>.text</name>
         <load_address>0x3a1b0</load_address>
         <run_address>0x3a1b0</run_address>
         <size>0x33e</size>
         <input_file_ref idref="fl-13"/>
      </object_component>
      <object_component id="oc-51">
         <name>.text</name>
         <load_address>0x3a4ee</load_address>
         <run_address>0x3a4ee</run_address>
         <size>0x2eb</size>
         <input_file_ref idref="fl-d"/>
      </object_component>
      <object_component id="oc-8d">
         <name>.text</name>
         <load_address>0x3a7d9</load_address>
         <run_address>0x3a7d9</run_address>
         <size>0x2a8</size>
         <input_file_ref idref="fl-18"/>
      </object_component>
      <object_component id="oc-17c">
         <name>.text</name>
         <load_address>0x3aa81</load_address>
         <run_address>0x3aa81</run_address>
         <size>0x27f</size>
         <input_file_ref idref="fl-52"/>
      </object_component>
      <object_component id="oc-137">
         <name>.text</name>
         <load_address>0x3ad00</load_address>
         <run_address>0x3ad00</run_address>
         <size>0x25e</size>
         <input_file_ref idref="fl-42"/>
      </object_component>
      <object_component id="oc-b2">
         <name>.text</name>
         <load_address>0x3af5e</load_address>
         <run_address>0x3af5e</run_address>
         <size>0x25c</size>
         <input_file_ref idref="fl-1f"/>
      </object_component>
      <object_component id="oc-168">
         <name>.text</name>
         <load_address>0x3b1ba</load_address>
         <run_address>0x3b1ba</run_address>
         <size>0x25a</size>
         <input_file_ref idref="fl-4d"/>
      </object_component>
      <object_component id="oc-114">
         <name>.text</name>
         <load_address>0x3b414</load_address>
         <run_address>0x3b414</run_address>
         <size>0x1ea</size>
         <input_file_ref idref="fl-39"/>
      </object_component>
      <object_component id="oc-30">
         <name>.text</name>
         <load_address>0x3b5fe</load_address>
         <run_address>0x3b5fe</run_address>
         <size>0x1c9</size>
         <input_file_ref idref="fl-7"/>
      </object_component>
      <object_component id="oc-1a">
         <name>.text</name>
         <load_address>0x3b7c7</load_address>
         <run_address>0x3b7c7</run_address>
         <size>0x187</size>
         <input_file_ref idref="fl-3"/>
      </object_component>
      <object_component id="oc-126">
         <name>.text</name>
         <load_address>0x3b94e</load_address>
         <run_address>0x3b94e</run_address>
         <size>0x163</size>
         <input_file_ref idref="fl-3e"/>
      </object_component>
      <object_component id="oc-2b">
         <name>.text</name>
         <load_address>0x3bab1</load_address>
         <run_address>0x3bab1</run_address>
         <size>0x15d</size>
         <input_file_ref idref="fl-6"/>
      </object_component>
      <object_component id="oc-e4">
         <name>.text</name>
         <load_address>0x3bc0e</load_address>
         <run_address>0x3bc0e</run_address>
         <size>0x14c</size>
         <input_file_ref idref="fl-2e"/>
      </object_component>
      <object_component id="oc-178">
         <name>.text</name>
         <load_address>0x3bd5a</load_address>
         <run_address>0x3bd5a</run_address>
         <size>0xe6</size>
         <input_file_ref idref="fl-51"/>
      </object_component>
      <object_component id="oc-164">
         <name>.text</name>
         <load_address>0x3be40</load_address>
         <run_address>0x3be40</run_address>
         <size>0xdd</size>
         <input_file_ref idref="fl-4c"/>
      </object_component>
      <object_component id="oc-170">
         <name>.text</name>
         <load_address>0x3bf1d</load_address>
         <run_address>0x3bf1d</run_address>
         <size>0xc2</size>
         <input_file_ref idref="fl-4f"/>
      </object_component>
      <object_component id="oc-161">
         <name>.text:CIO_breakpoint</name>
         <load_address>0x3bfdf</load_address>
         <run_address>0x3bfdf</run_address>
         <size>0xba</size>
         <input_file_ref idref="fl-4b"/>
      </object_component>
      <object_component id="oc-122">
         <name>.text</name>
         <load_address>0x3c099</load_address>
         <run_address>0x3c099</run_address>
         <size>0xa6</size>
         <input_file_ref idref="fl-3d"/>
      </object_component>
      <object_component id="oc-c0">
         <name>.text</name>
         <load_address>0x3c13f</load_address>
         <run_address>0x3c13f</run_address>
         <size>0xa1</size>
         <input_file_ref idref="fl-26"/>
      </object_component>
      <object_component id="oc-69">
         <name>.text</name>
         <load_address>0x3c1e0</load_address>
         <run_address>0x3c1e0</run_address>
         <size>0x8c</size>
         <input_file_ref idref="fl-11"/>
      </object_component>
      <object_component id="oc-141">
         <name>.text</name>
         <load_address>0x3c26c</load_address>
         <run_address>0x3c26c</run_address>
         <size>0x7d</size>
         <input_file_ref idref="fl-44"/>
      </object_component>
      <object_component id="oc-189">
         <name>.text</name>
         <load_address>0x3c2e9</load_address>
         <run_address>0x3c2e9</run_address>
         <size>0x7b</size>
         <input_file_ref idref="fl-54"/>
      </object_component>
      <object_component id="oc-12b">
         <name>.text</name>
         <load_address>0x3c364</load_address>
         <run_address>0x3c364</run_address>
         <size>0x76</size>
         <input_file_ref idref="fl-3f"/>
      </object_component>
      <object_component id="oc-12f">
         <name>.text</name>
         <load_address>0x3c3da</load_address>
         <run_address>0x3c3da</run_address>
         <size>0x73</size>
         <input_file_ref idref="fl-40"/>
      </object_component>
      <object_component id="oc-ec">
         <name>.text</name>
         <load_address>0x3c44d</load_address>
         <run_address>0x3c44d</run_address>
         <size>0x72</size>
         <input_file_ref idref="fl-30"/>
      </object_component>
      <object_component id="oc-cf">
         <name>.text</name>
         <load_address>0x3c4bf</load_address>
         <run_address>0x3c4bf</run_address>
         <size>0x6f</size>
         <input_file_ref idref="fl-29"/>
      </object_component>
      <object_component id="oc-15e">
         <name>.text</name>
         <load_address>0x3c52e</load_address>
         <run_address>0x3c52e</run_address>
         <size>0x6d</size>
         <input_file_ref idref="fl-4b"/>
      </object_component>
      <object_component id="oc-b7">
         <name>.text</name>
         <load_address>0x3c59b</load_address>
         <run_address>0x3c59b</run_address>
         <size>0x6d</size>
         <input_file_ref idref="fl-20"/>
      </object_component>
      <object_component id="oc-174">
         <name>.text</name>
         <load_address>0x3c608</load_address>
         <run_address>0x3c608</run_address>
         <size>0x6b</size>
         <input_file_ref idref="fl-50"/>
      </object_component>
      <object_component id="oc-d7">
         <name>.text</name>
         <load_address>0x3c673</load_address>
         <run_address>0x3c673</run_address>
         <size>0x67</size>
         <input_file_ref idref="fl-2b"/>
      </object_component>
      <object_component id="oc-10c">
         <name>.text</name>
         <load_address>0x3c6da</load_address>
         <run_address>0x3c6da</run_address>
         <size>0x5c</size>
         <input_file_ref idref="fl-37"/>
      </object_component>
      <object_component id="oc-26">
         <name>.text</name>
         <load_address>0x3c736</load_address>
         <run_address>0x3c736</run_address>
         <size>0x54</size>
         <input_file_ref idref="fl-5"/>
      </object_component>
      <object_component id="oc-e8">
         <name>.text</name>
         <load_address>0x3c78a</load_address>
         <run_address>0x3c78a</run_address>
         <size>0x50</size>
         <input_file_ref idref="fl-2f"/>
      </object_component>
      <object_component id="oc-110">
         <name>.text</name>
         <load_address>0x3c7da</load_address>
         <run_address>0x3c7da</run_address>
         <size>0x4d</size>
         <input_file_ref idref="fl-38"/>
      </object_component>
      <object_component id="oc-108">
         <name>.text</name>
         <load_address>0x3c827</load_address>
         <run_address>0x3c827</run_address>
         <size>0x4b</size>
         <input_file_ref idref="fl-36"/>
      </object_component>
      <object_component id="oc-151">
         <name>.text</name>
         <load_address>0x3c872</load_address>
         <run_address>0x3c872</run_address>
         <size>0x4b</size>
         <input_file_ref idref="fl-48"/>
      </object_component>
      <object_component id="oc-16c">
         <name>.text</name>
         <load_address>0x3c8bd</load_address>
         <run_address>0x3c8bd</run_address>
         <size>0x48</size>
         <input_file_ref idref="fl-4e"/>
      </object_component>
      <object_component id="oc-149">
         <name>.text</name>
         <load_address>0x3c905</load_address>
         <run_address>0x3c905</run_address>
         <size>0x3f</size>
         <input_file_ref idref="fl-46"/>
      </object_component>
      <object_component id="oc-c4">
         <name>.text</name>
         <load_address>0x3c944</load_address>
         <run_address>0x3c944</run_address>
         <size>0x3e</size>
         <input_file_ref idref="fl-27"/>
      </object_component>
      <object_component id="oc-10">
         <name>.text</name>
         <load_address>0x3c982</load_address>
         <run_address>0x3c982</run_address>
         <size>0x34</size>
         <input_file_ref idref="fl-25"/>
      </object_component>
      <object_component id="oc-cb">
         <name>.text</name>
         <load_address>0x3c9b6</load_address>
         <run_address>0x3c9b6</run_address>
         <size>0x2a</size>
         <input_file_ref idref="fl-28"/>
      </object_component>
      <object_component id="oc-f4">
         <name>.text</name>
         <load_address>0x3c9e0</load_address>
         <run_address>0x3c9e0</run_address>
         <size>0x2a</size>
         <input_file_ref idref="fl-32"/>
      </object_component>
      <object_component id="oc-145">
         <name>.text</name>
         <load_address>0x3ca0a</load_address>
         <run_address>0x3ca0a</run_address>
         <size>0x23</size>
         <input_file_ref idref="fl-45"/>
      </object_component>
      <object_component id="oc-133">
         <name>.text</name>
         <load_address>0x3ca2d</load_address>
         <run_address>0x3ca2d</run_address>
         <size>0x1a</size>
         <input_file_ref idref="fl-41"/>
      </object_component>
      <object_component id="oc-155">
         <name>.text</name>
         <load_address>0x3ca47</load_address>
         <run_address>0x3ca47</run_address>
         <size>0x14</size>
         <input_file_ref idref="fl-49"/>
      </object_component>
      <object_component id="oc-dc">
         <name>.text</name>
         <load_address>0x3ca5b</load_address>
         <run_address>0x3ca5b</run_address>
         <size>0x13</size>
         <input_file_ref idref="fl-2c"/>
      </object_component>
      <object_component id="oc-fc">
         <name>.text</name>
         <load_address>0x3ca6e</load_address>
         <run_address>0x3ca6e</run_address>
         <size>0x12</size>
         <input_file_ref idref="fl-34"/>
      </object_component>
      <object_component id="oc-e0">
         <name>.text</name>
         <load_address>0x3ca80</load_address>
         <run_address>0x3ca80</run_address>
         <size>0x11</size>
         <input_file_ref idref="fl-2d"/>
      </object_component>
      <object_component id="oc-f0">
         <name>.text</name>
         <load_address>0x3ca91</load_address>
         <run_address>0x3ca91</run_address>
         <size>0x11</size>
         <input_file_ref idref="fl-31"/>
      </object_component>
      <object_component id="oc-14d">
         <name>.text</name>
         <load_address>0x3caa2</load_address>
         <run_address>0x3caa2</run_address>
         <size>0x10</size>
         <input_file_ref idref="fl-47"/>
      </object_component>
      <object_component id="oc-d3">
         <name>.text</name>
         <load_address>0x3cab2</load_address>
         <run_address>0x3cab2</run_address>
         <size>0xc</size>
         <input_file_ref idref="fl-2a"/>
      </object_component>
      <object_component id="oc-18d">
         <name>.text</name>
         <load_address>0x3cabe</load_address>
         <run_address>0x3cabe</run_address>
         <size>0xa</size>
         <input_file_ref idref="fl-55"/>
      </object_component>
      <object_component id="oc-c8">
         <name>.text:CIO_breakpoint</name>
         <load_address>0x3cac8</load_address>
         <run_address>0x3cac8</run_address>
         <size>0x7</size>
         <input_file_ref idref="fl-27"/>
      </object_component>
      <object_component id="oc-f8">
         <name>.text</name>
         <load_address>0x3cacf</load_address>
         <run_address>0x3cacf</run_address>
         <size>0x2</size>
         <input_file_ref idref="fl-33"/>
      </object_component>
      <object_component id="oc-bc">
         <name>.stack</name>
         <uninitialized>true</uninitialized>
         <run_address>0xc0</run_address>
         <size>0x0</size>
         <input_file_ref idref="fl-25"/>
      </object_component>
      <object_component id="oc-1b2">
         <name>.stack</name>
         <uninitialized>true</uninitialized>
         <run_address>0xc0</run_address>
         <size>0x0</size>
      </object_component>
      <object_component id="oc-191">
         <name>.sysstack</name>
         <uninitialized>true</uninitialized>
         <run_address>0x20c0</run_address>
         <size>0x0</size>
         <input_file_ref idref="fl-25"/>
      </object_component>
      <object_component id="oc-1b4">
         <name>.sysstack</name>
         <uninitialized>true</uninitialized>
         <run_address>0x20c0</run_address>
         <size>0x0</size>
      </object_component>
      <object_component id="oc-13">
         <name>.bss</name>
         <uninitialized>true</uninitialized>
         <run_address>0x30c0</run_address>
         <size>0x8022</size>
         <input_file_ref idref="fl-2"/>
      </object_component>
      <object_component id="oc-1b">
         <name>.bss</name>
         <uninitialized>true</uninitialized>
         <run_address>0xb0e2</run_address>
         <size>0x6</size>
         <input_file_ref idref="fl-3"/>
      </object_component>
      <object_component id="oc-7d">
         <name>.bss</name>
         <uninitialized>true</uninitialized>
         <run_address>0xb0e8</run_address>
         <size>0xa1a</size>
         <input_file_ref idref="fl-15"/>
      </object_component>
      <object_component id="oc-17d">
         <name>.bss</name>
         <uninitialized>true</uninitialized>
         <run_address>0xbb02</run_address>
         <size>0x2</size>
         <input_file_ref idref="fl-52"/>
      </object_component>
      <object_component id="oc-ad">
         <name>.bss</name>
         <uninitialized>true</uninitialized>
         <run_address>0xbb04</run_address>
         <size>0x37c</size>
         <input_file_ref idref="fl-1e"/>
      </object_component>
      <object_component id="oc-11a">
         <name>.bss</name>
         <uninitialized>true</uninitialized>
         <run_address>0xbe80</run_address>
         <size>0x232</size>
         <input_file_ref idref="fl-3b"/>
      </object_component>
      <object_component id="oc-15a">
         <name>.bss</name>
         <uninitialized>true</uninitialized>
         <run_address>0xc0b2</run_address>
         <size>0x1a0</size>
         <input_file_ref idref="fl-4a"/>
      </object_component>
      <object_component id="oc-64">
         <name>.bss</name>
         <uninitialized>true</uninitialized>
         <run_address>0xc254</run_address>
         <size>0x108</size>
         <input_file_ref idref="fl-10"/>
      </object_component>
      <object_component id="oc-13c">
         <name>.bss</name>
         <uninitialized>true</uninitialized>
         <run_address>0xc35c</run_address>
         <size>0xe2</size>
         <input_file_ref idref="fl-43"/>
      </object_component>
      <object_component id="oc-5d">
         <name>.bss</name>
         <uninitialized>true</uninitialized>
         <run_address>0xc43e</run_address>
         <size>0x54</size>
         <input_file_ref idref="fl-f"/>
      </object_component>
      <object_component id="oc-57">
         <name>.bss</name>
         <uninitialized>true</uninitialized>
         <run_address>0xc494</run_address>
         <size>0x24</size>
         <input_file_ref idref="fl-e"/>
      </object_component>
      <object_component id="oc-183">
         <name>.bss</name>
         <uninitialized>true</uninitialized>
         <run_address>0xc4b8</run_address>
         <size>0xc</size>
         <input_file_ref idref="fl-53"/>
      </object_component>
      <object_component id="oc-fd">
         <name>.bss</name>
         <uninitialized>true</uninitialized>
         <run_address>0xc4c4</run_address>
         <size>0x8</size>
         <input_file_ref idref="fl-34"/>
      </object_component>
      <object_component id="oc-c5">
         <name>.bss</name>
         <uninitialized>true</uninitialized>
         <run_address>0xc4cc</run_address>
         <size>0x8</size>
         <input_file_ref idref="fl-27"/>
      </object_component>
      <object_component id="oc-a2">
         <name>.bss</name>
         <uninitialized>true</uninitialized>
         <run_address>0xc4d4</run_address>
         <size>0x6</size>
         <input_file_ref idref="fl-1c"/>
      </object_component>
      <object_component id="oc-31">
         <name>.bss</name>
         <uninitialized>true</uninitialized>
         <run_address>0xc4dc</run_address>
         <size>0x4</size>
         <input_file_ref idref="fl-7"/>
      </object_component>
      <object_component id="oc-22">
         <name>.const:.string</name>
         <load_address>0xe4e0</load_address>
         <run_address>0xe4e0</run_address>
         <size>0x2e8</size>
         <input_file_ref idref="fl-4"/>
      </object_component>
      <object_component id="oc-199">
         <name>.const:__ctypes_</name>
         <load_address>0xe7c8</load_address>
         <run_address>0xe7c8</run_address>
         <size>0x202</size>
         <input_file_ref idref="fl-3a"/>
      </object_component>
      <object_component id="oc-3e">
         <name>.const:.string</name>
         <load_address>0xe9cc</load_address>
         <run_address>0xe9cc</run_address>
         <size>0x102</size>
         <input_file_ref idref="fl-9"/>
      </object_component>
      <object_component id="oc-105">
         <name>.const:.string</name>
         <load_address>0xead0</load_address>
         <run_address>0xead0</run_address>
         <size>0x48</size>
         <input_file_ref idref="fl-35"/>
      </object_component>
      <object_component id="oc-104">
         <name>.const</name>
         <load_address>0xeb18</load_address>
         <run_address>0xeb18</run_address>
         <size>0x18</size>
         <input_file_ref idref="fl-35"/>
      </object_component>
      <object_component id="oc-19a">
         <name>.const:_initial_approx$1</name>
         <load_address>0xeb30</load_address>
         <run_address>0xeb30</run_address>
         <size>0x10</size>
         <input_file_ref idref="fl-3c"/>
      </object_component>
      <object_component id="oc-16">
         <name>.const</name>
         <load_address>0xeb40</load_address>
         <run_address>0xeb40</run_address>
         <size>0xc</size>
         <input_file_ref idref="fl-2"/>
      </object_component>
      <object_component id="oc-128">
         <name>.const:.string</name>
         <load_address>0xeb4c</load_address>
         <run_address>0xeb4c</run_address>
         <size>0x4</size>
         <input_file_ref idref="fl-3e"/>
      </object_component>
      <object_component id="oc-d9">
         <name>.const</name>
         <load_address>0xeb50</load_address>
         <run_address>0xeb50</run_address>
         <size>0x4</size>
         <input_file_ref idref="fl-2b"/>
      </object_component>
      <object_component id="oc-186">
         <name>.sysmem</name>
         <uninitialized>true</uninitialized>
         <run_address>0xc4e0</run_address>
         <size>0x0</size>
         <input_file_ref idref="fl-53"/>
      </object_component>
      <object_component id="oc-1b3">
         <name>.sysmem</name>
         <uninitialized>true</uninitialized>
         <run_address>0xc4e0</run_address>
         <size>0x0</size>
      </object_component>
      <object_component id="oc-197">
         <name>.switch:_SDIO_eventDisable</name>
         <load_address>0x40438</load_address>
         <run_address>0x40438</run_address>
         <size>0x44</size>
         <input_file_ref idref="fl-1b"/>
      </object_component>
      <object_component id="oc-196">
         <name>.switch:_SDIO_eventEnable</name>
         <load_address>0x4047c</load_address>
         <run_address>0x4047c</run_address>
         <size>0x44</size>
         <input_file_ref idref="fl-1b"/>
      </object_component>
      <object_component id="oc-192">
         <name>.switch:_DMA_config</name>
         <load_address>0x404c0</load_address>
         <run_address>0x404c0</run_address>
         <size>0x40</size>
         <input_file_ref idref="fl-b"/>
      </object_component>
      <object_component id="oc-193">
         <name>.switch:_DMA_getConfig</name>
         <load_address>0x40500</load_address>
         <run_address>0x40500</run_address>
         <size>0x40</size>
         <input_file_ref idref="fl-b"/>
      </object_component>
      <object_component id="oc-194">
         <name>.switch:_DMA_reset</name>
         <load_address>0x40540</load_address>
         <run_address>0x40540</run_address>
         <size>0x40</size>
         <input_file_ref idref="fl-b"/>
      </object_component>
      <object_component id="oc-198">
         <name>.switch:_USB_coreEventProcessEp0</name>
         <load_address>0x40580</load_address>
         <run_address>0x40580</run_address>
         <size>0x30</size>
         <input_file_ref idref="fl-1e"/>
      </object_component>
      <object_component id="oc-195">
         <name>.switch:_MSC_Bulk</name>
         <load_address>0x405b0</load_address>
         <run_address>0x405b0</run_address>
         <size>0x20</size>
         <input_file_ref idref="fl-16"/>
      </object_component>
      <object_component id="oc-15">
         <name>.cinit</name>
         <load_address>0x40240</load_address>
         <run_address>0x40240</run_address>
         <size>0xcc</size>
         <input_file_ref idref="fl-2"/>
      </object_component>
      <object_component id="oc-13e">
         <name>.cinit</name>
         <load_address>0x4030c</load_address>
         <run_address>0x4030c</run_address>
         <size>0x5a</size>
         <input_file_ref idref="fl-43"/>
      </object_component>
      <object_component id="oc-11c">
         <name>.cinit</name>
         <load_address>0x40366</load_address>
         <run_address>0x40366</run_address>
         <size>0x54</size>
         <input_file_ref idref="fl-3b"/>
      </object_component>
      <object_component id="oc-7f">
         <name>.cinit</name>
         <load_address>0x403ba</load_address>
         <run_address>0x403ba</run_address>
         <size>0x2a</size>
         <input_file_ref idref="fl-15"/>
      </object_component>
      <object_component id="oc-ff">
         <name>.cinit</name>
         <load_address>0x403e4</load_address>
         <run_address>0x403e4</run_address>
         <size>0x14</size>
         <input_file_ref idref="fl-34"/>
      </object_component>
      <object_component id="oc-c7">
         <name>.cinit</name>
         <load_address>0x403f8</load_address>
         <run_address>0x403f8</run_address>
         <size>0x14</size>
         <input_file_ref idref="fl-27"/>
      </object_component>
      <object_component id="oc-5f">
         <name>.cinit</name>
         <load_address>0x4040c</load_address>
         <run_address>0x4040c</run_address>
         <size>0x10</size>
         <input_file_ref idref="fl-f"/>
      </object_component>
      <object_component id="oc-33">
         <name>.cinit</name>
         <load_address>0x4041c</load_address>
         <run_address>0x4041c</run_address>
         <size>0xa</size>
         <input_file_ref idref="fl-7"/>
      </object_component>
      <object_component id="oc-17f">
         <name>.cinit</name>
         <load_address>0x40426</load_address>
         <run_address>0x40426</run_address>
         <size>0x8</size>
         <input_file_ref idref="fl-52"/>
      </object_component>
      <object_component id="oc-185">
         <name>.cinit</name>
         <load_address>0x4042e</load_address>
         <run_address>0x4042e</run_address>
         <size>0x8</size>
         <input_file_ref idref="fl-53"/>
      </object_component>
      <object_component id="oc-160">
         <name>.cio</name>
         <uninitialized>true</uninitialized>
         <run_address>0x40000</run_address>
         <size>0x240</size>
         <input_file_ref idref="fl-4b"/>
      </object_component>
      <object_component id="oc-11">
         <name>vectors</name>
         <load_address>0x4fe00</load_address>
         <run_address>0x4fe00</run_address>
         <size>0x100</size>
         <input_file_ref idref="fl-33"/>
      </object_component>
      <object_component id="oc-b8">
         <name>vectors</name>
         <load_address>0x4ff00</load_address>
         <run_address>0x4ff00</run_address>
         <size>0x100</size>
         <input_file_ref idref="fl-20"/>
      </object_component>
      <object_component id="oc-14">
         <name>.debug_info</name>
         <load_address>0x0</load_address>
         <run_address>0x0</run_address>
         <size>0x1597</size>
         <input_file_ref idref="fl-2"/>
      </object_component>
      <object_component id="oc-1c">
         <name>.debug_info</name>
         <load_address>0x1597</load_address>
         <run_address>0x1597</run_address>
         <size>0xec5</size>
         <input_file_ref idref="fl-3"/>
      </object_component>
      <object_component id="oc-21">
         <name>.debug_info</name>
         <load_address>0x245c</load_address>
         <run_address>0x245c</run_address>
         <size>0xec4</size>
         <input_file_ref idref="fl-4"/>
      </object_component>
      <object_component id="oc-27">
         <name>.debug_info</name>
         <load_address>0x3320</load_address>
         <run_address>0x3320</run_address>
         <size>0x6b8</size>
         <input_file_ref idref="fl-5"/>
      </object_component>
      <object_component id="oc-2c">
         <name>.debug_info</name>
         <load_address>0x39d8</load_address>
         <run_address>0x39d8</run_address>
         <size>0x84f</size>
         <input_file_ref idref="fl-6"/>
      </object_component>
      <object_component id="oc-32">
         <name>.debug_info</name>
         <load_address>0x4227</load_address>
         <run_address>0x4227</run_address>
         <size>0xdbe</size>
         <input_file_ref idref="fl-7"/>
      </object_component>
      <object_component id="oc-38">
         <name>.debug_info</name>
         <load_address>0x4fe5</load_address>
         <run_address>0x4fe5</run_address>
         <size>0x3fbe</size>
         <input_file_ref idref="fl-8"/>
      </object_component>
      <object_component id="oc-3d">
         <name>.debug_info</name>
         <load_address>0x8fa3</load_address>
         <run_address>0x8fa3</run_address>
         <size>0x5063</size>
         <input_file_ref idref="fl-9"/>
      </object_component>
      <object_component id="oc-43">
         <name>.debug_info</name>
         <load_address>0xe006</load_address>
         <run_address>0xe006</run_address>
         <size>0x1467</size>
         <input_file_ref idref="fl-a"/>
      </object_component>
      <object_component id="oc-48">
         <name>.debug_info</name>
         <load_address>0xf46d</load_address>
         <run_address>0xf46d</run_address>
         <size>0x22a4</size>
         <input_file_ref idref="fl-b"/>
      </object_component>
      <object_component id="oc-4d">
         <name>.debug_info</name>
         <load_address>0x11711</load_address>
         <run_address>0x11711</run_address>
         <size>0x1484</size>
         <input_file_ref idref="fl-c"/>
      </object_component>
      <object_component id="oc-52">
         <name>.debug_info</name>
         <load_address>0x12b95</load_address>
         <run_address>0x12b95</run_address>
         <size>0x1395</size>
         <input_file_ref idref="fl-d"/>
      </object_component>
      <object_component id="oc-58">
         <name>.debug_info</name>
         <load_address>0x13f2a</load_address>
         <run_address>0x13f2a</run_address>
         <size>0x21dd</size>
         <input_file_ref idref="fl-e"/>
      </object_component>
      <object_component id="oc-5e">
         <name>.debug_info</name>
         <load_address>0x16107</load_address>
         <run_address>0x16107</run_address>
         <size>0x1ee0</size>
         <input_file_ref idref="fl-f"/>
      </object_component>
      <object_component id="oc-65">
         <name>.debug_info</name>
         <load_address>0x17fe7</load_address>
         <run_address>0x17fe7</run_address>
         <size>0x1584</size>
         <input_file_ref idref="fl-10"/>
      </object_component>
      <object_component id="oc-6a">
         <name>.debug_info</name>
         <load_address>0x1956b</load_address>
         <run_address>0x1956b</run_address>
         <size>0x127</size>
         <input_file_ref idref="fl-11"/>
      </object_component>
      <object_component id="oc-6e">
         <name>.debug_info</name>
         <load_address>0x19692</load_address>
         <run_address>0x19692</run_address>
         <size>0x1a53</size>
         <input_file_ref idref="fl-12"/>
      </object_component>
      <object_component id="oc-73">
         <name>.debug_info</name>
         <load_address>0x1b0e5</load_address>
         <run_address>0x1b0e5</run_address>
         <size>0x1315</size>
         <input_file_ref idref="fl-13"/>
      </object_component>
      <object_component id="oc-78">
         <name>.debug_info</name>
         <load_address>0x1c3fa</load_address>
         <run_address>0x1c3fa</run_address>
         <size>0x87f6</size>
         <input_file_ref idref="fl-14"/>
      </object_component>
      <object_component id="oc-7e">
         <name>.debug_info</name>
         <load_address>0x24bf0</load_address>
         <run_address>0x24bf0</run_address>
         <size>0x4fa8</size>
         <input_file_ref idref="fl-15"/>
      </object_component>
      <object_component id="oc-84">
         <name>.debug_info</name>
         <load_address>0x29b98</load_address>
         <run_address>0x29b98</run_address>
         <size>0x69e7</size>
         <input_file_ref idref="fl-16"/>
      </object_component>
      <object_component id="oc-89">
         <name>.debug_info</name>
         <load_address>0x3057f</load_address>
         <run_address>0x3057f</run_address>
         <size>0x385d</size>
         <input_file_ref idref="fl-17"/>
      </object_component>
      <object_component id="oc-8e">
         <name>.debug_info</name>
         <load_address>0x33ddc</load_address>
         <run_address>0x33ddc</run_address>
         <size>0x1197</size>
         <input_file_ref idref="fl-18"/>
      </object_component>
      <object_component id="oc-93">
         <name>.debug_info</name>
         <load_address>0x34f73</load_address>
         <run_address>0x34f73</run_address>
         <size>0x2785</size>
         <input_file_ref idref="fl-19"/>
      </object_component>
      <object_component id="oc-98">
         <name>.debug_info</name>
         <load_address>0x376f8</load_address>
         <run_address>0x376f8</run_address>
         <size>0x1b42</size>
         <input_file_ref idref="fl-1a"/>
      </object_component>
      <object_component id="oc-9d">
         <name>.debug_info</name>
         <load_address>0x3923a</load_address>
         <run_address>0x3923a</run_address>
         <size>0x4ff8</size>
         <input_file_ref idref="fl-1b"/>
      </object_component>
      <object_component id="oc-a3">
         <name>.debug_info</name>
         <load_address>0x3e232</load_address>
         <run_address>0x3e232</run_address>
         <size>0x1e79</size>
         <input_file_ref idref="fl-1c"/>
      </object_component>
      <object_component id="oc-a8">
         <name>.debug_info</name>
         <load_address>0x400ab</load_address>
         <run_address>0x400ab</run_address>
         <size>0x2f60</size>
         <input_file_ref idref="fl-1d"/>
      </object_component>
      <object_component id="oc-ae">
         <name>.debug_info</name>
         <load_address>0x4300b</load_address>
         <run_address>0x4300b</run_address>
         <size>0x67d7</size>
         <input_file_ref idref="fl-1e"/>
      </object_component>
      <object_component id="oc-b3">
         <name>.debug_info</name>
         <load_address>0x497e2</load_address>
         <run_address>0x497e2</run_address>
         <size>0x12cf</size>
         <input_file_ref idref="fl-1f"/>
      </object_component>
      <object_component id="oc-b9">
         <name>.debug_info</name>
         <load_address>0x4aab1</load_address>
         <run_address>0x4aab1</run_address>
         <size>0x111</size>
         <input_file_ref idref="fl-20"/>
      </object_component>
      <object_component id="oc-bd">
         <name>.debug_info</name>
         <load_address>0x4abc2</load_address>
         <run_address>0x4abc2</run_address>
         <size>0xe8</size>
         <input_file_ref idref="fl-25"/>
      </object_component>
      <object_component id="oc-c1">
         <name>.debug_info</name>
         <load_address>0x4acaa</load_address>
         <run_address>0x4acaa</run_address>
         <size>0x534</size>
         <input_file_ref idref="fl-26"/>
      </object_component>
      <object_component id="oc-c6">
         <name>.debug_info</name>
         <load_address>0x4b1de</load_address>
         <run_address>0x4b1de</run_address>
         <size>0x5fb</size>
         <input_file_ref idref="fl-27"/>
      </object_component>
      <object_component id="oc-cc">
         <name>.debug_info</name>
         <load_address>0x4b7d9</load_address>
         <run_address>0x4b7d9</run_address>
         <size>0x4cf</size>
         <input_file_ref idref="fl-28"/>
      </object_component>
      <object_component id="oc-d0">
         <name>.debug_info</name>
         <load_address>0x4bca8</load_address>
         <run_address>0x4bca8</run_address>
         <size>0x534</size>
         <input_file_ref idref="fl-29"/>
      </object_component>
      <object_component id="oc-d4">
         <name>.debug_info</name>
         <load_address>0x4c1dc</load_address>
         <run_address>0x4c1dc</run_address>
         <size>0x4cf</size>
         <input_file_ref idref="fl-2a"/>
      </object_component>
      <object_component id="oc-d8">
         <name>.debug_info</name>
         <load_address>0x4c6ab</load_address>
         <run_address>0x4c6ab</run_address>
         <size>0x549</size>
         <input_file_ref idref="fl-2b"/>
      </object_component>
      <object_component id="oc-dd">
         <name>.debug_info</name>
         <load_address>0x4cbf4</load_address>
         <run_address>0x4cbf4</run_address>
         <size>0xbd</size>
         <input_file_ref idref="fl-2c"/>
      </object_component>
      <object_component id="oc-e1">
         <name>.debug_info</name>
         <load_address>0x4ccb1</load_address>
         <run_address>0x4ccb1</run_address>
         <size>0x59d</size>
         <input_file_ref idref="fl-2d"/>
      </object_component>
      <object_component id="oc-e5">
         <name>.debug_info</name>
         <load_address>0x4d24e</load_address>
         <run_address>0x4d24e</run_address>
         <size>0x55b</size>
         <input_file_ref idref="fl-2e"/>
      </object_component>
      <object_component id="oc-e9">
         <name>.debug_info</name>
         <load_address>0x4d7a9</load_address>
         <run_address>0x4d7a9</run_address>
         <size>0x76c</size>
         <input_file_ref idref="fl-2f"/>
      </object_component>
      <object_component id="oc-ed">
         <name>.debug_info</name>
         <load_address>0x4df15</load_address>
         <run_address>0x4df15</run_address>
         <size>0x534</size>
         <input_file_ref idref="fl-30"/>
      </object_component>
      <object_component id="oc-f1">
         <name>.debug_info</name>
         <load_address>0x4e449</load_address>
         <run_address>0x4e449</run_address>
         <size>0x589</size>
         <input_file_ref idref="fl-31"/>
      </object_component>
      <object_component id="oc-f5">
         <name>.debug_info</name>
         <load_address>0x4e9d2</load_address>
         <run_address>0x4e9d2</run_address>
         <size>0xef</size>
         <input_file_ref idref="fl-32"/>
      </object_component>
      <object_component id="oc-f9">
         <name>.debug_info</name>
         <load_address>0x4eac1</load_address>
         <run_address>0x4eac1</run_address>
         <size>0xbc</size>
         <input_file_ref idref="fl-33"/>
      </object_component>
      <object_component id="oc-fe">
         <name>.debug_info</name>
         <load_address>0x4eb7d</load_address>
         <run_address>0x4eb7d</run_address>
         <size>0x5bc</size>
         <input_file_ref idref="fl-34"/>
      </object_component>
      <object_component id="oc-103">
         <name>.debug_info</name>
         <load_address>0x4f139</load_address>
         <run_address>0x4f139</run_address>
         <size>0x27bd</size>
         <input_file_ref idref="fl-35"/>
      </object_component>
      <object_component id="oc-109">
         <name>.debug_info</name>
         <load_address>0x518f6</load_address>
         <run_address>0x518f6</run_address>
         <size>0x586</size>
         <input_file_ref idref="fl-36"/>
      </object_component>
      <object_component id="oc-10d">
         <name>.debug_info</name>
         <load_address>0x51e7c</load_address>
         <run_address>0x51e7c</run_address>
         <size>0x5a4</size>
         <input_file_ref idref="fl-37"/>
      </object_component>
      <object_component id="oc-111">
         <name>.debug_info</name>
         <load_address>0x52420</load_address>
         <run_address>0x52420</run_address>
         <size>0xcd</size>
         <input_file_ref idref="fl-38"/>
      </object_component>
      <object_component id="oc-115">
         <name>.debug_info</name>
         <load_address>0x524ed</load_address>
         <run_address>0x524ed</run_address>
         <size>0x81f</size>
         <input_file_ref idref="fl-39"/>
      </object_component>
      <object_component id="oc-118">
         <name>.debug_info</name>
         <load_address>0x52d0c</load_address>
         <run_address>0x52d0c</run_address>
         <size>0x498</size>
         <input_file_ref idref="fl-3a"/>
      </object_component>
      <object_component id="oc-11b">
         <name>.debug_info</name>
         <load_address>0x531a4</load_address>
         <run_address>0x531a4</run_address>
         <size>0x57e</size>
         <input_file_ref idref="fl-3b"/>
      </object_component>
      <object_component id="oc-11f">
         <name>.debug_info</name>
         <load_address>0x53722</load_address>
         <run_address>0x53722</run_address>
         <size>0x7e8</size>
         <input_file_ref idref="fl-3c"/>
      </object_component>
      <object_component id="oc-123">
         <name>.debug_info</name>
         <load_address>0x53f0a</load_address>
         <run_address>0x53f0a</run_address>
         <size>0x6aa</size>
         <input_file_ref idref="fl-3d"/>
      </object_component>
      <object_component id="oc-127">
         <name>.debug_info</name>
         <load_address>0x545b4</load_address>
         <run_address>0x545b4</run_address>
         <size>0x942</size>
         <input_file_ref idref="fl-3e"/>
      </object_component>
      <object_component id="oc-12c">
         <name>.debug_info</name>
         <load_address>0x54ef6</load_address>
         <run_address>0x54ef6</run_address>
         <size>0x4d2</size>
         <input_file_ref idref="fl-3f"/>
      </object_component>
      <object_component id="oc-130">
         <name>.debug_info</name>
         <load_address>0x553c8</load_address>
         <run_address>0x553c8</run_address>
         <size>0x53e</size>
         <input_file_ref idref="fl-40"/>
      </object_component>
      <object_component id="oc-134">
         <name>.debug_info</name>
         <load_address>0x55906</load_address>
         <run_address>0x55906</run_address>
         <size>0x680</size>
         <input_file_ref idref="fl-41"/>
      </object_component>
      <object_component id="oc-138">
         <name>.debug_info</name>
         <load_address>0x55f86</load_address>
         <run_address>0x55f86</run_address>
         <size>0x7d4</size>
         <input_file_ref idref="fl-42"/>
      </object_component>
      <object_component id="oc-13d">
         <name>.debug_info</name>
         <load_address>0x5675a</load_address>
         <run_address>0x5675a</run_address>
         <size>0x144b</size>
         <input_file_ref idref="fl-43"/>
      </object_component>
      <object_component id="oc-142">
         <name>.debug_info</name>
         <load_address>0x57ba5</load_address>
         <run_address>0x57ba5</run_address>
         <size>0x5ad</size>
         <input_file_ref idref="fl-44"/>
      </object_component>
      <object_component id="oc-146">
         <name>.debug_info</name>
         <load_address>0x58152</load_address>
         <run_address>0x58152</run_address>
         <size>0x574</size>
         <input_file_ref idref="fl-45"/>
      </object_component>
      <object_component id="oc-14a">
         <name>.debug_info</name>
         <load_address>0x586c6</load_address>
         <run_address>0x586c6</run_address>
         <size>0xd1</size>
         <input_file_ref idref="fl-46"/>
      </object_component>
      <object_component id="oc-14e">
         <name>.debug_info</name>
         <load_address>0x58797</load_address>
         <run_address>0x58797</run_address>
         <size>0x4b7</size>
         <input_file_ref idref="fl-47"/>
      </object_component>
      <object_component id="oc-152">
         <name>.debug_info</name>
         <load_address>0x58c4e</load_address>
         <run_address>0x58c4e</run_address>
         <size>0x4f2</size>
         <input_file_ref idref="fl-48"/>
      </object_component>
      <object_component id="oc-156">
         <name>.debug_info</name>
         <load_address>0x59140</load_address>
         <run_address>0x59140</run_address>
         <size>0x4de</size>
         <input_file_ref idref="fl-49"/>
      </object_component>
      <object_component id="oc-15b">
         <name>.debug_info</name>
         <load_address>0x5961e</load_address>
         <run_address>0x5961e</run_address>
         <size>0xed4</size>
         <input_file_ref idref="fl-4a"/>
      </object_component>
      <object_component id="oc-15f">
         <name>.debug_info</name>
         <load_address>0x5a4f2</load_address>
         <run_address>0x5a4f2</run_address>
         <size>0x744</size>
         <input_file_ref idref="fl-4b"/>
      </object_component>
      <object_component id="oc-165">
         <name>.debug_info</name>
         <load_address>0x5ac36</load_address>
         <run_address>0x5ac36</run_address>
         <size>0x662</size>
         <input_file_ref idref="fl-4c"/>
      </object_component>
      <object_component id="oc-169">
         <name>.debug_info</name>
         <load_address>0x5b298</load_address>
         <run_address>0x5b298</run_address>
         <size>0x5ab</size>
         <input_file_ref idref="fl-4d"/>
      </object_component>
      <object_component id="oc-16d">
         <name>.debug_info</name>
         <load_address>0x5b843</load_address>
         <run_address>0x5b843</run_address>
         <size>0x4f2</size>
         <input_file_ref idref="fl-4e"/>
      </object_component>
      <object_component id="oc-171">
         <name>.debug_info</name>
         <load_address>0x5bd35</load_address>
         <run_address>0x5bd35</run_address>
         <size>0x706</size>
         <input_file_ref idref="fl-4f"/>
      </object_component>
      <object_component id="oc-175">
         <name>.debug_info</name>
         <load_address>0x5c43b</load_address>
         <run_address>0x5c43b</run_address>
         <size>0x5f7</size>
         <input_file_ref idref="fl-50"/>
      </object_component>
      <object_component id="oc-179">
         <name>.debug_info</name>
         <load_address>0x5ca32</load_address>
         <run_address>0x5ca32</run_address>
         <size>0x64a</size>
         <input_file_ref idref="fl-51"/>
      </object_component>
      <object_component id="oc-17e">
         <name>.debug_info</name>
         <load_address>0x5d07c</load_address>
         <run_address>0x5d07c</run_address>
         <size>0xa1c</size>
         <input_file_ref idref="fl-52"/>
      </object_component>
      <object_component id="oc-184">
         <name>.debug_info</name>
         <load_address>0x5da98</load_address>
         <run_address>0x5da98</run_address>
         <size>0xb97</size>
         <input_file_ref idref="fl-53"/>
      </object_component>
      <object_component id="oc-18a">
         <name>.debug_info</name>
         <load_address>0x5e62f</load_address>
         <run_address>0x5e62f</run_address>
         <size>0x64f</size>
         <input_file_ref idref="fl-54"/>
      </object_component>
      <object_component id="oc-18e">
         <name>.debug_info</name>
         <load_address>0x5ec7e</load_address>
         <run_address>0x5ec7e</run_address>
         <size>0x510</size>
         <input_file_ref idref="fl-55"/>
      </object_component>
      <object_component id="oc-1be">
         <name>.debug_info</name>
         <load_address>0x5f18e</load_address>
         <run_address>0x5f18e</run_address>
         <size>0x6e</size>
      </object_component>
      <object_component id="oc-17">
         <name>.debug_frame</name>
         <load_address>0x0</load_address>
         <run_address>0x0</run_address>
         <size>0x1e0</size>
         <input_file_ref idref="fl-2"/>
      </object_component>
      <object_component id="oc-1d">
         <name>.debug_frame</name>
         <load_address>0x1e0</load_address>
         <run_address>0x1e0</run_address>
         <size>0x18f</size>
         <input_file_ref idref="fl-3"/>
      </object_component>
      <object_component id="oc-23">
         <name>.debug_frame</name>
         <load_address>0x36f</load_address>
         <run_address>0x36f</run_address>
         <size>0x103</size>
         <input_file_ref idref="fl-4"/>
      </object_component>
      <object_component id="oc-28">
         <name>.debug_frame</name>
         <load_address>0x472</load_address>
         <run_address>0x472</run_address>
         <size>0x116</size>
         <input_file_ref idref="fl-5"/>
      </object_component>
      <object_component id="oc-2d">
         <name>.debug_frame</name>
         <load_address>0x588</load_address>
         <run_address>0x588</run_address>
         <size>0x135</size>
         <input_file_ref idref="fl-6"/>
      </object_component>
      <object_component id="oc-34">
         <name>.debug_frame</name>
         <load_address>0x6bd</load_address>
         <run_address>0x6bd</run_address>
         <size>0x167</size>
         <input_file_ref idref="fl-7"/>
      </object_component>
      <object_component id="oc-39">
         <name>.debug_frame</name>
         <load_address>0x824</load_address>
         <run_address>0x824</run_address>
         <size>0x2be</size>
         <input_file_ref idref="fl-8"/>
      </object_component>
      <object_component id="oc-3f">
         <name>.debug_frame</name>
         <load_address>0xae2</load_address>
         <run_address>0xae2</run_address>
         <size>0x223</size>
         <input_file_ref idref="fl-9"/>
      </object_component>
      <object_component id="oc-44">
         <name>.debug_frame</name>
         <load_address>0xd05</load_address>
         <run_address>0xd05</run_address>
         <size>0x15d</size>
         <input_file_ref idref="fl-a"/>
      </object_component>
      <object_component id="oc-49">
         <name>.debug_frame</name>
         <load_address>0xe62</load_address>
         <run_address>0xe62</run_address>
         <size>0x1e6</size>
         <input_file_ref idref="fl-b"/>
      </object_component>
      <object_component id="oc-4e">
         <name>.debug_frame</name>
         <load_address>0x1048</load_address>
         <run_address>0x1048</run_address>
         <size>0x224</size>
         <input_file_ref idref="fl-c"/>
      </object_component>
      <object_component id="oc-53">
         <name>.debug_frame</name>
         <load_address>0x126c</load_address>
         <run_address>0x126c</run_address>
         <size>0x190</size>
         <input_file_ref idref="fl-d"/>
      </object_component>
      <object_component id="oc-59">
         <name>.debug_frame</name>
         <load_address>0x13fc</load_address>
         <run_address>0x13fc</run_address>
         <size>0x1ef</size>
         <input_file_ref idref="fl-e"/>
      </object_component>
      <object_component id="oc-60">
         <name>.debug_frame</name>
         <load_address>0x15eb</load_address>
         <run_address>0x15eb</run_address>
         <size>0x197</size>
         <input_file_ref idref="fl-f"/>
      </object_component>
      <object_component id="oc-66">
         <name>.debug_frame</name>
         <load_address>0x1782</load_address>
         <run_address>0x1782</run_address>
         <size>0x2a1</size>
         <input_file_ref idref="fl-10"/>
      </object_component>
      <object_component id="oc-6f">
         <name>.debug_frame</name>
         <load_address>0x1a23</load_address>
         <run_address>0x1a23</run_address>
         <size>0x152</size>
         <input_file_ref idref="fl-12"/>
      </object_component>
      <object_component id="oc-74">
         <name>.debug_frame</name>
         <load_address>0x1b75</load_address>
         <run_address>0x1b75</run_address>
         <size>0x18a</size>
         <input_file_ref idref="fl-13"/>
      </object_component>
      <object_component id="oc-79">
         <name>.debug_frame</name>
         <load_address>0x1cff</load_address>
         <run_address>0x1cff</run_address>
         <size>0x5d4</size>
         <input_file_ref idref="fl-14"/>
      </object_component>
      <object_component id="oc-80">
         <name>.debug_frame</name>
         <load_address>0x22d3</load_address>
         <run_address>0x22d3</run_address>
         <size>0x35e</size>
         <input_file_ref idref="fl-15"/>
      </object_component>
      <object_component id="oc-85">
         <name>.debug_frame</name>
         <load_address>0x2631</load_address>
         <run_address>0x2631</run_address>
         <size>0x502</size>
         <input_file_ref idref="fl-16"/>
      </object_component>
      <object_component id="oc-8a">
         <name>.debug_frame</name>
         <load_address>0x2b33</load_address>
         <run_address>0x2b33</run_address>
         <size>0x37b</size>
         <input_file_ref idref="fl-17"/>
      </object_component>
      <object_component id="oc-8f">
         <name>.debug_frame</name>
         <load_address>0x2eae</load_address>
         <run_address>0x2eae</run_address>
         <size>0x175</size>
         <input_file_ref idref="fl-18"/>
      </object_component>
      <object_component id="oc-94">
         <name>.debug_frame</name>
         <load_address>0x3023</load_address>
         <run_address>0x3023</run_address>
         <size>0x308</size>
         <input_file_ref idref="fl-19"/>
      </object_component>
      <object_component id="oc-99">
         <name>.debug_frame</name>
         <load_address>0x332b</load_address>
         <run_address>0x332b</run_address>
         <size>0x272</size>
         <input_file_ref idref="fl-1a"/>
      </object_component>
      <object_component id="oc-9e">
         <name>.debug_frame</name>
         <load_address>0x359d</load_address>
         <run_address>0x359d</run_address>
         <size>0x3dd</size>
         <input_file_ref idref="fl-1b"/>
      </object_component>
      <object_component id="oc-a4">
         <name>.debug_frame</name>
         <load_address>0x397a</load_address>
         <run_address>0x397a</run_address>
         <size>0x1ae</size>
         <input_file_ref idref="fl-1c"/>
      </object_component>
      <object_component id="oc-a9">
         <name>.debug_frame</name>
         <load_address>0x3b28</load_address>
         <run_address>0x3b28</run_address>
         <size>0x30e</size>
         <input_file_ref idref="fl-1d"/>
      </object_component>
      <object_component id="oc-af">
         <name>.debug_frame</name>
         <load_address>0x3e36</load_address>
         <run_address>0x3e36</run_address>
         <size>0x4c2</size>
         <input_file_ref idref="fl-1e"/>
      </object_component>
      <object_component id="oc-b4">
         <name>.debug_frame</name>
         <load_address>0x42f8</load_address>
         <run_address>0x42f8</run_address>
         <size>0x1ae</size>
         <input_file_ref idref="fl-1f"/>
      </object_component>
      <object_component id="oc-18">
         <name>.debug_line</name>
         <load_address>0x0</load_address>
         <run_address>0x0</run_address>
         <size>0x221</size>
         <input_file_ref idref="fl-2"/>
      </object_component>
      <object_component id="oc-1e">
         <name>.debug_line</name>
         <load_address>0x221</load_address>
         <run_address>0x221</run_address>
         <size>0x12d</size>
         <input_file_ref idref="fl-3"/>
      </object_component>
      <object_component id="oc-24">
         <name>.debug_line</name>
         <load_address>0x34e</load_address>
[...]
      <symbol id="sm-12d5">
         <name>_gCtrlTransfer</name>
         <value>0xbc98</value>
         <object_component_ref idref="oc-ad"/>
      </symbol>
      <symbol id="sm-12d6">
         <name>_USB_issueRemoteWakeup</name>
         <value>0x2b1a7</value>
         <object_component_ref idref="oc-ac"/>
      </symbol>
      <symbol id="sm-12d7">
         <name>_USB_getSetupPacket</name>
         <value>0x2a6d4</value>
         <object_component_ref idref="oc-ac"/>
      </symbol>
      <symbol id="sm-12fc">
         <name>_WDTIM_start</name>
         <value>0x3afd4</value>
         <object_component_ref idref="oc-b2"/>
      </symbol>
      <symbol id="sm-12fd">
         <name>_WDTIM_getConfig</name>
         <value>0x3b170</value>
         <object_component_ref idref="oc-b2"/>
      </symbol>
      <symbol id="sm-12fe">
         <name>_WDTIM_open</name>
         <value>0x3af5e</value>
         <object_component_ref idref="oc-b2"/>
      </symbol>
      <symbol id="sm-12ff">
         <name>_WDTIM_service</name>
         <value>0x3b0d3</value>
         <object_component_ref idref="oc-b2"/>
      </symbol>
      <symbol id="sm-1300">
         <name>_WDTIM_getCnt</name>
         <value>0x3b061</value>
         <object_component_ref idref="oc-b2"/>
      </symbol>
      <symbol id="sm-1301">
         <name>_WDTIM_config</name>
         <value>0x3b106</value>
         <object_component_ref idref="oc-b2"/>
      </symbol>
      <symbol id="sm-1302">
         <name>_WDTIM_close</name>
         <value>0x3b08f</value>
         <object_component_ref idref="oc-b2"/>
      </symbol>
      <symbol id="sm-1303">
         <name>_WDTIM_stop</name>
         <value>0x3b01c</value>
         <object_component_ref idref="oc-b2"/>
      </symbol>
      <symbol id="sm-134d">
         <name>_VECSTART</name>
         <value>0x4ff00</value>
         <object_component_ref idref="oc-b8"/>
      </symbol>
      <symbol id="sm-134e">
         <name>RST</name>
         <value>0x4ff00</value>
         <object_component_ref idref="oc-b8"/>
      </symbol>
      <symbol id="sm-135a">
         <name>__sysstack</name>
         <value>0x20c0</value>
         <object_component_ref idref="oc-191"/>
      </symbol>
      <symbol id="sm-135b">
         <name>_c_int00</name>
         <value>0x3c982</value>
         <object_component_ref idref="oc-10"/>
      </symbol>
      <symbol id="sm-135c">
         <name>__stack</name>
         <value>0xc0</value>
         <object_component_ref idref="oc-bc"/>
      </symbol>
      <symbol id="sm-1367">
         <name>__divul</name>
         <value>0x3c13f</value>
         <object_component_ref idref="oc-c0"/>
      </symbol>
      <symbol id="sm-1377">
         <name>C$$EXIT</name>
         <value>0x3cac9</value>
         <object_component_ref idref="oc-c8"/>
      </symbol>
      <symbol id="sm-1378">
         <name>_exit</name>
         <value>0x3c944</value>
         <object_component_ref idref="oc-c4"/>
      </symbol>
      <symbol id="sm-1379">
         <name>_abort</name>
         <value>0x3cac8</value>
         <object_component_ref idref="oc-c8"/>
      </symbol>
      <symbol id="sm-137a">
         <name>__cleanup_ptr</name>
         <value>0xc4cc</value>
         <object_component_ref idref="oc-c5"/>
      </symbol>
      <symbol id="sm-137b">
         <name>__dtors_ptr</name>
         <value>0xc4d0</value>
         <object_component_ref idref="oc-c5"/>
      </symbol>
      <symbol id="sm-1385">
         <name>__fixdi</name>
         <value>0x3c9b6</value>
         <object_component_ref idref="oc-cb"/>
      </symbol>
      <symbol id="sm-138f">
         <name>__fixdli</name>
         <value>0x3c4bf</value>
         <object_component_ref idref="oc-cf"/>
      </symbol>
      <symbol id="sm-1399">
         <name>__fltid</name>
         <value>0x3cab2</value>
         <object_component_ref idref="oc-d3"/>
      </symbol>
      <symbol id="sm-13a5">
         <name>__fltlid</name>
         <value>0x3c673</value>
         <object_component_ref idref="oc-d7"/>
      </symbol>
      <symbol id="sm-13ad">
         <name>__mpyli</name>
         <value>0x3ca5b</value>
         <object_component_ref idref="oc-dc"/>
      </symbol>
      <symbol id="sm-13ae">
         <name>I$$LMPY</name>
         <value>0x3ca5b</value>
         <object_component_ref idref="oc-dc"/>
      </symbol>
      <symbol id="sm-13b8">
         <name>_memset</name>
         <value>0x3ca80</value>
         <object_component_ref idref="oc-e0"/>
      </symbol>
      <symbol id="sm-13c2">
         <name>__mpyd</name>
         <value>0x3bc0e</value>
         <object_component_ref idref="oc-e4"/>
      </symbol>
      <symbol id="sm-13cc">
         <name>_printf</name>
         <value>0x3c78a</value>
         <object_component_ref idref="oc-e8"/>
      </symbol>
      <symbol id="sm-13d7">
         <name>__remul</name>
         <value>0x3c44d</value>
         <object_component_ref idref="oc-ec"/>
      </symbol>
      <symbol id="sm-13e1">
         <name>_strlen</name>
         <value>0x3ca91</value>
         <object_component_ref idref="oc-f0"/>
      </symbol>
      <symbol id="sm-13e9">
         <name>__remu</name>
         <value>0x3c9f5</value>
         <object_component_ref idref="oc-f4"/>
      </symbol>
      <symbol id="sm-13ea">
         <name>__divu</name>
         <value>0x3c9e0</value>
         <object_component_ref idref="oc-f4"/>
      </symbol>
      <symbol id="sm-13eb">
         <name>I$$UMOD</name>
         <value>0x3c9f5</value>
         <object_component_ref idref="oc-f4"/>
      </symbol>
      <symbol id="sm-13ec">
         <name>I$$UDIV</name>
         <value>0x3c9e0</value>
         <object_component_ref idref="oc-f4"/>
      </symbol>
      <symbol id="sm-13f6">
         <name>_Reset</name>
         <value>0x4fe00</value>
         <object_component_ref idref="oc-11"/>
      </symbol>
      <symbol id="sm-1404">
         <name>__unlock</name>
         <value>0xc4c8</value>
         <object_component_ref idref="oc-fd"/>
      </symbol>
      <symbol id="sm-1405">
         <name>__lock</name>
         <value>0xc4c4</value>
         <object_component_ref idref="oc-fd"/>
      </symbol>
      <symbol id="sm-1406">
         <name>__register_lock</name>
         <value>0x3ca76</value>
         <object_component_ref idref="oc-fc"/>
      </symbol>
      <symbol id="sm-1407">
         <name>__nop</name>
         <value>0x3ca7e</value>
         <object_component_ref idref="oc-fc"/>
      </symbol>
      <symbol id="sm-1408">
         <name>__register_unlock</name>
         <value>0x3ca6e</value>
         <object_component_ref idref="oc-fc"/>
      </symbol>
      <symbol id="sm-141a">
         <name>__printfi</name>
         <value>0x2e6c5</value>
         <object_component_ref idref="oc-102"/>
      </symbol>
      <symbol id="sm-1424">
         <name>__args_main</name>
         <value>0x3c827</value>
         <object_component_ref idref="oc-108"/>
      </symbol>
      <symbol id="sm-1425">
         <name>__TI_args_main</name>
         <value>0x1</value>
      </symbol>
      <symbol id="sm-142f">
         <name>_atoi</name>
         <value>0x3c6da</value>
         <object_component_ref idref="oc-10c"/>
      </symbol>
      <symbol id="sm-1437">
         <name>_auto_init</name>
         <value>0x3c7da</value>
         <object_component_ref idref="oc-110"/>
      </symbol>
      <symbol id="sm-1441">
         <name>__eqld</name>
         <value>0x3b572</value>
         <object_component_ref idref="oc-114"/>
      </symbol>
      <symbol id="sm-1442">
         <name>__cmpd</name>
         <value>0x3b5a6</value>
         <object_component_ref idref="oc-114"/>
      </symbol>
      <symbol id="sm-1443">
         <name>__neqd</name>
         <value>0x3b414</value>
         <object_component_ref idref="oc-114"/>
      </symbol>
      <symbol id="sm-1444">
         <name>__gtrd</name>
         <value>0x3b4dd</value>
         <object_component_ref idref="oc-114"/>
      </symbol>
      <symbol id="sm-1445">
         <name>__geqd</name>
         <value>0x3b528</value>
         <object_component_ref idref="oc-114"/>
      </symbol>
      <symbol id="sm-1446">
         <name>__leqd</name>
         <value>0x3b490</value>
         <object_component_ref idref="oc-114"/>
      </symbol>
      <symbol id="sm-1447">
         <name>__lssd</name>
         <value>0x3b448</value>
         <object_component_ref idref="oc-114"/>
      </symbol>
      <symbol id="sm-144f">
         <name>__ctypes_</name>
         <value>0xe7c8</value>
         <object_component_ref idref="oc-199"/>
      </symbol>
      <symbol id="sm-1459">
         <name>__tmpnams</name>
         <value>0xbf70</value>
         <object_component_ref idref="oc-11a"/>
      </symbol>
      <symbol id="sm-145a">
         <name>__ft_end</name>
         <value>0xc0b0</value>
         <object_component_ref idref="oc-11a"/>
      </symbol>
      <symbol id="sm-145b">
         <name>__ftable</name>
         <value>0xbe80</value>
         <object_component_ref idref="oc-11a"/>
      </symbol>
      <symbol id="sm-1467">
         <name>__divd</name>
         <value>0x39de4</value>
         <object_component_ref idref="oc-11e"/>
      </symbol>
      <symbol id="sm-1471">
         <name>_putchar</name>
         <value>0x3c130</value>
         <object_component_ref idref="oc-122"/>
      </symbol>
      <symbol id="sm-1472">
         <name>_putc</name>
         <value>0x3c099</value>
         <object_component_ref idref="oc-122"/>
      </symbol>
      <symbol id="sm-1473">
         <name>_fputc</name>
         <value>0x3c099</value>
         <object_component_ref idref="oc-122"/>
      </symbol>
      <symbol id="sm-1481">
         <name>_puts</name>
         <value>0x3ba83</value>
         <object_component_ref idref="oc-126"/>
      </symbol>
      <symbol id="sm-1482">
         <name>_fputs</name>
         <value>0x3b94e</value>
         <object_component_ref idref="oc-126"/>
      </symbol>
      <symbol id="sm-148c">
         <name>__frcmpyd</name>
         <value>0x3c364</value>
         <object_component_ref idref="oc-12b"/>
      </symbol>
      <symbol id="sm-1496">
         <name>__frcmpyd_div</name>
         <value>0x3c3da</value>
         <object_component_ref idref="oc-12f"/>
      </symbol>
      <symbol id="sm-14a0">
         <name>___isinf</name>
         <value>0x3ca2d</value>
         <object_component_ref idref="oc-133"/>
      </symbol>
      <symbol id="sm-14aa">
         <name>__divull</name>
         <value>0x3ae35</value>
         <object_component_ref idref="oc-137"/>
      </symbol>
      <symbol id="sm-14ab">
         <name>__mpylli</name>
         <value>0x3ad7d</value>
         <object_component_ref idref="oc-137"/>
      </symbol>
      <symbol id="sm-14ac">
         <name>__remlli</name>
         <value>0x3ad4e</value>
         <object_component_ref idref="oc-137"/>
      </symbol>
      <symbol id="sm-14ad">
         <name>__divlli</name>
         <value>0x3af29</value>
         <object_component_ref idref="oc-137"/>
      </symbol>
      <symbol id="sm-14ae">
         <name>__remull</name>
         <value>0x3ad00</value>
         <object_component_ref idref="oc-137"/>
      </symbol>
      <symbol id="sm-14c0">
         <name>_add_device</name>
         <value>0x388b8</value>
         <object_component_ref idref="oc-13b"/>
      </symbol>
      <symbol id="sm-14c1">
         <name>_rename</name>
         <value>0x385da</value>
         <object_component_ref idref="oc-13b"/>
      </symbol>
      <symbol id="sm-14c2">
         <name>_read</name>
         <value>0x38669</value>
         <object_component_ref idref="oc-13b"/>
      </symbol>
      <symbol id="sm-14c3">
         <name>_unlink</name>
         <value>0x385a7</value>
         <object_component_ref idref="oc-13b"/>
      </symbol>
      <symbol id="sm-14c4">
         <name>_remove_device</name>
         <value>0x38633</value>
         <object_component_ref idref="oc-13b"/>
      </symbol>
      <symbol id="sm-14c5">
         <name>_open</name>
         <value>0x38717</value>
         <object_component_ref idref="oc-13b"/>
      </symbol>
      <symbol id="sm-14c6">
         <name>_find_registered_device</name>
         <value>0x3883c</value>
         <object_component_ref idref="oc-13b"/>
      </symbol>
      <symbol id="sm-14c7">
         <name>_lseek</name>
         <value>0x387d6</value>
         <object_component_ref idref="oc-13b"/>
      </symbol>
      <symbol id="sm-14c8">
         <name>_close</name>
         <value>0x38845</value>
         <object_component_ref idref="oc-13b"/>
      </symbol>
      <symbol id="sm-14c9">
         <name>_write</name>
         <value>0x38465</value>
         <object_component_ref idref="oc-13b"/>
      </symbol>
      <symbol id="sm-14d3">
         <name>_ltoa</name>
         <value>0x3c26c</value>
         <object_component_ref idref="oc-141"/>
      </symbol>
      <symbol id="sm-14de">
         <name>_memccpy</name>
         <value>0x3ca0a</value>
         <object_component_ref idref="oc-145"/>
      </symbol>
      <symbol id="sm-14e6">
         <name>_memcpy</name>
         <value>0x3c905</value>
         <object_component_ref idref="oc-149"/>
      </symbol>
      <symbol id="sm-14f0">
         <name>__negd</name>
         <value>0x3caa2</value>
         <object_component_ref idref="oc-14d"/>
      </symbol>
      <symbol id="sm-14fa">
         <name>__remli</name>
         <value>0x3c872</value>
         <object_component_ref idref="oc-151"/>
      </symbol>
      <symbol id="sm-1504">
         <name>__subd</name>
         <value>0x3ca47</value>
         <object_component_ref idref="oc-155"/>
      </symbol>
      <symbol id="sm-1510">
         <name>_HOSTopen</name>
         <value>0x391f3</value>
         <object_component_ref idref="oc-159"/>
      </symbol>
      <symbol id="sm-1511">
         <name>_HOSTread</name>
         <value>0x39166</value>
         <object_component_ref idref="oc-159"/>
      </symbol>
      <symbol id="sm-1512">
         <name>_HOSTtime</name>
         <value>0x3905a</value>
         <object_component_ref idref="oc-159"/>
      </symbol>
      <symbol id="sm-1513">
         <name>_getenv</name>
         <value>0x38ee8</value>
         <object_component_ref idref="oc-159"/>
      </symbol>
      <symbol id="sm-1514">
         <name>_HOSTrename</name>
         <value>0x390b8</value>
         <object_component_ref idref="oc-159"/>
      </symbol>
      <symbol id="sm-1515">
         <name>_HOSTclock</name>
         <value>0x393b2</value>
         <object_component_ref idref="oc-159"/>
      </symbol>
      <symbol id="sm-1516">
         <name>_HOSTwrite</name>
         <value>0x38f63</value>
         <object_component_ref idref="oc-159"/>
      </symbol>
      <symbol id="sm-1517">
         <name>_HOSTlseek</name>
         <value>0x39292</value>
         <object_component_ref idref="oc-159"/>
      </symbol>
      <symbol id="sm-1518">
         <name>_HOSTunlink</name>
         <value>0x38ff0</value>
         <object_component_ref idref="oc-159"/>
      </symbol>
      <symbol id="sm-1519">
         <name>_HOSTclose</name>
         <value>0x39347</value>
         <object_component_ref idref="oc-159"/>
      </symbol>
      <symbol id="sm-152b">
         <name>C$$IO$$</name>
         <value>0x3c094</value>
         <object_component_ref idref="oc-161"/>
      </symbol>
      <symbol id="sm-152c">
         <name>__CIOBUF_</name>
         <value>0x40000</value>
         <object_component_ref idref="oc-160"/>
      </symbol>
      <symbol id="sm-152d">
         <name>_readmsg</name>
         <value>0x3c52e</value>
         <object_component_ref idref="oc-15e"/>
      </symbol>
      <symbol id="sm-152e">
         <name>_writemsg</name>
         <value>0x3bfdf</value>
         <object_component_ref idref="oc-161"/>
      </symbol>
      <symbol id="sm-1538">
         <name>__rd_ok</name>
         <value>0x3bec0</value>
         <object_component_ref idref="oc-164"/>
      </symbol>
      <symbol id="sm-1539">
         <name>__wrt_ok</name>
         <value>0x3be40</value>
         <object_component_ref idref="oc-164"/>
      </symbol>
      <symbol id="sm-1543">
         <name>__addd</name>
         <value>0x3b1ba</value>
         <object_component_ref idref="oc-168"/>
      </symbol>
      <symbol id="sm-154d">
         <name>__divli</name>
         <value>0x3c8bd</value>
         <object_component_ref idref="oc-16c"/>
      </symbol>
      <symbol id="sm-1557">
         <name>__doflush</name>
         <value>0x3bf1d</value>
         <object_component_ref idref="oc-170"/>
      </symbol>
      <symbol id="sm-1558">
         <name>_fflush</name>
         <value>0x3bf86</value>
         <object_component_ref idref="oc-170"/>
      </symbol>
      <symbol id="sm-1562">
         <name>_fseek</name>
         <value>0x3c608</value>
         <object_component_ref idref="oc-174"/>
      </symbol>
      <symbol id="sm-156c">
         <name>_setvbuf</name>
         <value>0x3bd5a</value>
         <object_component_ref idref="oc-178"/>
      </symbol>
      <symbol id="sm-157b">
         <name>__cleanup</name>
         <value>0x3aba2</value>
         <object_component_ref idref="oc-17c"/>
      </symbol>
      <symbol id="sm-157c">
         <name>_fopen</name>
         <value>0x3acc5</value>
         <object_component_ref idref="oc-17c"/>
      </symbol>
      <symbol id="sm-157d">
         <name>_freopen</name>
         <value>0x3abfc</value>
         <object_component_ref idref="oc-17c"/>
      </symbol>
      <symbol id="sm-158d">
         <name>__sys_memory</name>
         <value>0xc4e0</value>
         <object_component_ref idref="oc-186"/>
      </symbol>
      <symbol id="sm-158e">
         <name>_chkheap</name>
         <value>0x39db6</value>
         <object_component_ref idref="oc-182"/>
      </symbol>
      <symbol id="sm-158f">
         <name>_realloc</name>
         <value>0x39b55</value>
         <object_component_ref idref="oc-182"/>
      </symbol>
      <symbol id="sm-1590">
         <name>_free_memory</name>
         <value>0x39d60</value>
         <object_component_ref idref="oc-182"/>
      </symbol>
      <symbol id="sm-1591">
         <name>_max_free</name>
         <value>0x39d06</value>
         <object_component_ref idref="oc-182"/>
      </symbol>
      <symbol id="sm-1592">
         <name>_free</name>
         <value>0x3992f</value>
         <object_component_ref idref="oc-182"/>
      </symbol>
      <symbol id="sm-1593">
         <name>_calloc</name>
         <value>0x39dbe</value>
         <object_component_ref idref="oc-182"/>
      </symbol>
      <symbol id="sm-1594">
         <name>_malloc</name>
         <value>0x39a60</value>
         <object_component_ref idref="oc-182"/>
      </symbol>
      <symbol id="sm-1595">
         <name>_minit</name>
         <value>0x399fb</value>
         <object_component_ref idref="oc-182"/>
      </symbol>
      <symbol id="sm-159f">
         <name>_fclose</name>
         <value>0x3c2e9</value>
         <object_component_ref idref="oc-189"/>
      </symbol>
      <symbol id="sm-15a9">
         <name>_remove</name>
         <value>0x3cabe</value>
         <object_component_ref idref="oc-18d"/>
      </symbol>
   </symbol_table>
</link_info>
