******************************************************************************
              TMS320C55x Linker PC v4.4.1                      
******************************************************************************
>> Linked Tue May 03 09:38:09 2022

OUTPUT FILE NAME:   <P6_Bsc_guitar_aic3204_included.out>
ENTRY POINT SYMBOL: "_c_int00"  address: 0003c982


MEMORY CONFIGURATION

         name            origin    length      used     unused   attr    fill
                        (bytes)   (bytes)    (bytes)   (bytes)
----------------------  --------  ---------  --------  --------  ----  --------
PAGE 0:
  MMR                   00000000   000000c0  00000000  000000c0  RWIX
  DARAM0                000000c0   0000ff40  0000ea8a  000014b6  RWIX
  SARAM0                00010000   00010000  00000000  00010000  RWIX
  SARAM1                00020000   00020000  0001cad2  0000352e  RWIX
  SARAM2                00040000   0000fe00  000005d0  0000f830  RWIX
  VECS                  0004fe00   00000200  00000200  00000000  RWIX
  PDROM                 00ff8000   00008000  00000000  00008000  R IX

PAGE 2:
  IOPORT                00000000   00020000  00000000  00020000  RWI 


SECTION ALLOCATION MAP
(Addresses surrounded by []'s are displayed for convenience only!)

output                                                          attributes/
section   page  orgn(bytes) orgn(words) len(bytes) len(words)   input sections
--------  ----  ----------- ----------- ---------- ----------   --------------
.pinit       0   [ 00040000 ]  00020000          *   00000000   UNINITIALIZED

.stack       0   [ 000000c0 ]  00000060          *   00001000   UNINITIALIZED
                 [ 000000c0 ]  00000060          *   00001000   --HOLE--

.data        0   [ 000000c0 ]  00000060          *   00000000   UNINITIALIZED

.sysstack 
*            0   [ 000020c0 ]  00001060          *   00000800   UNINITIALIZED
                 [ 000020c0 ]  00001060          *   00000800   --HOLE--

.bss.1       0   [ 000030c0 ]  00001860          *   000048c9   UNINITIALIZED
                 [ 000030c0 ]  00001860          *   00004011   main.obj (.bss)
                 [ 0000b0e2 ]  00005871          *   00000003   aic3204.obj (.bss)
                 [ 0000b0e8 ]  00005874          *   0000050d   csl_mmcsd_ataIf.obj (.bss)
                 [ 0000bb02 ]  00005d81          *   00000001   rts55x.lib : fopen.obj (.bss)
                 [ 0000bb04 ]  00005d82          *   000001be   csl_usb.obj (.bss)
                 [ 0000be80 ]  00005f40          *   00000119   rts55x.lib : defs.obj (.bss)
                 [ 0000c0b2 ]  00006059          *   000000d0              : trgdrv.obj (.bss)

.bss.2       0   [ 0000c254 ]  0000612a          *   0000011f   UNINITIALIZED
                 [ 0000c254 ]  0000612a          *   00000084   csl_intc.obj (.bss)
                 [ 0000c35c ]  000061ae          *   00000071   rts55x.lib : lowlev.obj (.bss)
                 [ 0000c43e ]  0000621f          *   0000002a   csl_i2s.obj (.bss)

.bss.3       0   [ 0000c494 ]  0000624a          *   00000023   UNINITIALIZED
                 [ 0000c494 ]  0000624a          *   00000012   csl_i2c.obj (.bss)
                 [ 0000c4b8 ]  0000625c          *   00000006   rts55x.lib : memory.obj (.bss)
                 [ 0000c4c4 ]  00006262          *   00000004              : _lock.obj (.bss)
                 [ 0000c4cc ]  00006266          *   00000004              : exit.obj (.bss)
                 [ 0000c4d4 ]  0000626a          *   00000003   csl_spi.obj (.bss)

.bss.4       0   [ 0000c4dc ]  0000626e          *   00000002   UNINITIALIZED
                 [ 0000c4dc ]  0000626e          *   00000002   ezdsp5535_i2c.obj (.bss)

.sysmem      0   [ 0000c4e0 ]  00006270          *   00001000   UNINITIALIZED
                 [ 0000c4e0 ]  00006270          *   00001000   --HOLE--

.const.1     0   [ 0000e4e0 ]  00007270          *   00000275   
                 [ 0000e4e0 ]  00007270          *   00000174   aic3204_init.obj (.const:.string)
                 [ 0000e7c8 ]  000073e4          *   00000101   rts55x.lib : ctype.obj (.const:__ctypes_)

.const.2     0   [ 0000e9cc ]  000074e6          *   00000081   
                 [ 0000e9cc ]  000074e6          *   00000081   csl_cdc.obj (.const:.string)

.const.3     0   [ 0000ead0 ]  00007568          *   00000042   
                 [ 0000ead0 ]  00007568          *   00000024   rts55x.lib : _printfi.obj (.const:.string)
                 [ 0000eb18 ]  0000758c          *   0000000c              : _printfi.obj (.const)
                 [ 0000eb30 ]  00007598          *   00000008              : divd.obj (.const:_initial_approx$1)
                 [ 0000eb40 ]  000075a0          *   00000006   main.obj (.const)
                 [ 0000eb4c ]  000075a6          *   00000002   rts55x.lib : fputs.obj (.const:.string)
                 [ 0000eb50 ]  000075a8          *   00000002              : fltlid.obj (.const)

.text        0     00020000  [ 00010000 ] 0001cad2          *   
                   00020000  [ 00010000 ] 00004408          *   csl_mmcsd.obj (.text)
                   00024408  [ 00012204 ] 00002b24          *   csl_msc.obj (.text)
                   00026f2c  [ 00013796 ] 000029ff          *   csl_sdio.obj (.text)
                   0002992b  [ 00014c95+] 00002198          *   csl_usb.obj (.text)
                   0002bac3  [ 00015d61+] 000018a0          *   csl_dma.obj (.text)
                   0002d363  [ 000169b1+] 000015a4          *   rts55x.lib : _printfi.obj (.text)
                   0002e907  [ 00017483+] 000011ce          *   csl_nand.obj (.text)
                   0002fad5  [ 00017d6a+] 000010e1          *   csl_uart.obj (.text)
                   00030bb6  [ 000185db ] 00000dbe          *   csl_dat.obj (.text)
                   00031974  [ 00018cba ] 00000d62          *   csl_audioClass.obj (.text)
                   000326d6  [ 0001936b ] 00000c59          *   csl_cdc.obj (.text)
                   0003332f  [ 00019997+] 00000c3c          *   csl_i2c.obj (.text)
                   00033f6b  [ 00019fb5+] 00000b26          *   csl_mmcsd_ataIf.obj (.text)
                   00034a91  [ 0001a548+] 00000b18          *   csl_sar.obj (.text)
                   000355a9  [ 0001aad4+] 000009db          *   csl_i2s.obj (.text)
                   00035f84  [ 0001afc2 ] 00000895          *   csl_rtc.obj (.text)
                   00036819  [ 0001b40c+] 00000831          *   csl_lcdc.obj (.text)
                   0003704a  [ 0001b825 ] 000007da          *   main.obj (.text)
                   00037824  [ 0001bc12 ] 0000068d          *   csl_gpio.obj (.text)
                   00037eb1  [ 0001bf58+] 000005b4          *   csl_spi.obj (.text)
                   00038465  [ 0001c232+] 00000543          *   rts55x.lib : lowlev.obj (.text)
                   000389a8  [ 0001c4d4 ] 00000540          *   aic3204_init.obj (.text)
                   00038ee8  [ 0001c774 ] 00000528          *   rts55x.lib : trgdrv.obj (.text)
                   00039410  [ 0001ca08 ] 0000051f          *   csl_intc.obj (.text)
                   0003992f  [ 0001cc97+] 000004b5          *   rts55x.lib : memory.obj (.text)
                   00039de4  [ 0001cef2 ] 000003cc          *              : divd.obj (.text)
                   0003a1b0  [ 0001d0d8 ] 0000033e          *   csl_mem.obj (.text)
                   0003a4ee  [ 0001d277 ] 000002eb          *   csl_gpt.obj (.text)
                   0003a7d9  [ 0001d3ec+] 000002a8          *   csl_pll.obj (.text)
                   0003aa81  [ 0001d540+] 0000027f          *   rts55x.lib : fopen.obj (.text)
                   0003ad00  [ 0001d680 ] 0000025e          *              : llmpy.obj (.text)
                   0003af5e  [ 0001d7af ] 0000025c          *   csl_wdt.obj (.text)
                   0003b1ba  [ 0001d8dd ] 0000025a          *   rts55x.lib : addd.obj (.text)
                   0003b414  [ 0001da0a ] 000001ea          *              : cmpd.obj (.text)
                   0003b5fe  [ 0001daff ] 000001c9          *   ezdsp5535_i2c.obj (.text)
                   0003b7c7  [ 0001dbe3+] 00000187          *   aic3204.obj (.text)
                   0003b94e  [ 0001dca7 ] 00000163          *   rts55x.lib : fputs.obj (.text)
                   0003bab1  [ 0001dd58+] 0000015d          *   ezdsp5535_gpio.obj (.text)
                   0003bc0e  [ 0001de07 ] 0000014c          *   rts55x.lib : mpyd.obj (.text)
                   0003bd5a  [ 0001dead ] 000000e6          *              : setvbuf.obj (.text)
                   0003be40  [ 0001df20 ] 000000dd          *              : _io_perm.obj (.text)
                   0003bf1d  [ 0001df8e+] 000000c2          *              : fflush.obj (.text)
                   0003bfdf  [ 0001dfef+] 000000ba          *              : trgmsg.obj (.text:CIO_breakpoint)
                   0003c099  [ 0001e04c+] 000000a6          *              : fputc.obj (.text)
                   0003c13f  [ 0001e09f+] 000000a1          *              : divul.obj (.text)
                   0003c1e0  [ 0001e0f0 ] 0000008c          *   csl_irqplug.obj (.text)
                   0003c26c  [ 0001e136 ] 0000007d          *   rts55x.lib : ltoa.obj (.text)
                   0003c2e9  [ 0001e174+] 0000007b          *              : fclose.obj (.text)
                   0003c364  [ 0001e1b2 ] 00000076          *              : frcmpyd.obj (.text)
                   0003c3da  [ 0001e1ed ] 00000073          *              : frcmpyd_div.obj (.text)
                   0003c44d  [ 0001e226+] 00000072          *              : remul.obj (.text)
                   0003c4bf  [ 0001e25f+] 0000006f          *              : fixdli.obj (.text)
                   0003c52e  [ 0001e297 ] 0000006d          *              : trgmsg.obj (.text)
                   0003c59b  [ 0001e2cd+] 0000006d          *   vectors.obj (.text)
                   0003c608  [ 0001e304 ] 0000006b          *   rts55x.lib : fseek.obj (.text)
                   0003c673  [ 0001e339+] 00000067          *              : fltlid.obj (.text)
                   0003c6da  [ 0001e36d ] 0000005c          *              : atoi.obj (.text)
                   0003c736  [ 0001e39b ] 00000054          *   ezdsp5535.obj (.text)
                   0003c78a  [ 0001e3c5 ] 00000050          *   rts55x.lib : printf.obj (.text)
                   0003c7da  [ 0001e3ed ] 0000004d          *              : autoinit.obj (.text)
                   0003c827  [ 0001e413+] 0000004b          *              : args_main.obj (.text)
                   0003c872  [ 0001e439 ] 0000004b          *              : remli.obj (.text)
                   0003c8bd  [ 0001e45e+] 00000048          *              : divli.obj (.text)
                   0003c905  [ 0001e482+] 0000003f          *              : memcpy.obj (.text)
                   0003c944  [ 0001e4a2 ] 0000003e          *              : exit.obj (.text)
                   0003c982  [ 0001e4c1 ] 00000034          *              : boot.obj (.text)
                   0003c9b6  [ 0001e4db ] 0000002a          *              : fixdi.obj (.text)
                   0003c9e0  [ 0001e4f0 ] 0000002a          *              : udiv.obj (.text)
                   0003ca0a  [ 0001e505 ] 00000023          *              : memccpy.obj (.text)
                   0003ca2d  [ 0001e516+] 0000001a          *              : isinf.obj (.text)
                   0003ca47  [ 0001e523+] 00000014          *              : subd.obj (.text)
                   0003ca5b  [ 0001e52d+] 00000013          *              : lmpy.obj (.text)
                   0003ca6e  [ 0001e537 ] 00000012          *              : _lock.obj (.text)
                   0003ca80  [ 0001e540 ] 00000011          *              : memset.obj (.text)
                   0003ca91  [ 0001e548+] 00000011          *              : strlen.obj (.text)
                   0003caa2  [ 0001e551 ] 00000010          *              : negd.obj (.text)
                   0003cab2  [ 0001e559 ] 0000000c          *              : fltid.obj (.text)
                   0003cabe  [ 0001e55f ] 0000000a          *              : remove.obj (.text)
                   0003cac8  [ 0001e564 ] 00000007          *              : exit.obj (.text:CIO_breakpoint)
                   0003cacf  [ 0001e567+] 00000002          *              : vectors.obj (.text)
                   0003cad1  [ 0001e568 ] 00000001          *   --HOLE-- [fill = 20]

.cio         0   [ 00040000 ]  00020000          *   00000120   UNINITIALIZED
                 [ 00040000 ]  00020000          *   00000120   rts55x.lib : trgmsg.obj (.cio)

.cinit       0   [ 00040240 ]  00020120          *   000000fc   
                 [ 00040240 ]  00020120          *   00000066   main.obj (.cinit)
                 [ 0004030c ]  00020186          *   0000002d   rts55x.lib : lowlev.obj (.cinit)
                 [ 00040366 ]  000201b3          *   0000002a              : defs.obj (.cinit)
                 [ 000403ba ]  000201dd          *   00000015   csl_mmcsd_ataIf.obj (.cinit)
                 [ 000403e4 ]  000201f2          *   0000000a   rts55x.lib : _lock.obj (.cinit)
                 [ 000403f8 ]  000201fc          *   0000000a              : exit.obj (.cinit)
                 [ 0004040c ]  00020206          *   00000008   csl_i2s.obj (.cinit)
                 [ 0004041c ]  0002020e          *   00000005   ezdsp5535_i2c.obj (.cinit)
                 [ 00040426 ]  00020213          *   00000004   rts55x.lib : fopen.obj (.cinit)
                 [ 0004042e ]  00020217          *   00000004              : memory.obj (.cinit)
                 [ 00040436 ]  0002021b          *   00000001   --HOLE-- [fill = 0]

.switch      0   [ 00040438 ]  0002021c          *   000000cc   
                 [ 00040438 ]  0002021c          *   00000022   csl_sdio.obj (.switch:_SDIO_eventDisable)
                 [ 0004047c ]  0002023e          *   00000022   csl_sdio.obj (.switch:_SDIO_eventEnable)
                 [ 000404c0 ]  00020260          *   00000020   csl_dma.obj (.switch:_DMA_config)
                 [ 00040500 ]  00020280          *   00000020   csl_dma.obj (.switch:_DMA_getConfig)
                 [ 00040540 ]  000202a0          *   00000020   csl_dma.obj (.switch:_DMA_reset)
                 [ 00040580 ]  000202c0          *   00000018   csl_usb.obj (.switch:_USB_coreEventProcessEp0)
                 [ 000405b0 ]  000202d8          *   00000010   csl_msc.obj (.switch:_MSC_Bulk)

vectors      0     0004fe00  [ 00027f00 ] 00000200          *   
                   0004fe00  [ 00027f00 ] 00000100          *   rts55x.lib : vectors.obj (vectors)
                   0004ff00  [ 00027f80 ] 00000100          *   vectors.obj (vectors)


GLOBAL SYMBOLS: SORTED ALPHABETICALLY BY Name 

abs. value/
byte addr   word addr   name
---------   ---------   ----
00000002                $TI_capability$C5500$CallingConvention
00000002                $TI_capability$C5500$MemoryModel
00000001                $TI_capability_requires_rev3
ffffffff                .bss
ffffffff                .data
ffffffff                .text
0003cac9                C$$EXIT
0003c094                C$$IO$$
0003ca5b                I$$LMPY
0003c9e0                I$$UDIV
0003c9f5                I$$UMOD
0004ff00                RST
            00005724    _A1
            00005808    _A2
00031c33                _AC_Close
00031c6f                _AC_Ctrl
00031f02                _AC_GetactivityFlagStatus
00031f1c                _AC_GetsuspendFlagStatus
00031e66                _AC_Iso
000319eb                _AC_Open
00031f32                _AC_initDescriptors
00032491                _AC_reqGetCurrent
000321e0                _AC_reqGetDescriptor
00032596                _AC_reqGetMaximum
00032552                _AC_reqGetMinimum
000325da                _AC_reqGetResolution
000323b8                _AC_reqSetCurrent
0003261e                _AC_reqSetInterface
00037630                _AIC3204_init_44100Hz
0003b7c7                _AIC3204_rget
0003b812                _AIC3204_rset
            00005d80    _ATA_No_Swap
            00003ada    _C1
            00004006    _C2
            000045b7    _C3
            00004cc8    _C4
0003295d                _CDC_Close
00032999                _CDC_GetactivityFlagStatus
000329b0                _CDC_GetsuspendFlagStatus
00032768                _CDC_Open
0003278c                _CDC_OpenFullspeed
00032dc1                _CDC_bulkInHandler
00032cc2                _CDC_bulkOutHandler
000329c6                _CDC_eventHandler
000330b0                _CDC_getData
0003313e                _CDC_putData
            0000548a    _C_sum
00030c8d                _DAT_close
00030e21                _DAT_copy
0003131b                _DAT_fill
00030bb6                _DAT_open
0003182b                _DAT_wait
0002bbe6                _DMA_close
0002bc05                _DMA_config
0002c7d9                _DMA_getConfig
0002d2b7                _DMA_getLastTransferType
0002bac3                _DMA_init
0002bafa                _DMA_open
0002cf56                _DMA_reset
0002cd48                _DMA_start
0002ce55                _DMA_stop
0002d242                _DMA_swapWords
00037d0f                _GPIO_clearInt
00037868                _GPIO_close
0003788c                _GPIO_config
00037abf                _GPIO_configBit
00037c07                _GPIO_disableInt
00037c85                _GPIO_enableInt
00037911                _GPIO_getConfig
00037824                _GPIO_open
00037999                _GPIO_read
00037e22                _GPIO_reset
00037d9b                _GPIO_statusBit
00037812                _GPIO_test_init
00037a1c                _GPIO_write
0003a62b                _GPT_close
0003a732                _GPT_config
0003a6f7                _GPT_getCnt
0003a4ee                _GPT_open
0003a5b1                _GPT_reset
0003a6a0                _GPT_start
0003a6cd                _GPT_stop
000393b2                _HOSTclock
00039347                _HOSTclose
00039292                _HOSTlseek
000391f3                _HOSTopen
00039166                _HOSTread
000390b8                _HOSTrename
0003905a                _HOSTtime
00038ff0                _HOSTunlink
00038f63                _HOSTwrite
000333d8                _I2C_config
00033da3                _I2C_eventDisable
00033c6f                _I2C_eventEnable
0003353d                _I2C_getConfig
00033f4f                _I2C_getEventId
0003332f                _I2C_init
00033a51                _I2C_read
00033ec2                _I2C_setCallback
00033613                _I2C_setup
0003380d                _I2C_write
000359d3                _I2S_close
000355a9                _I2S_open
00035a7e                _I2S_read
00035e8e                _I2S_reset
000356ec                _I2S_setup
00035f39                _I2S_transEnable
00035d38                _I2S_write
00039498                _IRQ_clear
00039502                _IRQ_clearAll
00039512                _IRQ_config
0003961f                _IRQ_disable
0003969d                _IRQ_disableAll
000396ab                _IRQ_enable
000397a5                _IRQ_getArg
00039597                _IRQ_getConfig
000398e9                _IRQ_globalDisable
00039902                _IRQ_globalEnable
0003991b                _IRQ_globalRestore
00039410                _IRQ_init
0003981a                _IRQ_map
0003c1e0                _IRQ_plug
00039735                _IRQ_restore
000397e9                _IRQ_setArg
00039846                _IRQ_setVecs
00039877                _IRQ_test
0003702a                _LCD_close
00036cda                _LCD_configDMA
00036819                _LCD_init
0003683e                _LCD_open
00036880                _LCD_setup
0003a382                _MEM_disablePartialRetentionMode
0003a1f7                _MEM_disableRetentionMode
0003a23a                _MEM_enablePartialRetentionMode
0003a1b4                _MEM_enableRetentionMode
0003a4dd                _MEM_getmSDRAMClock
0003a1b0                _MEM_init
0003a4a4                _MEM_setmSDRAMClock
00034a21                _MMC_busyStatusCheck
00024345                _MMC_checkReadDmaDone
00020360                _MMC_clearResponse
00020246                _MMC_close
00034a0b                _MMC_commandReadyStatusCheck
00020a87                _MMC_config
00034a16                _MMC_dataReadyStatusCheck
00020dcb                _MMC_deselectCard
000208aa                _MMC_drrdy
000208f2                _MMC_dxrdy
000206d2                _MMC_eventDisable
000204d6                _MMC_eventEnable
00034a3a                _MMC_file_system_format
00034a60                _MMC_flushFat
00021a5b                _MMC_getCardCsd
00024120                _MMC_getCardStatus
00020b21                _MMC_getConfig
0002032a                _MMC_getNumberOfCards
00034a2c                _MMC_getSerialID
00020975                _MMC_getStatus
00034a58                _MMC_get_date
00034a5c                _MMC_get_mod_date
00034a54                _MMC_get_mod_time
00034a50                _MMC_get_time
0002047d                _MMC_ierDisable
00020439                _MMC_ierEnable
00020000                _MMC_init
00033f6b                _MMC_initState
000204ae                _MMC_intEnable
0003438c                _MMC_issueReadCommand
00020037                _MMC_open
00022586                _MMC_read
0003477a                _MMC_readNSectors
00034627                _MMC_readNextNWords
00034546                _MMC_readNextWord
000345b5                _MMC_readNextWord1
000340ae                _MMC_readWriteControl
00034928                _MMC_read_CID
00034994                _MMC_read_CSD
00034a45                _MMC_reset
00020937                _MMC_saveStatus
00020e9a                _MMC_selectCard
0002169d                _MMC_sendAllCID
00020bbe                _MMC_sendCmd
00020c6f                _MMC_sendGoIdle
00021429                _MMC_sendOpCond
00023deb                _MMC_setBlockLength
000202ea                _MMC_setCallBack
000202b8                _MMC_setCardPtr
00020285                _MMC_setCardType
00023c3a                _MMC_setDataTransferCallback
00023c89                _MMC_setDmaChanConfig
00023bda                _MMC_setDmaHandle
00023d66                _MMC_setEndianMode
000214cd                _MMC_setRca
00023e83                _MMC_setWriteBlkEraseCnt
000209d6                _MMC_setupNative
00020cf6                _MMC_stop
00022fa1                _MMC_write
00034851                _MMC_writeNSectors
00034695                _MMC_writeSector
00034a00                _MMC_writeSectorFlush
00025362                _MSC_Bulk
00024f40                _MSC_Close
0002516b                _MSC_Ctrl
00025bee                _MSC_ExecuteRead
00025fe0                _MSC_ExecuteWrite
0002545e                _MSC_GetLunLockedStatus
0002548c                _MSC_GetactivityFlagStatus
000254a6                _MSC_GetsuspendFlagStatus
000267b6                _MSC_HandlePreventAllowMediaRemoval
00026959                _MSC_HandleReadCapacity
0002594a                _MSC_HandleStateWaitForCBW
00026593                _MSC_HandleTestUnitReady
00024bd6                _MSC_Open
00024bfa                _MSC_OpenFullspeed
00024f7c                _MSC_SetLunAttr
00026eb1                _MSC_handleDataDirMisMatch
00026de0                _MSC_reqBotMscReset
00026ba8                _MSC_reqGetDescriptor
00026e4b                _MSC_sendCswWithPhaseError
0002f0c2                _NAND_checkCommandStatus
0002f296                _NAND_disableHwECC
0002f16e                _NAND_enableHwECC
0002eeb4                _NAND_getBankInfo
0002f997                _NAND_getIntrNum
0002f879                _NAND_hasCacheProg
0002f8a9                _NAND_hasCopyBack
0002f819                _NAND_hasRandomRead
0002f849                _NAND_hasRandomWrite
0002e907                _NAND_init
0002fa76                _NAND_intrClear
0002f938                _NAND_intrDisable
0002f8d9                _NAND_intrEnable
0002f9b4                _NAND_intrReadAT
0002f9f3                _NAND_intrReadLT
0002fa34                _NAND_intrReadWR
0002efb1                _NAND_isStatusWriteProtected
0002f37b                _NAND_readECC
0002f52e                _NAND_readNBytes
0002f096                _NAND_sendCommand
0002f12a                _NAND_setAddress
0002ef76                _NAND_setLatchEnableOffset
0002e99a                _NAND_setup
0002f63f                _NAND_writeNBytes
0003a9c6                _PLL_bypass
0003a83b                _PLL_config
0003a95f                _PLL_enable
0003a803                _PLL_init
0003aa15                _PLL_reset
00036700                _RTC_bcdToDec
00036046                _RTC_config
000366c2                _RTC_decToBcd
000365bf                _RTC_eventDisable
000364d4                _RTC_eventEnable
0003612f                _RTC_getConfig
00036310                _RTC_getDate
00036670                _RTC_getEventId
00036257                _RTC_getTime
0003600a                _RTC_reset
0003634f                _RTC_setAlarm
0003673e                _RTC_setCallback
000367cd                _RTC_setCompensation
000362a2                _RTC_setDate
00036420                _RTC_setPeriodicInterval
000361dd                _RTC_setTime
0003601a                _RTC_start
0003603e                _RTC_stop
0004fe00                _Reset
00035014                _SAR_A2DMeasParamSet
0003548e                _SAR_GPODirSet
00034b8b                _SAR_chanClose
00034c0f                _SAR_chanConfig
00034f0b                _SAR_chanCycSet
00034b0e                _SAR_chanInit
00034b29                _SAR_chanOpen
00034cf7                _SAR_chanSetup
00034aee                _SAR_deInit
00034c85                _SAR_getConfig
0003556a                _SAR_getStatus
00034a91                _SAR_init
00034fd3                _SAR_readData
00034f5a                _SAR_startConversion
00034f8c                _SAR_stopConversion
00027eb1                _SDIO_clearResponse
00027033                _SDIO_close
00027058                _SDIO_config
00027ac9                _SDIO_deselectCard
0002712e                _SDIO_detectCard
00028283                _SDIO_eventDisable
0002805d                _SDIO_eventEnable
00027a04                _SDIO_getRca
00027d20                _SDIO_getResponse
00027ff4                _SDIO_getSdioStatus
00027f8d                _SDIO_getStatus
00026f2c                _SDIO_init
00027498                _SDIO_initCard
00026f6a                _SDIO_open
00028f91                _SDIO_readBlocks
0002870e                _SDIO_readBytes
000284e6                _SDIO_readSingleByte
000284b1                _SDIO_readWaitDisable
00028479                _SDIO_readWaitEnable
0002791c                _SDIO_resetCard
00027b89                _SDIO_selectCard
00027c4c                _SDIO_sendCommand
000298a3                _SDIO_setClock
00029823                _SDIO_setEndianMode
000293cf                _SDIO_writeBlocks
00028b51                _SDIO_writeBytes
00028611                _SDIO_writeSingleByte
0002421c                _SD_configurePullup
00021ead                _SD_getCardCsd
00021872                _SD_sendAllCID
000215a4                _SD_sendRca
00023fb2                _SD_setBusWidth
00037f46                _SPI_close
00037f72                _SPI_config
000383f2                _SPI_dataTransaction
000381f8                _SPI_deInit
00037eb1                _SPI_init
00037f12                _SPI_open
00038224                _SPI_read
00038306                _SPI_write
000300bb                _UART_config
000303f2                _UART_eventDisable
0003035a                _UART_eventEnable
0003072c                _UART_fgetc
0003084f                _UART_fgets
000307ca                _UART_fputc
0003097f                _UART_fputs
00030a93                _UART_getConfig
00030a6c                _UART_getEventId
0002fb5a                _UART_init
00030481                _UART_read
000302ca                _UART_reset
0003030f                _UART_resetOff
00030b50                _UART_setCallback
0002fc14                _UART_setup
000301c0                _UART_setupBaudRate
000305aa                _UART_write
0002b0b2                _USB_abortAllTransaction
0002af53                _USB_abortTransaction
0002a9ba                _USB_bytesRemaining
0002abc0                _USB_clearEndptStall
0002b103                _USB_connectDev
0002b60a                _USB_coreEventProcessEp0
0002b135                _USB_disconnectDev
0002ae26                _USB_epNumToHandle
0002b488                _USB_findFifoSize
0002b430                _USB_getDataCountReadFromFifo
0002ada5                _USB_getEndptStall
0002a5f1                _USB_getEvents
0002b23c                _USB_getFrameNo
0002b3e2                _USB_getMaxPower
0002b192                _USB_getRemoteWakeupStat
0002a6d4                _USB_getSetupPacket
00029bb9                _USB_init
0002a20c                _USB_initEndptObj
0002b305                _USB_initPLL
0002a935                _USB_isTransactionDone
0002b1a7                _USB_issueRemoteWakeup
0002a667                _USB_peekEvents
0002a77b                _USB_postTransaction
00029fdd                _USB_resetDev
0002b29c                _USB_selfwakeup
0002b1f4                _USB_setDevAddr
0002b3ff                _USB_setFullSpeedMode
0002b386                _USB_setParams
0002b164                _USB_setRemoteWakeup
0002aa4e                _USB_stallEndpt
0002b258                _USB_suspendDevice
0004ff00                _VECSTART
0003b08f                _WDTIM_close
0003b106                _WDTIM_config
0003b061                _WDTIM_getCnt
0003b170                _WDTIM_getConfig
0003af5e                _WDTIM_open
0003b0d3                _WDTIM_service
0003afd4                _WDTIM_start
0003b01c                _WDTIM_stop
            00020000    __CIOBUF_
            00001060    __STACK_END
00002000                __STACK_SIZE
00002000                __SYSMEM_SIZE
00001000                __SYSSTACK_SIZE
00000001                __TI_args_main
ffffffff                ___binit__
ffffffff                ___bss__
ffffffff                ___c_args__
            00020120    ___cinit__
ffffffff                ___data__
ffffffff                ___edata__
ffffffff                ___end__
ffffffff                ___etext__
0003ca2d                ___isinf
ffffffff                ___pinit__
ffffffff                ___text__
0003b1ba                __addd
0003c827                __args_main
0003aba2                __cleanup
            00006266    __cleanup_ptr
0003b5a6                __cmpd
            000073e4    __ctypes_
00039de4                __divd
0003c8bd                __divli
0003af29                __divlli
0003c9e0                __divu
0003c13f                __divul
0003ae35                __divull
0003bf1d                __doflush
            00006268    __dtors_ptr
0003b572                __eqld
0003c9b6                __fixdi
0003c4bf                __fixdli
0003cab2                __fltid
0003c673                __fltlid
0003c364                __frcmpyd
0003c3da                __frcmpyd_div
            00006058    __ft_end
            00005f40    __ftable
0003b528                __geqd
0003b4dd                __gtrd
0003b490                __leqd
            00006262    __lock
0003b448                __lssd
0003bc0e                __mpyd
0003ca5b                __mpyli
0003ad7d                __mpylli
0003caa2                __negd
0003b414                __neqd
0003ca7e                __nop
0002e6c5                __printfi
0003bec0                __rd_ok
0003ca76                __register_lock
0003ca6e                __register_unlock
0003c872                __remli
0003ad4e                __remlli
0003c9f5                __remu
0003c44d                __remul
0003ad00                __remull
            00000060    __stack
0003ca47                __subd
            00006270    __sys_memory
            00001060    __sysstack
            00005fb8    __tmpnams
            00006264    __unlock
0003be40                __wrt_ok
            0000586c    _a
            00005489    _a1
            0000580a    _a2
            0000580b    _a3
            0000580c    _a4
0003cac8                _abort
000388b8                _add_device
0003b880                _aic3204_codec_read
0003b8c6                _aic3204_codec_read_MONO
000375bd                _aic3204_codec_read_mod
0003b912                _aic3204_codec_write
000375f4                _aic3204_codec_write_mod
0003b864                _aic3204_disable
0003b834                _aic3204_hardware_init
000389a8                _aic3204_init
            00001862    _alpha
            00005824    _array1
0003c6da                _atoi
0003c7da                _auto_init
            00005866    _axx
            0000586d    _b
            00005868    _bx
            0000586a    _c
            0000586e    _c16
0003c982                _c_int00
            00005d78    _cached_phySector0
            00005d7a    _cached_phySector1
            00005d7c    _cached_phySector2
            00005d7e    _cached_phySector3
00039dbe                _calloc
00039db6                _chkheap
00037527                _clearArrays
00038845                _close
            00005871    _counter1
            00005872    _counter2
            00001864    _decay_time
0003c944                _exit
0003bbaf                _ezdsp5535_GPIO_getInput
0003bab1                _ezdsp5535_GPIO_init
0003bab5                _ezdsp5535_GPIO_setDirection
0003bb32                _ezdsp5535_GPIO_setOutput
0003b61d                _ezdsp5535_I2C_close
0003b5fe                _ezdsp5535_I2C_init
0003b740                _ezdsp5535_I2C_read
0003b626                _ezdsp5535_I2C_reset
0003b634                _ezdsp5535_I2C_write
0003b6bd                _ezdsp5535_I2C_write_SR
0003c77c                _ezdsp5535_init
0003c736                _ezdsp5535_wait
0003c76a                _ezdsp5535_waitusec
0003c2e9                _fclose
0003bf86                _fflush
0003883c                _find_registered_device
0003acc5                _fopen
0003c099                _fputc
0003b94e                _fputs
0003992f                _free
00039d60                _free_memory
0003abfc                _freopen
            00006247    _fsError
0003c608                _fseek
            00005e5a    _gBulkInTransfer
            00005e68    _gBulkOutTransfer
            00005e4c    _gCtrlTransfer
            00005ea0    _gEpStatus
            0000624a    _gI2cObj
            00005e92    _gIntInTransfer
            00005e76    _gIsoInTransfer
            00005e84    _gIsoOutTransfer
            00005976    _gNextPhySector
            00005874    _gReadBuf
            00005d84    _gUsbContext
            00005f30    _gUsbEpHandle
            00005974    _gWordCount
            00005978    _gWriteBuf
            00005870    _gamma
00038ee8                _getenv
            00005822    _i
            0000625a    _i2cHandle
            00005823    _j
            00001861    _l
            0000586f    _lambda
000387d6                _lseek
0003c26c                _ltoa
0003704a                _main
00039a60                _malloc
00039d06                _max_free
0003ca0a                _memccpy
0003c905                _memcpy
0003ca80                _memset
000399fb                _minit
            00005975    _nbuf_cached
00038717                _open
            00006248    _ouError
000370b1                _overdrive
0003761f                _pedal_init
            0000580d    _pos
            00001863    _pre_delay
0003c78a                _printf
0003c099                _putc
0003c130                _putchar
0003ba83                _puts
            00001860    _r
00038669                _read
0003c52e                _readmsg
00039b55                _realloc
0003cabe                _remove
00038633                _remove_device
000385da                _rename
            00005873    _retcode
000371c3                _reverb
00038b86                _set_sampling_frequency_and_gain
0003bd5a                _setvbuf
0003ca91                _strlen
            00005d83    _sysCtrlRegs
000385a7                _unlink
0003746a                _updatePos
            00005d82    _usbRegisters
            00005646    _v1
            000057bc    _v2
00038465                _write
0003bfdf                _writemsg
            00001865    _x
            00005864    _xx
ffffffff                binit
            00020120    cinit
ffffffff                edata
ffffffff                end
ffffffff                etext
ffffffff                pinit


GLOBAL SYMBOLS: SORTED BY Symbol Address 

abs. value/
byte addr   word addr   name
---------   ---------   ----
00000001                $TI_capability_requires_rev3
00000001                __TI_args_main
00000002                $TI_capability$C5500$CallingConvention
00000002                $TI_capability$C5500$MemoryModel
            00000060    __stack
00001000                __SYSSTACK_SIZE
00002000                __STACK_SIZE
00002000                __SYSMEM_SIZE
            00001060    __STACK_END
            00001060    __sysstack
            00001860    _r
            00001861    _l
            00001862    _alpha
            00001863    _pre_delay
            00001864    _decay_time
            00001865    _x
            00003ada    _C1
            00004006    _C2
            000045b7    _C3
            00004cc8    _C4
            00005489    _a1
            0000548a    _C_sum
            00005646    _v1
            00005724    _A1
            000057bc    _v2
            00005808    _A2
            0000580a    _a2
            0000580b    _a3
            0000580c    _a4
            0000580d    _pos
            00005822    _i
            00005823    _j
            00005824    _array1
            00005864    _xx
            00005866    _axx
            00005868    _bx
            0000586a    _c
            0000586c    _a
            0000586d    _b
            0000586e    _c16
            0000586f    _lambda
            00005870    _gamma
            00005871    _counter1
            00005872    _counter2
            00005873    _retcode
            00005874    _gReadBuf
            00005974    _gWordCount
            00005975    _nbuf_cached
            00005976    _gNextPhySector
            00005978    _gWriteBuf
            00005d78    _cached_phySector0
            00005d7a    _cached_phySector1
            00005d7c    _cached_phySector2
            00005d7e    _cached_phySector3
            00005d80    _ATA_No_Swap
            00005d82    _usbRegisters
            00005d83    _sysCtrlRegs
            00005d84    _gUsbContext
            00005e4c    _gCtrlTransfer
            00005e5a    _gBulkInTransfer
            00005e68    _gBulkOutTransfer
            00005e76    _gIsoInTransfer
            00005e84    _gIsoOutTransfer
            00005e92    _gIntInTransfer
            00005ea0    _gEpStatus
            00005f30    _gUsbEpHandle
            00005f40    __ftable
            00005fb8    __tmpnams
            00006058    __ft_end
            00006247    _fsError
            00006248    _ouError
            0000624a    _gI2cObj
            0000625a    _i2cHandle
            00006262    __lock
            00006264    __unlock
            00006266    __cleanup_ptr
            00006268    __dtors_ptr
            00006270    __sys_memory
            000073e4    __ctypes_
00020000                _MMC_init
00020037                _MMC_open
00020246                _MMC_close
00020285                _MMC_setCardType
000202b8                _MMC_setCardPtr
000202ea                _MMC_setCallBack
0002032a                _MMC_getNumberOfCards
00020360                _MMC_clearResponse
00020439                _MMC_ierEnable
0002047d                _MMC_ierDisable
000204ae                _MMC_intEnable
000204d6                _MMC_eventEnable
000206d2                _MMC_eventDisable
000208aa                _MMC_drrdy
000208f2                _MMC_dxrdy
00020937                _MMC_saveStatus
00020975                _MMC_getStatus
000209d6                _MMC_setupNative
00020a87                _MMC_config
00020b21                _MMC_getConfig
00020bbe                _MMC_sendCmd
00020c6f                _MMC_sendGoIdle
00020cf6                _MMC_stop
00020dcb                _MMC_deselectCard
00020e9a                _MMC_selectCard
00021429                _MMC_sendOpCond
000214cd                _MMC_setRca
000215a4                _SD_sendRca
0002169d                _MMC_sendAllCID
00021872                _SD_sendAllCID
00021a5b                _MMC_getCardCsd
00021ead                _SD_getCardCsd
00022586                _MMC_read
00022fa1                _MMC_write
00023bda                _MMC_setDmaHandle
00023c3a                _MMC_setDataTransferCallback
00023c89                _MMC_setDmaChanConfig
00023d66                _MMC_setEndianMode
00023deb                _MMC_setBlockLength
00023e83                _MMC_setWriteBlkEraseCnt
00023fb2                _SD_setBusWidth
00024120                _MMC_getCardStatus
0002421c                _SD_configurePullup
00024345                _MMC_checkReadDmaDone
00024bd6                _MSC_Open
00024bfa                _MSC_OpenFullspeed
00024f40                _MSC_Close
00024f7c                _MSC_SetLunAttr
0002516b                _MSC_Ctrl
00025362                _MSC_Bulk
0002545e                _MSC_GetLunLockedStatus
0002548c                _MSC_GetactivityFlagStatus
000254a6                _MSC_GetsuspendFlagStatus
0002594a                _MSC_HandleStateWaitForCBW
00025bee                _MSC_ExecuteRead
00025fe0                _MSC_ExecuteWrite
00026593                _MSC_HandleTestUnitReady
000267b6                _MSC_HandlePreventAllowMediaRemoval
00026959                _MSC_HandleReadCapacity
00026ba8                _MSC_reqGetDescriptor
00026de0                _MSC_reqBotMscReset
00026e4b                _MSC_sendCswWithPhaseError
00026eb1                _MSC_handleDataDirMisMatch
00026f2c                _SDIO_init
00026f6a                _SDIO_open
00027033                _SDIO_close
00027058                _SDIO_config
0002712e                _SDIO_detectCard
00027498                _SDIO_initCard
0002791c                _SDIO_resetCard
00027a04                _SDIO_getRca
00027ac9                _SDIO_deselectCard
00027b89                _SDIO_selectCard
00027c4c                _SDIO_sendCommand
00027d20                _SDIO_getResponse
00027eb1                _SDIO_clearResponse
00027f8d                _SDIO_getStatus
00027ff4                _SDIO_getSdioStatus
0002805d                _SDIO_eventEnable
00028283                _SDIO_eventDisable
00028479                _SDIO_readWaitEnable
000284b1                _SDIO_readWaitDisable
000284e6                _SDIO_readSingleByte
00028611                _SDIO_writeSingleByte
0002870e                _SDIO_readBytes
00028b51                _SDIO_writeBytes
00028f91                _SDIO_readBlocks
000293cf                _SDIO_writeBlocks
00029823                _SDIO_setEndianMode
000298a3                _SDIO_setClock
00029bb9                _USB_init
00029fdd                _USB_resetDev
0002a20c                _USB_initEndptObj
0002a5f1                _USB_getEvents
0002a667                _USB_peekEvents
0002a6d4                _USB_getSetupPacket
0002a77b                _USB_postTransaction
0002a935                _USB_isTransactionDone
0002a9ba                _USB_bytesRemaining
0002aa4e                _USB_stallEndpt
0002abc0                _USB_clearEndptStall
0002ada5                _USB_getEndptStall
0002ae26                _USB_epNumToHandle
0002af53                _USB_abortTransaction
0002b0b2                _USB_abortAllTransaction
0002b103                _USB_connectDev
0002b135                _USB_disconnectDev
0002b164                _USB_setRemoteWakeup
0002b192                _USB_getRemoteWakeupStat
0002b1a7                _USB_issueRemoteWakeup
0002b1f4                _USB_setDevAddr
0002b23c                _USB_getFrameNo
0002b258                _USB_suspendDevice
0002b29c                _USB_selfwakeup
0002b305                _USB_initPLL
0002b386                _USB_setParams
0002b3e2                _USB_getMaxPower
0002b3ff                _USB_setFullSpeedMode
0002b430                _USB_getDataCountReadFromFifo
0002b488                _USB_findFifoSize
0002b60a                _USB_coreEventProcessEp0
0002bac3                _DMA_init
0002bafa                _DMA_open
0002bbe6                _DMA_close
0002bc05                _DMA_config
0002c7d9                _DMA_getConfig
0002cd48                _DMA_start
0002ce55                _DMA_stop
0002cf56                _DMA_reset
0002d242                _DMA_swapWords
0002d2b7                _DMA_getLastTransferType
0002e6c5                __printfi
0002e907                _NAND_init
0002e99a                _NAND_setup
0002eeb4                _NAND_getBankInfo
0002ef76                _NAND_setLatchEnableOffset
0002efb1                _NAND_isStatusWriteProtected
0002f096                _NAND_sendCommand
0002f0c2                _NAND_checkCommandStatus
0002f12a                _NAND_setAddress
0002f16e                _NAND_enableHwECC
0002f296                _NAND_disableHwECC
0002f37b                _NAND_readECC
0002f52e                _NAND_readNBytes
0002f63f                _NAND_writeNBytes
0002f819                _NAND_hasRandomRead
0002f849                _NAND_hasRandomWrite
0002f879                _NAND_hasCacheProg
0002f8a9                _NAND_hasCopyBack
0002f8d9                _NAND_intrEnable
0002f938                _NAND_intrDisable
0002f997                _NAND_getIntrNum
0002f9b4                _NAND_intrReadAT
0002f9f3                _NAND_intrReadLT
0002fa34                _NAND_intrReadWR
0002fa76                _NAND_intrClear
0002fb5a                _UART_init
0002fc14                _UART_setup
000300bb                _UART_config
000301c0                _UART_setupBaudRate
000302ca                _UART_reset
0003030f                _UART_resetOff
0003035a                _UART_eventEnable
000303f2                _UART_eventDisable
00030481                _UART_read
000305aa                _UART_write
0003072c                _UART_fgetc
000307ca                _UART_fputc
0003084f                _UART_fgets
0003097f                _UART_fputs
00030a6c                _UART_getEventId
00030a93                _UART_getConfig
00030b50                _UART_setCallback
00030bb6                _DAT_open
00030c8d                _DAT_close
00030e21                _DAT_copy
0003131b                _DAT_fill
0003182b                _DAT_wait
000319eb                _AC_Open
00031c33                _AC_Close
00031c6f                _AC_Ctrl
00031e66                _AC_Iso
00031f02                _AC_GetactivityFlagStatus
00031f1c                _AC_GetsuspendFlagStatus
00031f32                _AC_initDescriptors
000321e0                _AC_reqGetDescriptor
000323b8                _AC_reqSetCurrent
00032491                _AC_reqGetCurrent
00032552                _AC_reqGetMinimum
00032596                _AC_reqGetMaximum
000325da                _AC_reqGetResolution
0003261e                _AC_reqSetInterface
00032768                _CDC_Open
0003278c                _CDC_OpenFullspeed
0003295d                _CDC_Close
00032999                _CDC_GetactivityFlagStatus
000329b0                _CDC_GetsuspendFlagStatus
000329c6                _CDC_eventHandler
00032cc2                _CDC_bulkOutHandler
00032dc1                _CDC_bulkInHandler
000330b0                _CDC_getData
0003313e                _CDC_putData
0003332f                _I2C_init
000333d8                _I2C_config
0003353d                _I2C_getConfig
00033613                _I2C_setup
0003380d                _I2C_write
00033a51                _I2C_read
00033c6f                _I2C_eventEnable
00033da3                _I2C_eventDisable
00033ec2                _I2C_setCallback
00033f4f                _I2C_getEventId
00033f6b                _MMC_initState
000340ae                _MMC_readWriteControl
0003438c                _MMC_issueReadCommand
00034546                _MMC_readNextWord
000345b5                _MMC_readNextWord1
00034627                _MMC_readNextNWords
00034695                _MMC_writeSector
0003477a                _MMC_readNSectors
00034851                _MMC_writeNSectors
00034928                _MMC_read_CID
00034994                _MMC_read_CSD
00034a00                _MMC_writeSectorFlush
00034a0b                _MMC_commandReadyStatusCheck
00034a16                _MMC_dataReadyStatusCheck
00034a21                _MMC_busyStatusCheck
00034a2c                _MMC_getSerialID
00034a3a                _MMC_file_system_format
00034a45                _MMC_reset
00034a50                _MMC_get_time
00034a54                _MMC_get_mod_time
00034a58                _MMC_get_date
00034a5c                _MMC_get_mod_date
00034a60                _MMC_flushFat
00034a91                _SAR_init
00034aee                _SAR_deInit
00034b0e                _SAR_chanInit
00034b29                _SAR_chanOpen
00034b8b                _SAR_chanClose
00034c0f                _SAR_chanConfig
00034c85                _SAR_getConfig
00034cf7                _SAR_chanSetup
00034f0b                _SAR_chanCycSet
00034f5a                _SAR_startConversion
00034f8c                _SAR_stopConversion
00034fd3                _SAR_readData
00035014                _SAR_A2DMeasParamSet
0003548e                _SAR_GPODirSet
0003556a                _SAR_getStatus
000355a9                _I2S_open
000356ec                _I2S_setup
000359d3                _I2S_close
00035a7e                _I2S_read
00035d38                _I2S_write
00035e8e                _I2S_reset
00035f39                _I2S_transEnable
0003600a                _RTC_reset
0003601a                _RTC_start
0003603e                _RTC_stop
00036046                _RTC_config
0003612f                _RTC_getConfig
000361dd                _RTC_setTime
00036257                _RTC_getTime
000362a2                _RTC_setDate
00036310                _RTC_getDate
0003634f                _RTC_setAlarm
00036420                _RTC_setPeriodicInterval
000364d4                _RTC_eventEnable
000365bf                _RTC_eventDisable
00036670                _RTC_getEventId
000366c2                _RTC_decToBcd
00036700                _RTC_bcdToDec
0003673e                _RTC_setCallback
000367cd                _RTC_setCompensation
00036819                _LCD_init
0003683e                _LCD_open
00036880                _LCD_setup
00036cda                _LCD_configDMA
0003702a                _LCD_close
0003704a                _main
000370b1                _overdrive
000371c3                _reverb
0003746a                _updatePos
00037527                _clearArrays
000375bd                _aic3204_codec_read_mod
000375f4                _aic3204_codec_write_mod
0003761f                _pedal_init
00037630                _AIC3204_init_44100Hz
00037812                _GPIO_test_init
00037824                _GPIO_open
00037868                _GPIO_close
0003788c                _GPIO_config
00037911                _GPIO_getConfig
00037999                _GPIO_read
00037a1c                _GPIO_write
00037abf                _GPIO_configBit
00037c07                _GPIO_disableInt
00037c85                _GPIO_enableInt
00037d0f                _GPIO_clearInt
00037d9b                _GPIO_statusBit
00037e22                _GPIO_reset
00037eb1                _SPI_init
00037f12                _SPI_open
00037f46                _SPI_close
00037f72                _SPI_config
000381f8                _SPI_deInit
00038224                _SPI_read
00038306                _SPI_write
000383f2                _SPI_dataTransaction
00038465                _write
000385a7                _unlink
000385da                _rename
00038633                _remove_device
00038669                _read
00038717                _open
000387d6                _lseek
0003883c                _find_registered_device
00038845                _close
000388b8                _add_device
000389a8                _aic3204_init
00038b86                _set_sampling_frequency_and_gain
00038ee8                _getenv
00038f63                _HOSTwrite
00038ff0                _HOSTunlink
0003905a                _HOSTtime
000390b8                _HOSTrename
00039166                _HOSTread
000391f3                _HOSTopen
00039292                _HOSTlseek
00039347                _HOSTclose
000393b2                _HOSTclock
00039410                _IRQ_init
00039498                _IRQ_clear
00039502                _IRQ_clearAll
00039512                _IRQ_config
00039597                _IRQ_getConfig
0003961f                _IRQ_disable
0003969d                _IRQ_disableAll
000396ab                _IRQ_enable
00039735                _IRQ_restore
000397a5                _IRQ_getArg
000397e9                _IRQ_setArg
0003981a                _IRQ_map
00039846                _IRQ_setVecs
00039877                _IRQ_test
000398e9                _IRQ_globalDisable
00039902                _IRQ_globalEnable
0003991b                _IRQ_globalRestore
0003992f                _free
000399fb                _minit
00039a60                _malloc
00039b55                _realloc
00039d06                _max_free
00039d60                _free_memory
00039db6                _chkheap
00039dbe                _calloc
00039de4                __divd
0003a1b0                _MEM_init
0003a1b4                _MEM_enableRetentionMode
0003a1f7                _MEM_disableRetentionMode
0003a23a                _MEM_enablePartialRetentionMode
0003a382                _MEM_disablePartialRetentionMode
0003a4a4                _MEM_setmSDRAMClock
0003a4dd                _MEM_getmSDRAMClock
0003a4ee                _GPT_open
0003a5b1                _GPT_reset
0003a62b                _GPT_close
0003a6a0                _GPT_start
0003a6cd                _GPT_stop
0003a6f7                _GPT_getCnt
0003a732                _GPT_config
0003a803                _PLL_init
0003a83b                _PLL_config
0003a95f                _PLL_enable
0003a9c6                _PLL_bypass
0003aa15                _PLL_reset
0003aba2                __cleanup
0003abfc                _freopen
0003acc5                _fopen
0003ad00                __remull
0003ad4e                __remlli
0003ad7d                __mpylli
0003ae35                __divull
0003af29                __divlli
0003af5e                _WDTIM_open
0003afd4                _WDTIM_start
0003b01c                _WDTIM_stop
0003b061                _WDTIM_getCnt
0003b08f                _WDTIM_close
0003b0d3                _WDTIM_service
0003b106                _WDTIM_config
0003b170                _WDTIM_getConfig
0003b1ba                __addd
0003b414                __neqd
0003b448                __lssd
0003b490                __leqd
0003b4dd                __gtrd
0003b528                __geqd
0003b572                __eqld
0003b5a6                __cmpd
0003b5fe                _ezdsp5535_I2C_init
0003b61d                _ezdsp5535_I2C_close
0003b626                _ezdsp5535_I2C_reset
0003b634                _ezdsp5535_I2C_write
0003b6bd                _ezdsp5535_I2C_write_SR
0003b740                _ezdsp5535_I2C_read
0003b7c7                _AIC3204_rget
0003b812                _AIC3204_rset
0003b834                _aic3204_hardware_init
0003b864                _aic3204_disable
0003b880                _aic3204_codec_read
0003b8c6                _aic3204_codec_read_MONO
0003b912                _aic3204_codec_write
0003b94e                _fputs
0003ba83                _puts
0003bab1                _ezdsp5535_GPIO_init
0003bab5                _ezdsp5535_GPIO_setDirection
0003bb32                _ezdsp5535_GPIO_setOutput
0003bbaf                _ezdsp5535_GPIO_getInput
0003bc0e                __mpyd
0003bd5a                _setvbuf
0003be40                __wrt_ok
0003bec0                __rd_ok
0003bf1d                __doflush
0003bf86                _fflush
0003bfdf                _writemsg
0003c094                C$$IO$$
0003c099                _fputc
0003c099                _putc
0003c130                _putchar
0003c13f                __divul
0003c1e0                _IRQ_plug
0003c26c                _ltoa
0003c2e9                _fclose
0003c364                __frcmpyd
0003c3da                __frcmpyd_div
0003c44d                __remul
0003c4bf                __fixdli
0003c52e                _readmsg
0003c608                _fseek
0003c673                __fltlid
0003c6da                _atoi
0003c736                _ezdsp5535_wait
0003c76a                _ezdsp5535_waitusec
0003c77c                _ezdsp5535_init
0003c78a                _printf
0003c7da                _auto_init
0003c827                __args_main
0003c872                __remli
0003c8bd                __divli
0003c905                _memcpy
0003c944                _exit
0003c982                _c_int00
0003c9b6                __fixdi
0003c9e0                I$$UDIV
0003c9e0                __divu
0003c9f5                I$$UMOD
0003c9f5                __remu
0003ca0a                _memccpy
0003ca2d                ___isinf
0003ca47                __subd
0003ca5b                I$$LMPY
0003ca5b                __mpyli
0003ca6e                __register_unlock
0003ca76                __register_lock
0003ca7e                __nop
0003ca80                _memset
0003ca91                _strlen
0003caa2                __negd
0003cab2                __fltid
0003cabe                _remove
0003cac8                _abort
0003cac9                C$$EXIT
            00020000    __CIOBUF_
            00020120    ___cinit__
            00020120    cinit
0004fe00                _Reset
0004ff00                RST
0004ff00                _VECSTART
ffffffff                .bss
ffffffff                .data
ffffffff                .text
ffffffff                ___binit__
ffffffff                ___bss__
ffffffff                ___c_args__
ffffffff                ___data__
ffffffff                ___edata__
ffffffff                ___end__
ffffffff                ___etext__
ffffffff                ___pinit__
ffffffff                ___text__
ffffffff                binit
ffffffff                edata
ffffffff                end
ffffffff                etext
ffffffff                pinit

[576 symbols]
